###############################################################################
#
# IAR ELF Linker V8.40.2.214/W32 for ARM                  19/Sep/2021  23:57:19
# Copyright 2007-2019 IAR Systems AB.
#
#    Output file  =
#        D:\Radio\Jobe\Main mini\soft\EWARM\Main mini\Exe\Main mini.out
#    Map file     =
#        D:\Radio\Jobe\Main mini\soft\EWARM\Main mini\List\Main mini.map
#    Command line =
#        -f C:\Users\IERIXO~1\AppData\Local\Temp\EW46A1.tmp
#        ("D:\Radio\Jobe\Main mini\soft\EWARM\Main mini\Obj\altcp.o"
#        "D:\Radio\Jobe\Main mini\soft\EWARM\Main mini\Obj\altcp_alloc.o"
#        "D:\Radio\Jobe\Main mini\soft\EWARM\Main mini\Obj\altcp_tcp.o"
#        "D:\Radio\Jobe\Main mini\soft\EWARM\Main mini\Obj\api_lib.o"
#        "D:\Radio\Jobe\Main mini\soft\EWARM\Main mini\Obj\api_msg.o"
#        "D:\Radio\Jobe\Main mini\soft\EWARM\Main mini\Obj\auth.o"
#        "D:\Radio\Jobe\Main mini\soft\EWARM\Main mini\Obj\autoip.o"
#        "D:\Radio\Jobe\Main mini\soft\EWARM\Main mini\Obj\bridgeif.o"
#        "D:\Radio\Jobe\Main mini\soft\EWARM\Main mini\Obj\bridgeif_fdb.o"
#        "D:\Radio\Jobe\Main mini\soft\EWARM\Main mini\Obj\ccp.o"
#        "D:\Radio\Jobe\Main mini\soft\EWARM\Main mini\Obj\chap-md5.o"
#        "D:\Radio\Jobe\Main mini\soft\EWARM\Main mini\Obj\chap-new.o"
#        "D:\Radio\Jobe\Main mini\soft\EWARM\Main mini\Obj\chap_ms.o"
#        "D:\Radio\Jobe\Main mini\soft\EWARM\Main mini\Obj\cmsis_os.o"
#        "D:\Radio\Jobe\Main mini\soft\EWARM\Main mini\Obj\croutine.o"
#        "D:\Radio\Jobe\Main mini\soft\EWARM\Main mini\Obj\def.o"
#        "D:\Radio\Jobe\Main mini\soft\EWARM\Main mini\Obj\demand.o"
#        "D:\Radio\Jobe\Main mini\soft\EWARM\Main mini\Obj\dhcp.o"
#        "D:\Radio\Jobe\Main mini\soft\EWARM\Main mini\Obj\dhcp6.o"
#        "D:\Radio\Jobe\Main mini\soft\EWARM\Main mini\Obj\dns.o"
#        "D:\Radio\Jobe\Main mini\soft\EWARM\Main mini\Obj\eap.o"
#        "D:\Radio\Jobe\Main mini\soft\EWARM\Main mini\Obj\ecp.o"
#        "D:\Radio\Jobe\Main mini\soft\EWARM\Main mini\Obj\err.o"
#        "D:\Radio\Jobe\Main mini\soft\EWARM\Main mini\Obj\etharp.o"
#        "D:\Radio\Jobe\Main mini\soft\EWARM\Main mini\Obj\ethernet.o"
#        "D:\Radio\Jobe\Main mini\soft\EWARM\Main mini\Obj\ethernetif.o"
#        "D:\Radio\Jobe\Main mini\soft\EWARM\Main mini\Obj\ethip6.o"
#        "D:\Radio\Jobe\Main mini\soft\EWARM\Main mini\Obj\eui64.o"
#        "D:\Radio\Jobe\Main mini\soft\EWARM\Main mini\Obj\event_groups.o"
#        "D:\Radio\Jobe\Main mini\soft\EWARM\Main mini\Obj\freertos.o"
#        "D:\Radio\Jobe\Main mini\soft\EWARM\Main mini\Obj\fsm.o"
#        "D:\Radio\Jobe\Main mini\soft\EWARM\Main mini\Obj\gpio.o"
#        "D:\Radio\Jobe\Main mini\soft\EWARM\Main mini\Obj\heap_4.o"
#        "D:\Radio\Jobe\Main mini\soft\EWARM\Main mini\Obj\icmp.o"
#        "D:\Radio\Jobe\Main mini\soft\EWARM\Main mini\Obj\icmp6.o"
#        "D:\Radio\Jobe\Main mini\soft\EWARM\Main mini\Obj\if_api.o"
#        "D:\Radio\Jobe\Main mini\soft\EWARM\Main mini\Obj\igmp.o"
#        "D:\Radio\Jobe\Main mini\soft\EWARM\Main mini\Obj\inet6.o"
#        "D:\Radio\Jobe\Main mini\soft\EWARM\Main mini\Obj\inet_chksum.o"
#        "D:\Radio\Jobe\Main mini\soft\EWARM\Main mini\Obj\init.o"
#        "D:\Radio\Jobe\Main mini\soft\EWARM\Main mini\Obj\ip.o"
#        "D:\Radio\Jobe\Main mini\soft\EWARM\Main mini\Obj\ip4.o"
#        "D:\Radio\Jobe\Main mini\soft\EWARM\Main mini\Obj\ip4_addr.o"
#        "D:\Radio\Jobe\Main mini\soft\EWARM\Main mini\Obj\ip4_frag.o"
#        "D:\Radio\Jobe\Main mini\soft\EWARM\Main mini\Obj\ip6.o"
#        "D:\Radio\Jobe\Main mini\soft\EWARM\Main mini\Obj\ip6_addr.o"
#        "D:\Radio\Jobe\Main mini\soft\EWARM\Main mini\Obj\ip6_frag.o"
#        "D:\Radio\Jobe\Main mini\soft\EWARM\Main mini\Obj\ipcp.o"
#        "D:\Radio\Jobe\Main mini\soft\EWARM\Main mini\Obj\ipv6cp.o"
#        "D:\Radio\Jobe\Main mini\soft\EWARM\Main mini\Obj\lcp.o"
#        "D:\Radio\Jobe\Main mini\soft\EWARM\Main mini\Obj\list.o"
#        "D:\Radio\Jobe\Main mini\soft\EWARM\Main mini\Obj\lowpan6.o"
#        "D:\Radio\Jobe\Main mini\soft\EWARM\Main mini\Obj\lowpan6_ble.o"
#        "D:\Radio\Jobe\Main mini\soft\EWARM\Main mini\Obj\lowpan6_common.o"
#        "D:\Radio\Jobe\Main mini\soft\EWARM\Main mini\Obj\lwip.o"
#        "D:\Radio\Jobe\Main mini\soft\EWARM\Main mini\Obj\magic.o"
#        "D:\Radio\Jobe\Main mini\soft\EWARM\Main mini\Obj\main.o"
#        "D:\Radio\Jobe\Main mini\soft\EWARM\Main mini\Obj\mem.o"
#        "D:\Radio\Jobe\Main mini\soft\EWARM\Main mini\Obj\memp.o"
#        "D:\Radio\Jobe\Main mini\soft\EWARM\Main mini\Obj\mld6.o"
#        "D:\Radio\Jobe\Main mini\soft\EWARM\Main mini\Obj\mppe.o"
#        "D:\Radio\Jobe\Main mini\soft\EWARM\Main mini\Obj\mqtt.o"
#        "D:\Radio\Jobe\Main mini\soft\EWARM\Main mini\Obj\multilink.o"
#        "D:\Radio\Jobe\Main mini\soft\EWARM\Main mini\Obj\nd6.o"
#        "D:\Radio\Jobe\Main mini\soft\EWARM\Main mini\Obj\netbuf.o"
#        "D:\Radio\Jobe\Main mini\soft\EWARM\Main mini\Obj\netdb.o"
#        "D:\Radio\Jobe\Main mini\soft\EWARM\Main mini\Obj\netif.o"
#        "D:\Radio\Jobe\Main mini\soft\EWARM\Main mini\Obj\netifapi.o"
#        "D:\Radio\Jobe\Main mini\soft\EWARM\Main mini\Obj\pbuf.o"
#        "D:\Radio\Jobe\Main mini\soft\EWARM\Main mini\Obj\port.o"
#        "D:\Radio\Jobe\Main mini\soft\EWARM\Main mini\Obj\portasm.o"
#        "D:\Radio\Jobe\Main mini\soft\EWARM\Main mini\Obj\ppp.o"
#        "D:\Radio\Jobe\Main mini\soft\EWARM\Main mini\Obj\pppapi.o"
#        "D:\Radio\Jobe\Main mini\soft\EWARM\Main mini\Obj\pppcrypt.o"
#        "D:\Radio\Jobe\Main mini\soft\EWARM\Main mini\Obj\pppoe.o"
#        "D:\Radio\Jobe\Main mini\soft\EWARM\Main mini\Obj\pppol2tp.o"
#        "D:\Radio\Jobe\Main mini\soft\EWARM\Main mini\Obj\pppos.o"
#        "D:\Radio\Jobe\Main mini\soft\EWARM\Main mini\Obj\queue.o"
#        "D:\Radio\Jobe\Main mini\soft\EWARM\Main mini\Obj\raw.o"
#        "D:\Radio\Jobe\Main mini\soft\EWARM\Main mini\Obj\slipif.o"
#        "D:\Radio\Jobe\Main mini\soft\EWARM\Main mini\Obj\sockets.o"
#        "D:\Radio\Jobe\Main mini\soft\EWARM\Main mini\Obj\spi.o"
#        "D:\Radio\Jobe\Main mini\soft\EWARM\Main
#        mini\Obj\startup_stm32f437xx.o" "D:\Radio\Jobe\Main
#        mini\soft\EWARM\Main mini\Obj\stats.o" "D:\Radio\Jobe\Main
#        mini\soft\EWARM\Main mini\Obj\stm32f4xx_hal.o" "D:\Radio\Jobe\Main
#        mini\soft\EWARM\Main mini\Obj\stm32f4xx_hal_cortex.o"
#        "D:\Radio\Jobe\Main mini\soft\EWARM\Main mini\Obj\stm32f4xx_hal_dma.o"
#        "D:\Radio\Jobe\Main mini\soft\EWARM\Main
#        mini\Obj\stm32f4xx_hal_dma_ex.o" "D:\Radio\Jobe\Main
#        mini\soft\EWARM\Main mini\Obj\stm32f4xx_hal_eth.o" "D:\Radio\Jobe\Main
#        mini\soft\EWARM\Main mini\Obj\stm32f4xx_hal_exti.o"
#        "D:\Radio\Jobe\Main mini\soft\EWARM\Main
#        mini\Obj\stm32f4xx_hal_flash.o" "D:\Radio\Jobe\Main
#        mini\soft\EWARM\Main mini\Obj\stm32f4xx_hal_flash_ex.o"
#        "D:\Radio\Jobe\Main mini\soft\EWARM\Main
#        mini\Obj\stm32f4xx_hal_flash_ramfunc.o" "D:\Radio\Jobe\Main
#        mini\soft\EWARM\Main mini\Obj\stm32f4xx_hal_gpio.o"
#        "D:\Radio\Jobe\Main mini\soft\EWARM\Main mini\Obj\stm32f4xx_hal_msp.o"
#        "D:\Radio\Jobe\Main mini\soft\EWARM\Main mini\Obj\stm32f4xx_hal_pwr.o"
#        "D:\Radio\Jobe\Main mini\soft\EWARM\Main
#        mini\Obj\stm32f4xx_hal_pwr_ex.o" "D:\Radio\Jobe\Main
#        mini\soft\EWARM\Main mini\Obj\stm32f4xx_hal_rcc.o" "D:\Radio\Jobe\Main
#        mini\soft\EWARM\Main mini\Obj\stm32f4xx_hal_rcc_ex.o"
#        "D:\Radio\Jobe\Main mini\soft\EWARM\Main mini\Obj\stm32f4xx_hal_spi.o"
#        "D:\Radio\Jobe\Main mini\soft\EWARM\Main mini\Obj\stm32f4xx_hal_tim.o"
#        "D:\Radio\Jobe\Main mini\soft\EWARM\Main
#        mini\Obj\stm32f4xx_hal_tim_ex.o" "D:\Radio\Jobe\Main
#        mini\soft\EWARM\Main mini\Obj\stm32f4xx_hal_timebase_tim.o"
#        "D:\Radio\Jobe\Main mini\soft\EWARM\Main
#        mini\Obj\stm32f4xx_hal_uart.o" "D:\Radio\Jobe\Main
#        mini\soft\EWARM\Main mini\Obj\stm32f4xx_it.o" "D:\Radio\Jobe\Main
#        mini\soft\EWARM\Main mini\Obj\stream_buffer.o" "D:\Radio\Jobe\Main
#        mini\soft\EWARM\Main mini\Obj\sys.o" "D:\Radio\Jobe\Main
#        mini\soft\EWARM\Main mini\Obj\sys_arch.o" "D:\Radio\Jobe\Main
#        mini\soft\EWARM\Main mini\Obj\system_stm32f4xx.o" "D:\Radio\Jobe\Main
#        mini\soft\EWARM\Main mini\Obj\tasks.o" "D:\Radio\Jobe\Main
#        mini\soft\EWARM\Main mini\Obj\tcp.o" "D:\Radio\Jobe\Main
#        mini\soft\EWARM\Main mini\Obj\tcp_in.o" "D:\Radio\Jobe\Main
#        mini\soft\EWARM\Main mini\Obj\tcp_out.o" "D:\Radio\Jobe\Main
#        mini\soft\EWARM\Main mini\Obj\tcpip.o" "D:\Radio\Jobe\Main
#        mini\soft\EWARM\Main mini\Obj\timeouts.o" "D:\Radio\Jobe\Main
#        mini\soft\EWARM\Main mini\Obj\timers.o" "D:\Radio\Jobe\Main
#        mini\soft\EWARM\Main mini\Obj\udp.o" "D:\Radio\Jobe\Main
#        mini\soft\EWARM\Main mini\Obj\upap.o" "D:\Radio\Jobe\Main
#        mini\soft\EWARM\Main mini\Obj\usart.o" "D:\Radio\Jobe\Main
#        mini\soft\EWARM\Main mini\Obj\utils.o" "D:\Radio\Jobe\Main
#        mini\soft\EWARM\Main mini\Obj\vj.o" "D:\Radio\Jobe\Main
#        mini\soft\EWARM\Main mini\Obj\zepif.o" --redirect _Printf=_PrintfFull
#        --redirect _Scanf=_ScanfFull --no_out_extension -o "D:\Radio\Jobe\Main
#        mini\soft\EWARM\Main mini\Exe\Main mini.out" --map "D:\Radio\Jobe\Main
#        mini\soft\EWARM\Main mini\List\Main mini.map" --config
#        "D:\Radio\Jobe\Main mini\soft\EWARM/stm32f437xx_flash.icf"
#        --semihosting --entry __iar_program_start --vfe --text_out locale)
#
###############################################################################

*******************************************************************************
*** RUNTIME MODEL ATTRIBUTES
***

CppFlavor       = *
__Heap_Handler  = Basic
__SystemLibrary = DLib
__dlib_version  = 6


*******************************************************************************
*** HEAP SELECTION
***

The basic heap was selected because no calls to memory allocation
functions were found in the application outside of system library
functions, and there are calls to deallocation functions in the
application.


*******************************************************************************
*** PLACEMENT SUMMARY
***

"A0":  place at address 0x800'0000 { ro section .intvec };
"P1":  place in [from 0x800'0000 to 0x81f'ffff] { ro };
define block CSTACK with size = 16K, alignment = 8 { };
define block HEAP with size = 8K, alignment = 8 { };
"P2":  place in [from 0x2000'0000 to 0x2002'ffff] {
          rw, block CSTACK, block HEAP };
initialize by copy { rw };

  Section            Kind         Address      Size  Object
  -------            ----         -------      ----  ------
"A0":                                         0x1ac
  .intvec            ro code   0x800'0000     0x1ac  startup_stm32f437xx.o [1]
                             - 0x800'01ac     0x1ac

"P1":                                      0x1'2677
  .text              ro code   0x800'01ac    0x1490  tcp_out.o [1]
  .text              ro code   0x800'163c     0x350  netif.o [1]
  .text              ro code   0x800'198c     0x30c  ip4.o [1]
  .text              ro code   0x800'1c98      0x28  printf.o [2]
  .text              ro code   0x800'1cc0     0x16c  memp.o [1]
  .text              ro code   0x800'1e2c     0x868  pbuf.o [1]
  .text              ro code   0x800'2694    0x1438  tcp.o [1]
  .text              ro code   0x800'3acc      0x26  def.o [1]
  .text              ro code   0x800'3af2      0x3a  zero_init3.o [4]
  .text              ro code   0x800'3b2c      0x18  ABImemcpy_small.o [4]
  .text              ro code   0x800'3b44     0x6c0  udp.o [1]
  .text              ro code   0x800'4204     0x7bc  etharp.o [1]
  .text              ro code   0x800'49c0     0x16c  ip4_addr.o [1]
  .text              ro code   0x800'4b2c     0x860  ip4_frag.o [1]
  .text              ro code   0x800'538c    0x13d4  tcp_in.o [1]
  .text              ro code   0x800'6760     0x1b0  icmp.o [1]
  .text              ro code   0x800'6910    0x10c6  xprintffull.o [2]
  .text              ro code   0x800'79d6      0x1e  xencoding_8859_1.o [2]
  .text              ro code   0x800'79f4     0x1f4  sys_arch.o [1]
  .text              ro code   0x800'7be8     0x254  tcpip.o [1]
  .text              ro code   0x800'7e3c     0x544  mem.o [1]
  .text              ro code   0x800'8380      0xa4  rand.o [2]
  .text              ro code   0x800'8424     0x198  timeouts.o [1]
  .text              ro code   0x800'85bc       0x6  ABImemclr4.o [4]
  .text              ro code   0x800'85c2       0xa  xsprout.o [2]
  .text              ro code   0x800'85cc       0x6  ABImemclr.o [4]
  .rodata            const     0x800'85d2       0x2  xlocale_c.o [2]
  .text              ro code   0x800'85d4    0x10e4  dhcp.o [1]
  .text              ro code   0x800'96b8     0x110  ethernet.o [1]
  .text              ro code   0x800'97c8      0x14  islower.o [2]
  .text              ro code   0x800'97dc      0x14  isspace.o [2]
  .text              ro code   0x800'97f0      0xa0  xlocale_c.o [2]
  .text              ro code   0x800'9890      0x16  strchr.o [4]
  .rodata            const     0x800'98a6       0x2  xlocale_c.o [2]
  .text              ro code   0x800'98a8      0x40  xfail_s.o [2]
  .text              ro code   0x800'98e8      0x14  strlen_small.o [4]
  .text              ro code   0x800'98fc      0x58  memchr.o [4]
  .text              ro code   0x800'9954      0x70  frexp.o [3]
  .text              ro code   0x800'99c4      0x2e  DblCmpLe.o [3]
  .rodata            const     0x800'99f2       0x1  xlocale_c.o [2]
  .text              ro code   0x800'99f4      0x2e  DblCmpGe.o [3]
  .text              ro code   0x800'9a24     0x13a  ldexp.o [3]
  .text              ro code   0x800'9b60      0x3a  DblToS32.o [3]
  .text              ro code   0x800'9b9c      0x22  S32ToDbl.o [3]
  .text              ro code   0x800'9bc0      0xe2  DblSub.o [3]
  .text              ro code   0x800'9ca4     0x246  DblDiv.o [3]
  .text              ro code   0x800'9eec      0x28  DblToU32.o [3]
  .text              ro code   0x800'9f14      0x1a  U32ToDbl.o [3]
  .text              ro code   0x800'9f30     0x1a2  DblMul.o [3]
  .text              ro code   0x800'a0d2       0xa  xmbcurmax.o [2]
  .text              ro code   0x800'a0dc     0x106  I64DivMod_small.o [4]
  .text              ro code   0x800'a1e4     0x32a  cmsis_os.o [1]
  .text              ro code   0x800'a50e      0x26  init.o [1]
  .text              ro code   0x800'a534     0x418  ethernetif.o [1]
  .text              ro code   0x800'a94c      0x32  ABImemset48.o [4]
  .text              ro code   0x800'a980      0x12  ABImemset_small.o [4]
  .text              ro code   0x800'a994      0x1e  memcmp_small.o [4]
  .text              ro code   0x800'a9b2       0x6  abort.o [2]
  .text              ro code   0x800'a9b8     0x16a  DblAdd.o [3]
  .text              ro code   0x800'ab24       0x2  I64DivZer.o [4]
  .text              ro code   0x800'ab28     0x86c  tasks.o [1]
  .text              ro code   0x800'b394     0x824  queue.o [1]
  .text              ro code   0x800'bbb8     0x200  stm32f4xx_hal_gpio.o [1]
  .text              ro code   0x800'bdb8      0x98  stm32f4xx_hal_cortex.o [1]
  .text              ro code   0x800'be50     0x780  stm32f4xx_hal_eth.o [1]
  .text              ro code   0x800'c5d0       0xc  stm32f4xx_hal.o [1]
  .text              ro code   0x800'c5dc      0x14  exit.o [5]
  .text              ro code   0x800'c5f0     0x1b0  heap_4.o [1]
  .text              ro code   0x800'c7a0      0x92  list.o [1]
  .text              ro code   0x800'c834     0x1f4  port.o [1]
  .text              ro code   0x800'ca28     0x2dc  freertos.o [1]
  .text              ro code   0x800'cd04     0x1e8  stm32f4xx_hal_rcc.o [1]
  .text              ro code   0x800'ceec      0x28  stm32f4xx_hal.o [1]
  .text              ro code   0x800'cf14       0x2  stm32f4xx_hal_eth.o [1]
  .text              ro code   0x800'cf16       0x2  stm32f4xx_hal_eth.o [1]
  .text              ro code   0x800'cf18      0x7c  iarttio.o [5]
  CODE               ro code   0x800'cf94      0xb0  portasm.o [1]
  .text              ro code   0x800'd044      0x64  lwip.o [1]
  .text              ro code   0x800'd0a8     0x774  api_lib.o [1]
  .text              ro code   0x800'd81c      0x40  sprintf.o [2]
  .text              ro code   0x800'd85c     0x118  netbuf.o [1]
  .text              ro code   0x800'd974      0x7c  stm32f4xx_hal_timebase_tim.o [1]
  .text              ro code   0x800'd9f0      0x3c  XShttio.o [2]
  .text              ro code   0x800'da2c    0x1290  api_msg.o [1]
  .text              ro code   0x800'ecbc     0x26a  stm32f4xx_hal_tim.o [1]
  .text              ro code   0x800'ef26       0x2  stm32f4xx_hal_tim.o [1]
  .text              ro code   0x800'ef28       0x2  stm32f4xx_hal_tim.o [1]
  .text              ro code   0x800'ef2c      0xda  main.o [1]
  .text              ro code   0x800'f006       0x2  stm32f4xx_hal_tim_ex.o [1]
  .text              ro code   0x800'f008       0x2  stm32f4xx_hal_tim.o [1]
  .text              ro code   0x800'f00a       0x2  stm32f4xx_hal_tim_ex.o [1]
  .text              ro code   0x800'f00c       0x2  stm32f4xx_hal_tim.o [1]
  .text              ro code   0x800'f010      0x34  stm32f4xx_hal.o [1]
  .text              ro code   0x800'f044      0xca  gpio.o [1]
  .text              ro code   0x800'f110      0xe8  spi.o [1]
  .text              ro code   0x800'f1f8     0x104  usart.o [1]
  .text              ro code   0x800'f2fc      0x14  memset.o [4]
  .text              ro code   0x800'f310     0x310  stm32f4xx_hal_rcc.o [1]
  .text              ro code   0x800'f620      0x78  stm32f4xx_hal_pwr_ex.o [1]
  .text              ro code   0x800'f698      0x10  stm32f4xx_hal.o [1]
  .text              ro code   0x800'f6a8      0x40  stm32f4xx_hal_msp.o [1]
  .text              ro code   0x800'f6e8      0x82  stm32f4xx_hal_spi.o [1]
  .text              ro code   0x800'f76c     0x15c  stm32f4xx_hal_uart.o [1]
  .rodata            const     0x800'f8c8     0x52c  tcp_out.o [1]
  .rodata            const     0x800'fdf4     0x4a4  tcp.o [1]
  .rodata            const     0x801'0298     0x2d0  api_msg.o [1]
  .rodata            const     0x801'0568     0x28c  tcp_in.o [1]
  .rodata            const     0x801'07f4     0x280  pbuf.o [1]
  .rodata            const     0x801'0a74     0x240  dhcp.o [1]
  .rodata            const     0x801'0cb4     0x200  etharp.o [1]
  .rodata            const     0x801'0eb4     0x1a4  mem.o [1]
  .rodata            const     0x801'1058     0x178  api_lib.o [1]
  .rodata            const     0x801'11d0     0x15c  udp.o [1]
  .rodata            const     0x801'132c     0x158  netif.o [1]
  .text              ro code   0x801'1484     0x138  heap0.o [2]
  .text              ro code   0x801'15bc      0x2c  xgetmemchunk.o [2]
  .rodata            const     0x801'15e8     0x110  icmp.o [1]
  .rodata            const     0x801'16f8      0xfc  ip4_frag.o [1]
  .rodata            const     0x801'17f4      0xf0  timeouts.o [1]
  .text              ro code   0x801'18e4      0xd8  xfspos.o [2]
  .text              ro code   0x801'19bc      0xac  fflush.o [2]
  .text              ro code   0x801'1a68       0xc  xfgpos.o [2]
  .text              ro code   0x801'1a74      0x4a  lseek.o [5]
  .text              ro code   0x801'1abe      0x10  write.o [5]
  .text              ro code   0x801'1ad0      0xcc  XShHandles.o [2]
  .text              ro code   0x801'1b9c      0x1e  dwrite.o [5]
  .text              ro code   0x801'1bba      0x20  iarwstd.o [5]
  .text              ro code   0x801'1bda      0x22  iarwrite.o [5]
  .rodata            const     0x801'1bfc      0xcc  memp.o [1]
  .rodata            const     0x801'1cc8      0xbc  tcpip.o [1]
  .text              ro code   0x801'1d84      0xb4  xfwprep.o [2]
  .text              ro code   0x801'1e38      0x24  fseek.o [2]
  .rodata            const     0x801'1e5c      0xac  ethernet.o [1]
  .rodata            const     0x801'1f08      0xa8  ip4.o [1]
  .text              ro code   0x801'1fb0      0x9c  xfofind.o [2]
  .text              ro code   0x801'204c       0x4  heaptramp0.o [2]
  .rodata            const     0x801'2050      0x98  netbuf.o [1]
  .text              ro code   0x801'20e8      0x7e  fclose.o [2]
  .text              ro code   0x801'2166      0x18  close.o [5]
  .text              ro code   0x801'217e      0x14  remove.o [5]
  .rodata            const     0x801'2194      0x7c  ip4_addr.o [1]
  .text              ro code   0x801'2210      0x78  lz77_init_single.o [4]
  .rodata            const     0x801'2288      0x64  freertos.o [1]
  .rodata            const     0x801'22ec      0x58  ethernetif.o [1]
  .text              ro code   0x801'2344      0x54  fputc.o [2]
  .text              ro code   0x801'2398      0x3c  xcloseall.o [2]
  .text              ro code   0x801'23d4      0x2c  system_stm32f4xx.o [1]
  .rodata            const     0x801'2400      0x28  timeouts.o [1]
  .text              ro code   0x801'2428      0x28  data_init.o [4]
  .text              ro code   0x801'2450      0x22  fpinit_M.o [3]
  .iar.init_table    const     0x801'2474      0x20  - Linker created -
  .text              ro code   0x801'2494      0x20  stm32f4xx_it.o [1]
  .text              ro code   0x801'24b4      0x1e  cmain.o [4]
  .text              ro code   0x801'24d2       0x4  low_level_init.o [2]
  .text              ro code   0x801'24d6       0x4  exit.o [2]
  .text              ro code   0x801'24dc       0xe  cexit.o [4]
  .text              ro code   0x801'24ea      0x16  xprout.o [2]
  .text              ro code   0x801'2500       0xc  putchar.o [2]
  .text              ro code   0x801'250c      0x10  startup_stm32f437xx.o [1]
  .rodata            const     0x801'251c       0xc  freertos.o [1]
  .rodata            const     0x801'2528       0xc  freertos.o [1]
  .rodata            const     0x801'2534       0xc  freertos.o [1]
  .rodata            const     0x801'2540       0xc  freertos.o [1]
  .rodata            const     0x801'254c       0xc  memp.o [1]
  .rodata            const     0x801'2558       0xc  memp.o [1]
  .rodata            const     0x801'2564       0xc  memp.o [1]
  .rodata            const     0x801'2570       0xc  memp.o [1]
  .rodata            const     0x801'257c       0xc  memp.o [1]
  .rodata            const     0x801'2588       0xc  memp.o [1]
  .rodata            const     0x801'2594       0xc  memp.o [1]
  .rodata            const     0x801'25a0       0xc  memp.o [1]
  .rodata            const     0x801'25ac       0xc  memp.o [1]
  .rodata            const     0x801'25b8       0xc  memp.o [1]
  .rodata            const     0x801'25c4       0xc  memp.o [1]
  .rodata            const     0x801'25d0       0xc  memp.o [1]
  .rodata            const     0x801'25dc       0xc  memp.o [1]
  .text              ro code   0x801'25e8       0xc  cstartup_M.o [4]
  .rodata            const     0x801'25f4       0x8  ethernet.o [1]
  .rodata            const     0x801'25fc       0x8  ethernetif.o [1]
  .rodata            const     0x801'2604       0x8  system_stm32f4xx.o [1]
  .rodata            const     0x801'260c       0x4  ip4_addr.o [1]
  .rodata            const     0x801'2610       0x4  ip4_addr.o [1]
  .text              ro code   0x801'2614       0x4  startup_stm32f437xx.o [1]
  .text              ro code   0x801'2618       0x4  startup_stm32f437xx.o [1]
  .text              ro code   0x801'261c       0x4  startup_stm32f437xx.o [1]
  .text              ro code   0x801'2620       0x4  startup_stm32f437xx.o [1]
  .text              ro code   0x801'2624       0x4  startup_stm32f437xx.o [1]
  .text              ro code   0x801'2628       0x4  startup_stm32f437xx.o [1]
  .text              ro code   0x801'262c       0x4  startup_stm32f437xx.o [1]
  .text              ro code   0x801'2630       0x4  startup_stm32f437xx.o [1]
  .text              ro code   0x801'2634       0x4  startup_stm32f437xx.o [1]
  .text              ro code   0x801'2638       0x4  startup_stm32f437xx.o [1]
  .text              ro code   0x801'263c       0x4  startup_stm32f437xx.o [1]
  .text              ro code   0x801'2640       0x4  startup_stm32f437xx.o [1]
  .text              ro code   0x801'2644       0x4  startup_stm32f437xx.o [1]
  .text              ro code   0x801'2648       0x4  startup_stm32f437xx.o [1]
  .text              ro code   0x801'264c       0x4  startup_stm32f437xx.o [1]
  .text              ro code   0x801'2650       0x4  startup_stm32f437xx.o [1]
  .text              ro code   0x801'2654       0x4  startup_stm32f437xx.o [1]
  .text              ro code   0x801'2658       0x4  startup_stm32f437xx.o [1]
  .text              ro code   0x801'265c       0x4  startup_stm32f437xx.o [1]
  .text              ro code   0x801'2660       0x4  startup_stm32f437xx.o [1]
  .text              ro code   0x801'2664       0x4  startup_stm32f437xx.o [1]
  .text              ro code   0x801'2668       0x4  startup_stm32f437xx.o [1]
  .text              ro code   0x801'266c       0x4  startup_stm32f437xx.o [1]
  .text              ro code   0x801'2670       0x4  startup_stm32f437xx.o [1]
  .text              ro code   0x801'2674       0x4  startup_stm32f437xx.o [1]
  .text              ro code   0x801'2678       0x4  startup_stm32f437xx.o [1]
  .text              ro code   0x801'267c       0x4  startup_stm32f437xx.o [1]
  .text              ro code   0x801'2680       0x4  startup_stm32f437xx.o [1]
  .text              ro code   0x801'2684       0x4  startup_stm32f437xx.o [1]
  .text              ro code   0x801'2688       0x4  startup_stm32f437xx.o [1]
  .text              ro code   0x801'268c       0x4  startup_stm32f437xx.o [1]
  .text              ro code   0x801'2690       0x4  startup_stm32f437xx.o [1]
  .text              ro code   0x801'2694       0x4  startup_stm32f437xx.o [1]
  .text              ro code   0x801'2698       0x4  startup_stm32f437xx.o [1]
  .text              ro code   0x801'269c       0x4  startup_stm32f437xx.o [1]
  .text              ro code   0x801'26a0       0x4  startup_stm32f437xx.o [1]
  .text              ro code   0x801'26a4       0x4  startup_stm32f437xx.o [1]
  .text              ro code   0x801'26a8       0x4  startup_stm32f437xx.o [1]
  .text              ro code   0x801'26ac       0x4  startup_stm32f437xx.o [1]
  .text              ro code   0x801'26b0       0x4  startup_stm32f437xx.o [1]
  .text              ro code   0x801'26b4       0x4  startup_stm32f437xx.o [1]
  .text              ro code   0x801'26b8       0x4  startup_stm32f437xx.o [1]
  .text              ro code   0x801'26bc       0x4  startup_stm32f437xx.o [1]
  .text              ro code   0x801'26c0       0x4  startup_stm32f437xx.o [1]
  .text              ro code   0x801'26c4       0x4  startup_stm32f437xx.o [1]
  .text              ro code   0x801'26c8       0x4  startup_stm32f437xx.o [1]
  .text              ro code   0x801'26cc       0x4  startup_stm32f437xx.o [1]
  .text              ro code   0x801'26d0       0x4  startup_stm32f437xx.o [1]
  .text              ro code   0x801'26d4       0x4  startup_stm32f437xx.o [1]
  .text              ro code   0x801'26d8       0x4  startup_stm32f437xx.o [1]
  .text              ro code   0x801'26dc       0x4  startup_stm32f437xx.o [1]
  .text              ro code   0x801'26e0       0x4  startup_stm32f437xx.o [1]
  .text              ro code   0x801'26e4       0x4  startup_stm32f437xx.o [1]
  .text              ro code   0x801'26e8       0x4  startup_stm32f437xx.o [1]
  .text              ro code   0x801'26ec       0x4  startup_stm32f437xx.o [1]
  .text              ro code   0x801'26f0       0x4  startup_stm32f437xx.o [1]
  .text              ro code   0x801'26f4       0x4  startup_stm32f437xx.o [1]
  .text              ro code   0x801'26f8       0x4  startup_stm32f437xx.o [1]
  .text              ro code   0x801'26fc       0x4  startup_stm32f437xx.o [1]
  .text              ro code   0x801'2700       0x4  startup_stm32f437xx.o [1]
  .text              ro code   0x801'2704       0x4  startup_stm32f437xx.o [1]
  .text              ro code   0x801'2708       0x4  startup_stm32f437xx.o [1]
  .text              ro code   0x801'270c       0x4  startup_stm32f437xx.o [1]
  .text              ro code   0x801'2710       0x4  startup_stm32f437xx.o [1]
  .text              ro code   0x801'2714       0x4  startup_stm32f437xx.o [1]
  .text              ro code   0x801'2718       0x4  startup_stm32f437xx.o [1]
  .text              ro code   0x801'271c       0x4  startup_stm32f437xx.o [1]
  .text              ro code   0x801'2720       0x4  startup_stm32f437xx.o [1]
  .text              ro code   0x801'2724       0x4  startup_stm32f437xx.o [1]
  .text              ro code   0x801'2728       0x4  startup_stm32f437xx.o [1]
  .text              ro code   0x801'272c       0x4  startup_stm32f437xx.o [1]
  .text              ro code   0x801'2730       0x4  startup_stm32f437xx.o [1]
  .text              ro code   0x801'2734       0x4  startup_stm32f437xx.o [1]
  .text              ro code   0x801'2738       0x4  startup_stm32f437xx.o [1]
  .text              ro code   0x801'273c       0x4  startup_stm32f437xx.o [1]
  .text              ro code   0x801'2740       0x4  startup_stm32f437xx.o [1]
  .text              ro code   0x801'2744       0x4  startup_stm32f437xx.o [1]
  .text              ro code   0x801'2748       0x4  startup_stm32f437xx.o [1]
  .text              ro code   0x801'274c       0x4  startup_stm32f437xx.o [1]
  .text              ro code   0x801'2750       0x4  startup_stm32f437xx.o [1]
  .text              ro code   0x801'2754       0x4  startup_stm32f437xx.o [1]
  .text              ro code   0x801'2758       0x4  startup_stm32f437xx.o [1]
  .text              ro code   0x801'275c       0x4  startup_stm32f437xx.o [1]
  .text              ro code   0x801'2760       0x4  startup_stm32f437xx.o [1]
  .text              ro code   0x801'2764       0x4  startup_stm32f437xx.o [1]
  .text              ro code   0x801'2768       0x4  startup_stm32f437xx.o [1]
  .text              ro code   0x801'276c       0x4  startup_stm32f437xx.o [1]
  .text              ro code   0x801'2770       0x0  cstart_closeall.o [4]
  .rodata            const     0x801'2770       0x0  zero_init3.o [4]
  .rodata            const     0x801'2770       0x0  lz77_init_single.o [4]
  Initializer bytes  const     0x801'2770      0xb3  <for P2-1>
                             - 0x801'2823  0x1'2677

"P2", part 1 of 3:                            0x1d6
  P2-1                        0x2000'0000     0x1d6  <Init block>
    .data            inited   0x2000'0000       0xc  dhcp.o [1]
    .data            inited   0x2000'000c       0xc  port.o [1]
    .data            inited   0x2000'0018       0xc  stm32f4xx_hal.o [1]
    .data            inited   0x2000'0024       0x4  system_stm32f4xx.o [1]
    .data            inited   0x2000'0028      0x1c  tcp.o [1]
    .data            inited   0x2000'0044       0x8  udp.o [1]
    .data            inited   0x2000'004c       0x8  rand.o [2]
    .data            inited   0x2000'0054      0x38  xlocale_c.o [2]
    .data            inited   0x2000'008c      0x48  xlocale_c.o [2]
    .data            inited   0x2000'00d4      0x48  xfiles.o [2]
    .data            inited   0x2000'011c      0x48  xfiles.o [2]
    .data            inited   0x2000'0164      0x48  xfiles.o [2]
    .data            inited   0x2000'01ac      0x20  xfiles.o [2]
    .data            inited   0x2000'01cc       0x8  XShttio.o [2]
    .data            inited   0x2000'01d4       0x2  tcp.o [1]
                            - 0x2000'01d6     0x1d6

"P2", part 2 of 3:                         0x1'0d14
  .bss               zero     0x2000'01d8    0x9c58  heap_4.o [1]
  .bss               zero     0x2000'9e30    0x30ec  ethernetif.o [1]
  .bss               zero     0x2000'cf1c    0x2604  memp.o [1]
  .bss               zero     0x2000'f520     0x664  mem.o [1]
  .bss               zero     0x2000'fb84     0x310  memp.o [1]
  .bss               zero     0x2000'fe94     0x254  freertos.o [1]
  .bss               zero     0x2001'00e8     0x16c  memp.o [1]
  .bss               zero     0x2001'0254     0x104  memp.o [1]
  .bss               zero     0x2001'0358     0x104  memp.o [1]
  .bss               zero     0x2001'045c      0xf0  etharp.o [1]
  .bss               zero     0x2001'054c      0xe4  memp.o [1]
  .bss               zero     0x2001'0630      0xa4  memp.o [1]
  .bss               zero     0x2001'06d4      0xa4  memp.o [1]
  .bss               zero     0x2001'0778      0x9c  tasks.o [1]
  .bss               zero     0x2001'0814      0x8c  tasks.o [1]
  .bss               zero     0x2001'08a0      0x84  memp.o [1]
  .bss               zero     0x2001'0924      0x84  memp.o [1]
  .bss               zero     0x2001'09a8      0x84  memp.o [1]
  .bss               zero     0x2001'0a2c      0x84  rand.o [2]
  .bss               zero     0x2001'0ab0      0x80  XShHandles.o [2]
  .bss               zero     0x2001'0b30      0x58  spi.o [1]
  .bss               zero     0x2001'0b88      0x54  memp.o [1]
  .bss               zero     0x2001'0bdc      0x50  xfiles.o [2]
  .bss               zero     0x2001'0c2c      0x50  xfiles.o [2]
  .bss               zero     0x2001'0c7c      0x40  lwip.o [1]
  .bss               zero     0x2001'0cbc      0x40  queue.o [1]
  .bss               zero     0x2001'0cfc      0x40  stm32f4xx_hal_timebase_tim.o [1]
  .bss               zero     0x2001'0d3c      0x40  usart.o [1]
  .bss               zero     0x2001'0d7c      0x40  usart.o [1]
  .bss               zero     0x2001'0dbc      0x38  tcp_in.o [1]
  .bss               zero     0x2001'0df4      0x28  dhcp.o [1]
  .bss               zero     0x2001'0e1c      0x24  memp.o [1]
  .bss               zero     0x2001'0e40      0x18  ip.o [1]
  .bss               zero     0x2001'0e58      0x10  freertos.o [1]
  .bss               zero     0x2001'0e68      0x10  tcpip.o [1]
  .bss               zero     0x2001'0e78       0xc  netif.o [1]
  .bss               zero     0x2001'0e84       0x8  ip4_frag.o [1]
  .bss               zero     0x2001'0e8c       0x8  timeouts.o [1]
  .bss               zero     0x2001'0e94       0x8  heap0.o [2]
  .bss               zero     0x2001'0e9c       0x4  dhcp.o [1]
  .bss               zero     0x2001'0ea0       0x4  memp.o [1]
  .bss               zero     0x2001'0ea4       0x4  memp.o [1]
  .bss               zero     0x2001'0ea8       0x4  memp.o [1]
  .bss               zero     0x2001'0eac       0x4  memp.o [1]
  .bss               zero     0x2001'0eb0       0x4  memp.o [1]
  .bss               zero     0x2001'0eb4       0x4  memp.o [1]
  .bss               zero     0x2001'0eb8       0x4  memp.o [1]
  .bss               zero     0x2001'0ebc       0x4  memp.o [1]
  .bss               zero     0x2001'0ec0       0x4  memp.o [1]
  .bss               zero     0x2001'0ec4       0x4  memp.o [1]
  .bss               zero     0x2001'0ec8       0x4  memp.o [1]
  .bss               zero     0x2001'0ecc       0x4  memp.o [1]
  .bss               zero     0x2001'0ed0       0x4  memp.o [1]
  .bss               zero     0x2001'0ed4       0x4  sys_arch.o [1]
  .bss               zero     0x2001'0ed8       0x4  timeouts.o [1]
  .bss               zero     0x2001'0edc       0x4  xfail_s.o [2]
  .bss               zero     0x2001'0ee0       0x4  xgetmemchunk.o [2]
  .bss               zero     0x2001'0ee4       0x2  ip4.o [1]
  .bss               zero     0x2001'0ee6       0x1  etharp.o [1]
  .bss               zero     0x2001'0ee7       0x1  pbuf.o [1]
  .bss               zero     0x2001'0ee8       0x1  tcp.o [1]
  .bss               zero     0x2001'0ee9       0x1  XShttio.o [2]
                            - 0x2001'0eea  0x1'0d12

"P2", part 3 of 3:                           0x6000
  CSTACK                      0x2001'0ef0    0x4000  <Block>
    CSTACK           uninit   0x2001'0ef0    0x4000  <Block tail>
  HEAP                        0x2001'4ef0    0x2000  <Block>
    HEAP             uninit   0x2001'4ef0    0x2000  <Block tail>
                            - 0x2001'6ef0    0x6000

Unused ranges:

         From           To       Size
         ----           --       ----
   0x801'2823   0x81f'ffff  0x1e'd7dd
  0x2000'01d6  0x2000'01d7        0x2
  0x2001'0eec  0x2001'0eef        0x4
  0x2001'6ef0  0x2002'ffff   0x1'9110


*******************************************************************************
*** INIT TABLE
***

          Address      Size
          -------      ----
Zero (__iar_zero_init3)
    1 destination range, total size 0x1'0d12:
          0x2000'01d8  0x1'0d12

Copy/lz77 (__iar_lz77_init_single3)
    1 source range, total size 0xb3 (38% of destination):
           0x801'2770      0xb3
    1 destination range, total size 0x1d6:
          0x2000'0000     0x1d6



*******************************************************************************
*** MODULE SUMMARY
***

    Module                        ro code  ro data  rw data
    ------                        -------  -------  -------
command line/config:
    -------------------------------------------------------
    Total:

D:\Radio\Jobe\Main mini\soft\EWARM\Main mini\Obj: [1]
    api_lib.o                       1'908      376
    api_msg.o                       4'752      720
    cmsis_os.o                        810
    def.o                              38
    dhcp.o                          4'324      580       56
    etharp.o                        1'980      512      241
    ethernet.o                        272      180
    ethernetif.o                    1'048       96   12'524
    freertos.o                        732      148      612
    gpio.o                            202
    heap_4.o                          432            40'024
    icmp.o                            432      272
    init.o                             38
    ip.o                                                 24
    ip4.o                             780      168        2
    ip4_addr.o                        364      132
    ip4_frag.o                      2'144      252        8
    list.o                            146
    lwip.o                            100                64
    main.o                            218
    mem.o                           1'348      420    1'636
    memp.o                            364      360   12'524
    netbuf.o                          280      152
    netif.o                           848      344       12
    pbuf.o                          2'152      640        1
    port.o                            500        5       12
    portasm.o                         176
    queue.o                         2'084                64
    spi.o                             232                88
    startup_stm32f437xx.o             792
    stm32f4xx_hal.o                   120        4       12
    stm32f4xx_hal_cortex.o            152
    stm32f4xx_hal_eth.o             1'924
    stm32f4xx_hal_gpio.o              512
    stm32f4xx_hal_msp.o                64
    stm32f4xx_hal_pwr_ex.o            120
    stm32f4xx_hal_rcc.o             1'272
    stm32f4xx_hal_spi.o               130
    stm32f4xx_hal_tim.o               626
    stm32f4xx_hal_tim_ex.o              4
    stm32f4xx_hal_timebase_tim.o      124                64
    stm32f4xx_hal_uart.o              348
    stm32f4xx_it.o                     32
    sys_arch.o                        500                 4
    system_stm32f4xx.o                 44       10        4
    tasks.o                         2'156               296
    tcp.o                           5'176    1'199       31
    tcp_in.o                        5'076      652       56
    tcp_out.o                       5'264    1'324
    tcpip.o                           596      188       16
    timeouts.o                        408      280       12
    udp.o                           1'728      351        8
    usart.o                           260               128
    -------------------------------------------------------
    Total:                         56'132    9'365   68'523

dl7M_tlf.a: [2]
    XShHandles.o                      204               128
    XShttio.o                          60        3        9
    abort.o                             6
    exit.o                              4
    fclose.o                          126
    fflush.o                          172
    fputc.o                            84
    fseek.o                            36
    heap0.o                           312                 8
    heaptramp0.o                        4
    islower.o                          20
    isspace.o                          20
    low_level_init.o                    4
    printf.o                           40
    putchar.o                          12
    rand.o                            164        3      140
    sprintf.o                          64
    xcloseall.o                        60
    xencoding_8859_1.o                 30
    xfail_s.o                          64                 4
    xfgpos.o                           12
    xfiles.o                                    95      408
    xfofind.o                         156
    xfspos.o                          216
    xfwprep.o                         180
    xgetmemchunk.o                     44                 4
    xlocale_c.o                       160       54      128
    xmbcurmax.o                        10
    xprintffull.o                   4'294
    xprout.o                           22
    xsprout.o                          10
    -------------------------------------------------------
    Total:                          6'590      155      829

m7M_tls.a: [3]
    DblAdd.o                          362
    DblCmpGe.o                         46
    DblCmpLe.o                         46
    DblDiv.o                          582
    DblMul.o                          418
    DblSub.o                          226
    DblToS32.o                         58
    DblToU32.o                         40
    S32ToDbl.o                         34
    U32ToDbl.o                         26
    fpinit_M.o                         34
    frexp.o                           112
    ldexp.o                           314
    -------------------------------------------------------
    Total:                          2'298

rt7M_tl.a: [4]
    ABImemclr.o                         6
    ABImemclr4.o                        6
    ABImemcpy_small.o                  24
    ABImemset48.o                      50
    ABImemset_small.o                  18
    I64DivMod_small.o                 262
    I64DivZer.o                         2
    cexit.o                            14
    cmain.o                            30
    cstart_closeall.o
    cstartup_M.o                       12
    data_init.o                        40
    lz77_init_single.o                120
    memchr.o                           88
    memcmp_small.o                     30
    memset.o                           20
    strchr.o                           22
    strlen_small.o                     20
    zero_init3.o                       58
    -------------------------------------------------------
    Total:                            822

shb_l.a: [5]
    close.o                            24
    dwrite.o                           30
    exit.o                             20
    iarttio.o                         124
    iarwrite.o                         34
    iarwstd.o                          32
    lseek.o                            74
    remove.o                           20
    write.o                            16
    -------------------------------------------------------
    Total:                            374

    Gaps                               39        4
    Linker created                              32   24'576
-----------------------------------------------------------
    Grand Total:                   66'255    9'556   93'928


*******************************************************************************
*** ENTRY LIST
***

Entry                       Address    Size  Type      Object
-----                       -------    ----  ----      ------
.iar.init_table$$Base    0x801'2474           --   Gb  - Linker created -
.iar.init_table$$Limit   0x801'2494           --   Gb  - Linker created -
?main                    0x801'24b5          Code  Gb  cmain.o [4]
AHBPrescTable            0x801'23f0    0x10  Data  Gb  system_stm32f4xx.o [1]
APBPrescTable            0x801'2604     0x8  Data  Gb  system_stm32f4xx.o [1]
Aldata                  0x2001'0e94     0x8  Data  Lc  heap0.o [2]
BusFault_Handler         0x801'249b     0x2  Code  Gb  stm32f4xx_it.o [1]
CSTACK$$Base            0x2001'0ef0           --   Gb  - Linker created -
CSTACK$$Limit           0x2001'4ef0           --   Gb  - Linker created -
CacheMore                0x800'9817    0x28  Code  Lc  xlocale_c.o [2]
DMARxDscrTab            0x2000'9e7c    0x80  Data  Gb  ethernetif.o [1]
DMATxDscrTab            0x2000'9efc    0x80  Data  Gb  ethernetif.o [1]
DebugMon_Handler         0x801'249f     0x2  Code  Gb  stm32f4xx_it.o [1]
ETH_Delay                0x800'c56f    0x24  Code  Lc  stm32f4xx_hal_eth.o [1]
ETH_FlushTransmitFIFO    0x800'c54b    0x24  Code  Lc  stm32f4xx_hal_eth.o [1]
ETH_IRQHandler           0x801'24a7     0x6  Code  Gb  stm32f4xx_it.o [1]
ETH_MACDMAConfig         0x800'c459    0xec  Code  Lc  stm32f4xx_hal_eth.o [1]
Error_Handler            0x800'f005     0x2  Code  Gb  main.o [1]
HAL_Delay                0x800'ceed    0x28  Code  Wk  stm32f4xx_hal.o [1]
HAL_ETH_DMARxDescListInit
                         0x800'c083    0x88  Code  Gb  stm32f4xx_hal_eth.o [1]
HAL_ETH_DMATxDescListInit
                         0x800'c009    0x7a  Code  Gb  stm32f4xx_hal_eth.o [1]
HAL_ETH_GetReceivedFrame_IT
                         0x800'c1f5    0x84  Code  Gb  stm32f4xx_hal_eth.o [1]
HAL_ETH_IRQHandler       0x800'c279    0x64  Code  Gb  stm32f4xx_hal_eth.o [1]
HAL_ETH_Init             0x800'be51   0x1a4  Code  Gb  stm32f4xx_hal_eth.o [1]
HAL_ETH_MspInit          0x800'a535    0xe8  Code  Gb  ethernetif.o [1]
HAL_ETH_ReadPHYRegister
                         0x800'c2dd    0x78  Code  Gb  stm32f4xx_hal_eth.o [1]
HAL_ETH_RxCpltCallback   0x800'a635     0x8  Code  Gb  ethernetif.o [1]
HAL_ETH_Start            0x800'c3cf    0x5e  Code  Gb  stm32f4xx_hal_eth.o [1]
HAL_ETH_TransmitFrame    0x800'c10b    0xea  Code  Gb  stm32f4xx_hal_eth.o [1]
HAL_ETH_WritePHYRegister
                         0x800'c355    0x66  Code  Gb  stm32f4xx_hal_eth.o [1]
HAL_GPIO_Init            0x800'bbb9   0x1c2  Code  Gb  stm32f4xx_hal_gpio.o [1]
HAL_GPIO_WritePin        0x800'bd7b     0x8  Code  Gb  stm32f4xx_hal_gpio.o [1]
HAL_GetTick              0x800'c5d1     0xc  Code  Wk  stm32f4xx_hal.o [1]
HAL_IncTick              0x800'f699    0x10  Code  Wk  stm32f4xx_hal.o [1]
HAL_Init                 0x800'f011    0x30  Code  Gb  stm32f4xx_hal.o [1]
HAL_InitTick             0x800'd975    0x6c  Code  Gb  stm32f4xx_hal_timebase_tim.o [1]
HAL_MspInit              0x800'f6a9    0x40  Code  Gb  stm32f4xx_hal_msp.o [1]
HAL_NVIC_EnableIRQ       0x800'be27    0x16  Code  Gb  stm32f4xx_hal_cortex.o [1]
HAL_NVIC_SetPriority     0x800'bded    0x3a  Code  Gb  stm32f4xx_hal_cortex.o [1]
HAL_NVIC_SetPriorityGrouping
                         0x800'bdd3    0x1a  Code  Gb  stm32f4xx_hal_cortex.o [1]
HAL_PWREx_EnableOverDrive
                         0x800'f621    0x48  Code  Gb  stm32f4xx_hal_pwr_ex.o [1]
HAL_RCC_ClockConfig      0x800'cd05   0x100  Code  Gb  stm32f4xx_hal_rcc.o [1]
HAL_RCC_GetClockConfig   0x800'ce3b    0x36  Code  Gb  stm32f4xx_hal_rcc.o [1]
HAL_RCC_GetHCLKFreq      0x800'ce11     0x6  Code  Gb  stm32f4xx_hal_rcc.o [1]
HAL_RCC_GetPCLK1Freq     0x800'ce17    0x10  Code  Gb  stm32f4xx_hal_rcc.o [1]
HAL_RCC_GetPCLK2Freq     0x800'ce27     0xe  Code  Gb  stm32f4xx_hal_rcc.o [1]
HAL_RCC_OscConfig        0x800'f311   0x310  Code  Wk  stm32f4xx_hal_rcc.o [1]
HAL_SPI_Init             0x800'f6e9    0x76  Code  Gb  stm32f4xx_hal_spi.o [1]
HAL_SPI_MspInit          0x800'f14b    0x98  Code  Gb  spi.o [1]
HAL_TIMEx_BreakCallback
                         0x800'f007     0x2  Code  Wk  stm32f4xx_hal_tim_ex.o [1]
HAL_TIMEx_CommutCallback
                         0x800'f00b     0x2  Code  Wk  stm32f4xx_hal_tim_ex.o [1]
HAL_TIM_Base_Init        0x800'ecbd    0x1a  Code  Gb  stm32f4xx_hal_tim.o [1]
HAL_TIM_Base_Start_IT    0x800'ecd7    0x20  Code  Gb  stm32f4xx_hal_tim.o [1]
HAL_TIM_IRQHandler       0x800'ed1b   0x142  Code  Gb  stm32f4xx_hal_tim.o [1]
HAL_TIM_PeriodElapsedCallback
                         0x800'efeb     0xe  Code  Gb  main.o [1]
HAL_UART_Init            0x800'f76d    0x1e  Code  Gb  stm32f4xx_hal_uart.o [1]
HAL_UART_MspInit         0x800'f23d    0xa2  Code  Gb  usart.o [1]
HEAP$$Base              0x2001'4ef0           --   Gb  - Linker created -
HEAP$$Limit             0x2001'6ef0           --   Gb  - Linker created -
HardFault_Handler        0x801'2497     0x2  Code  Gb  stm32f4xx_it.o [1]
MX_FREERTOS_Init         0x800'ca39    0x5c  Code  Gb  freertos.o [1]
MX_GPIO_Init             0x800'f045    0xa2  Code  Gb  gpio.o [1]
MX_LWIP_Init             0x800'd045    0x64  Code  Gb  lwip.o [1]
MX_SPI3_Init             0x800'f111    0x3a  Code  Gb  spi.o [1]
MX_USART1_UART_Init      0x800'f1f9    0x10  Code  Gb  usart.o [1]
MX_USART2_UART_Init      0x800'f209    0x10  Code  Gb  usart.o [1]
MainTaskHandle          0x2001'0e58     0x4  Data  Gb  freertos.o [1]
MemManage_Handler        0x801'2499     0x2  Code  Gb  stm32f4xx_it.o [1]
ModBus1TaskHandle       0x2001'0e5c     0x4  Data  Gb  freertos.o [1]
ModBus2TaskHandle       0x2001'0e60     0x4  Data  Gb  freertos.o [1]
NMI_Handler              0x801'2495     0x2  Code  Gb  stm32f4xx_it.o [1]
PendSV_Handler           0x800'cf95          Code  Gb  portasm.o [1]
Region$$Table$$Base      0x801'2474           --   Gb  - Linker created -
Region$$Table$$Limit     0x801'2494           --   Gb  - Linker created -
Rx_Buff                 0x2000'9f7c  0x17d0  Data  Gb  ethernetif.o [1]
SVC_Handler              0x800'cfed          Code  Gb  portasm.o [1]
SysTick_Handler          0x800'c971    0x26  Code  Gb  port.o [1]
SystemClock_Config       0x800'ef51    0x9a  Code  Gb  main.o [1]
SystemCoreClock         0x2000'0024     0x4  Data  Gb  system_stm32f4xx.o [1]
SystemInit               0x801'23d5    0x14  Code  Gb  system_stm32f4xx.o [1]
TCP_ServerHandle        0x2001'0e64     0x4  Data  Gb  freertos.o [1]
TIM7_IRQHandler          0x801'24a1     0x6  Code  Gb  stm32f4xx_it.o [1]
TIM_Base_SetConfig       0x800'ee63    0x96  Code  Gb  stm32f4xx_hal_tim.o [1]
Tx_Buff                 0x2000'b74c  0x17d0  Data  Gb  ethernetif.o [1]
UART_SetConfig           0x800'f7e3    0xca  Code  Lc  stm32f4xx_hal_uart.o [1]
UsageFault_Handler       0x801'249d     0x2  Code  Gb  stm32f4xx_it.o [1]
_Close_all               0x801'2399    0x3c  Code  Gb  xcloseall.o [2]
_Encoding_8859_1_Mbrlen
                         0x800'79e9     0x2  Code  Gb  xencoding_8859_1.o [2]
_Encoding_8859_1_Wctomb
                         0x800'79d7    0x12  Code  Gb  xencoding_8859_1.o [2]
_Files                  0x2000'01ac    0x20  Data  Gb  xfiles.o [2]
_Fofree                  0x801'1fb1    0x96  Code  Gb  xfofind.o [2]
_Fspos                   0x801'18e5    0xd8  Code  Gb  xfspos.o [2]
_Fwprep                  0x801'1d85    0xb4  Code  Gb  xfwprep.o [2]
_LitobFull               0x800'7823   0x10a  Code  Lc  xprintffull.o [2]
_LocaleC_islower         0x800'97f1     0x4  Code  Gb  xlocale_c.o [2]
_LocaleC_isspace         0x800'97ff    0x14  Code  Gb  xlocale_c.o [2]
_Locale_lconv           0x2000'0054    0x38  Data  Lc  xlocale_c.o [2]
_Nnl                     0x801'1a69     0xc  Code  Gb  xfgpos.o [2]
_PrintfFull              0x800'6911   0xcc4  Code  Gb  xprintffull.o [2]
_Prout                   0x801'24eb    0x16  Code  Gb  xprout.o [2]
_PutcharsFull            0x800'7995    0x2e  Code  Lc  xprintffull.o [2]
_PutstrFull              0x800'7763    0xc0  Code  Lc  xprintffull.o [2]
_PuttxtFull              0x800'7657   0x10c  Code  Lc  xprintffull.o [2]
_Rand_idx               0x2001'0aac     0x4  Data  Lc  rand.o [2]
_Rand_rv                0x2001'0a2c    0x80  Data  Lc  rand.o [2]
_Randinit               0x2000'004c     0x1  Data  Gb  rand.o [2]
_Randseed               0x2000'0050     0x4  Data  Gb  rand.o [2]
_SProut                  0x800'85c3     0xa  Code  Gb  xsprout.o [2]
__NVIC_SetPriority       0x800'bdb9    0x1a  Code  Lc  stm32f4xx_hal_cortex.o [1]
__aeabi_cdcmple          0x800'99c5          Code  Gb  DblCmpLe.o [3]
__aeabi_cdrcmple         0x800'99f5          Code  Gb  DblCmpGe.o [3]
__aeabi_d2iz             0x800'9b61          Code  Gb  DblToS32.o [3]
__aeabi_d2uiz            0x800'9eed          Code  Gb  DblToU32.o [3]
__aeabi_ddiv             0x800'9ca5          Code  Gb  DblDiv.o [3]
__aeabi_dmul             0x800'9f31          Code  Gb  DblMul.o [3]
__aeabi_dsub             0x800'9bc1          Code  Gb  DblSub.o [3]
__aeabi_i2d              0x800'9b9d          Code  Gb  S32ToDbl.o [3]
__aeabi_ldiv0            0x800'ab25          Code  Gb  I64DivZer.o [4]
__aeabi_memclr           0x800'85cd          Code  Gb  ABImemclr.o [4]
__aeabi_memclr4          0x800'85bd          Code  Gb  ABImemclr4.o [4]
__aeabi_ui2d             0x800'9f15          Code  Gb  U32ToDbl.o [3]
__basic_free             0x801'152f    0x16  Code  Gb  heap0.o [2]
__basic_free_intern      0x801'1545    0x74  Code  Lc  heap0.o [2]
__basic_malloc           0x801'1485    0x18  Code  Gb  heap0.o [2]
__basic_malloc_intern    0x801'149d    0x92  Code  Lc  heap0.o [2]
__cexit_closeall         0x801'24df          Code  Gb  cexit.o [4]
__close                  0x801'2167    0x18  Code  Gb  close.o [5]
__cmain                  0x801'24b5          Code  Gb  cmain.o [4]
__cstart_closeall        0x801'2770          Data  Gb  cstart_closeall.o [4]
__data_GetMemChunk       0x801'15bd    0x2c  Code  Gb  xgetmemchunk.o [2]
__data_GetMemChunk::start
                        0x2001'0ee0     0x4  Data  Lc  xgetmemchunk.o [2]
__dwrite                 0x801'1b9d    0x1e  Code  Gb  dwrite.o [5]
__exit                   0x800'c5dd    0x14  Code  Gb  exit.o [5]
__iar_Fail_s             0x800'98a9    0x1c  Code  Gb  xfail_s.o [2]
__iar_Mbcurmax           0x800'a0d3     0xa  Code  Gb  xmbcurmax.o [2]
__iar_Memchr             0x800'98fd          Code  Gb  memchr.o [4]
__iar_Memset4_word       0x800'a94d          Code  Gb  ABImemset48.o [4]
__iar_Memset8_word       0x800'a94d          Code  Gb  ABImemset48.o [4]
__iar_Stderr            0x2000'0164    0x48  Data  Gb  xfiles.o [2]
__iar_Stdin             0x2000'00d4    0x48  Data  Gb  xfiles.o [2]
__iar_Stdout            0x2000'011c    0x48  Data  Gb  xfiles.o [2]
__iar_Strchr             0x800'9891          Code  Gb  strchr.o [4]
__iar_close_ttio         0x800'cf19    0x2c  Code  Gb  iarttio.o [5]
__iar_dadd               0x800'9bd1          Code  Gb  DblSub.o [3]
__iar_data_init3         0x801'2429    0x28  Code  Gb  data_init.o [4]
__iar_dsub               0x800'a9b9          Code  Gb  DblAdd.o [3]
__iar_dsubStart          0x800'a9cb          Code  Gb  DblAdd.o [3]
__iar_frexp              0x800'9961          Code  Gb  frexp.o [3]
__iar_frexpl             0x800'9961          Code  Gb  frexp.o [3]
__iar_get_ttio           0x800'cf45    0x4c  Code  Gb  iarttio.o [5]
__iar_globLocale        0x2000'008c    0x48  Data  Lc  xlocale_c.o [2]
__iar_global_Locale      0x800'9813     0x4  Code  Gb  xlocale_c.o [2]
__iar_init_vfp           0x801'2451          Code  Gb  fpinit_M.o [3]
__iar_ldexp64            0x800'9a25          Code  Gb  ldexp.o [3]
__iar_lookup_ttioh       0x800'da1f     0x4  Code  Gb  XShttio.o [2]
__iar_lz77_init_single3
                         0x801'2211    0x78  Code  Gb  lz77_init_single.o [4]
__iar_program_start      0x801'25e9          Code  Gb  cstartup_M.o [4]
__iar_scalbln64          0x800'9a25          Code  Gb  ldexp.o [3]
__iar_scalbn64           0x800'9a25          Code  Gb  ldexp.o [3]
__iar_sh_Discard         0x801'1ad1    0x42  Code  Gb  XShHandles.o [2]
__iar_sh_Move            0x801'1b13    0x46  Code  Gb  XShHandles.o [2]
__iar_sh_Pos             0x801'1b59    0x3e  Code  Gb  XShHandles.o [2]
__iar_sh_stdout          0x801'1bbb    0x20  Code  Gb  iarwstd.o [5]
__iar_sh_write           0x801'1bdb    0x22  Code  Gb  iarwrite.o [5]
__iar_small_Memcpy       0x800'3b31          Code  Gb  ABImemcpy_small.o [4]
__iar_small_Memset       0x800'a981          Code  Gb  ABImemset_small.o [4]
__iar_small_Memset_word
                         0x800'a981          Code  Gb  ABImemset_small.o [4]
__iar_small_memcmp       0x800'a995          Code  Gb  memcmp_small.o [4]
__iar_small_memcpy       0x800'3b2d          Code  Gb  ABImemcpy_small.o [4]
__iar_small_memcpy4      0x800'3b2d          Code  Gb  ABImemcpy_small.o [4]
__iar_small_memcpy8      0x800'3b2d          Code  Gb  ABImemcpy_small.o [4]
__iar_small_memset       0x800'a981          Code  Gb  ABImemset_small.o [4]
__iar_small_strlen       0x800'98e9          Code  Gb  strlen_small.o [4]
__iar_small_uldivmod     0x800'a0dd          Code  Gb  I64DivMod_small.o [4]
__iar_softfp___iar_frexp64
                         0x800'9955          Code  Gb  frexp.o [3]
__iar_softfp_frexp       0x800'9955          Code  Gb  frexp.o [3]
__iar_softfp_frexpl      0x800'9955          Code  Gb  frexp.o [3]
__iar_ttio_guard_lock    0x800'd9f1    0x1e  Code  Gb  XShttio.o [2]
__iar_ttio_guard_unlock
                         0x800'da0f    0x10  Code  Gb  XShttio.o [2]
__iar_ttio_handles      0x2000'01cc     0x8  Data  Lc  XShttio.o [2]
__iar_zero_init3         0x800'3af3    0x3a  Code  Gb  zero_init3.o [4]
__low_level_init         0x801'24d3     0x4  Code  Gb  low_level_init.o [2]
__lseek                  0x801'1a75    0x4a  Code  Gb  lseek.o [5]
__vector_table           0x800'0000          Data  Gb  startup_stm32f437xx.o [1]
__write                  0x801'1abf    0x10  Code  Gb  write.o [5]
_call_main               0x801'24c1          Code  Gb  cmain.o [4]
_exit                    0x801'24dd          Code  Gb  cexit.o [4]
_gLocale_mblen           0x800'987b     0x4  Code  Gb  xlocale_c.o [2]
_gLocale_mblenInt        0x800'983f    0x2c  Code  Gb  xlocale_c.o [2]
_gLocale_wctomb          0x800'987f     0x4  Code  Gb  xlocale_c.o [2]
_gLocale_wctombInt       0x800'9877     0x4  Code  Gb  xlocale_c.o [2]
_main                    0x801'24cf          Code  Gb  cmain.o [4]
abort                    0x800'a9b3     0x6  Code  Gb  abort.o [2]
accept_function          0x800'df03    0xca  Code  Lc  api_msg.o [1]
ackno                   0x2001'0de8     0x4  Data  Lc  tcp_in.o [1]
arp_table               0x2001'045c    0xf0  Data  Lc  etharp.o [1]
current_timeout_due_time
                        0x2001'0e90     0x4  Data  Lc  timeouts.o [1]
dhcp_arp_reply           0x800'8aa9    0xa2  Code  Gb  dhcp.o [1]
dhcp_bind                0x800'8c35    0xde  Code  Lc  dhcp.o [1]
dhcp_check               0x800'8661    0x28  Code  Lc  dhcp.o [1]
dhcp_coarse_tmr          0x800'87b1   0x14c  Code  Gb  dhcp.o [1]
dhcp_create_msg          0x800'9445    0xfe  Code  Lc  dhcp.o [1]
dhcp_create_msg::xid    0x2001'0e9c     0x4  Data  Lc  dhcp.o [1]
dhcp_dec_pcb_refcount    0x800'8633    0x2e  Code  Lc  dhcp.o [1]
dhcp_discover            0x800'8b4b    0x7a  Code  Lc  dhcp.o [1]
dhcp_discover_request_options
                        0x2000'0004     0x4  Data  Lc  dhcp.o [1]
dhcp_fine_tmr            0x800'8911    0x84  Code  Gb  dhcp.o [1]
dhcp_handle_ack          0x800'8995    0x58  Code  Lc  dhcp.o [1]
dhcp_inc_pcb_refcount    0x800'85d5    0x5e  Code  Lc  dhcp.o [1]
dhcp_option              0x800'8f69    0x30  Code  Lc  dhcp.o [1]
dhcp_option_byte         0x800'8f99    0x24  Code  Lc  dhcp.o [1]
dhcp_option_long         0x800'900b    0x3e  Code  Lc  dhcp.o [1]
dhcp_option_short        0x800'8fdd    0x2e  Code  Lc  dhcp.o [1]
dhcp_option_trailer      0x800'955d    0x30  Code  Lc  dhcp.o [1]
dhcp_pcb                0x2000'0008     0x4  Data  Lc  dhcp.o [1]
dhcp_pcb_refcount       0x2000'0000     0x1  Data  Lc  dhcp.o [1]
dhcp_reboot              0x800'8dc1    0x9a  Code  Lc  dhcp.o [1]
dhcp_recv                0x800'9049   0x3e0  Code  Lc  dhcp.o [1]
dhcp_release_and_stop    0x800'8ea5    0xb4  Code  Gb  dhcp.o [1]
dhcp_renew               0x800'8d1f    0x7c  Code  Gb  dhcp.o [1]
dhcp_rx_options_given   0x2001'0df4     0x8  Data  Gb  dhcp.o [1]
dhcp_rx_options_val     0x2001'0dfc    0x20  Data  Gb  dhcp.o [1]
dhcp_select              0x800'8689    0xe4  Code  Lc  dhcp.o [1]
dhcp_set_state           0x800'8f59    0x10  Code  Lc  dhcp.o [1]
dhcp_start               0x800'89ed    0x94  Code  Gb  dhcp.o [1]
dhcp_supplied_address    0x800'958d    0x1e  Code  Gb  dhcp.o [1]
do_memp_free_pool        0x800'1d6d    0x34  Code  Lc  memp.o [1]
do_memp_malloc_pool      0x800'1d03    0x42  Code  Lc  memp.o [1]
ebuf                    0x2001'0bdc    0x50  Data  Lc  xfiles.o [2]
err_tcp                  0x800'dd91    0xfe  Code  Lc  api_msg.o [1]
etharp_cached_entry     0x2001'0ee6     0x1  Data  Lc  etharp.o [1]
etharp_cleanup_netif     0x800'43df    0x28  Code  Gb  etharp.o [1]
etharp_find_entry        0x800'427f   0x154  Code  Lc  etharp.o [1]
etharp_free_entry        0x800'4205    0x20  Code  Lc  etharp.o [1]
etharp_input             0x800'4407   0x132  Code  Gb  etharp.o [1]
etharp_output            0x800'45b3   0x146  Code  Gb  etharp.o [1]
etharp_output_to_arp_index
                         0x800'4539    0x72  Code  Lc  etharp.o [1]
etharp_query             0x800'46fd   0x130  Code  Gb  etharp.o [1]
etharp_raw               0x800'4835    0xc8  Code  Lc  etharp.o [1]
etharp_request           0x800'4925     0x4  Code  Gb  etharp.o [1]
etharp_request_dst       0x800'4903    0x22  Code  Lc  etharp.o [1]
etharp_tmr               0x800'4225    0x5a  Code  Gb  etharp.o [1]
ethbroadcast             0x800'97c0     0x8  Data  Gb  ethernet.o [1]
ethernet_input           0x800'96b9    0x9c  Code  Gb  ethernet.o [1]
ethernet_output          0x800'9755    0x68  Code  Gb  ethernet.o [1]
ethernetif_init          0x800'a7c5   0x11c  Code  Gb  ethernetif.o [1]
ethernetif_input         0x800'a6d9    0xe8  Code  Gb  ethernetif.o [1]
ethzero                  0x801'25f4     0x8  Data  Gb  ethernet.o [1]
exit                     0x801'24d7     0x4  Code  Gb  exit.o [2]
fclose                   0x801'20e9    0x7e  Code  Gb  fclose.o [2]
fflush                   0x801'1a31    0x34  Code  Gb  fflush.o [2]
fflushOne                0x801'19bd    0x74  Code  Lc  fflush.o [2]
flags                   0x2001'0dbc     0x1  Data  Lc  tcp_in.o [1]
fputc                    0x801'2345    0x54  Code  Gb  fputc.o [2]
free                     0x801'204d     0x4  Code  Gb  heaptramp0.o [2]
fseek                    0x801'1e39    0x24  Code  Gb  fseek.o [2]
gnetif                  0x2001'0c7c    0x34  Data  Gb  lwip.o [1]
gw                      0x2001'0cb8     0x4  Data  Gb  lwip.o [1]
heth                    0x2000'9e30    0x48  Data  Gb  ethernetif.o [1]
hspi3                   0x2001'0b30    0x58  Data  Gb  spi.o [1]
htim7                   0x2001'0cfc    0x40  Data  Gb  stm32f4xx_hal_timebase_tim.o [1]
huart1                  0x2001'0d3c    0x40  Data  Gb  usart.o [1]
huart2                  0x2001'0d7c    0x40  Data  Gb  usart.o [1]
icmp_dest_unreach        0x800'687f     0x6  Code  Gb  icmp.o [1]
icmp_input               0x800'6761   0x11e  Code  Gb  icmp.o [1]
icmp_send_response       0x800'6889    0x80  Code  Lc  icmp.o [1]
icmp_time_exceeded       0x800'6885     0x4  Code  Gb  icmp.o [1]
inseg                   0x2001'0dc0    0x10  Data  Lc  tcp_in.o [1]
ip4_addr_isbroadcast_u32
                         0x800'49c1    0x32  Code  Gb  ip4_addr.o [1]
ip4_frag                 0x800'5089   0x1b8  Code  Gb  ip4_frag.o [1]
ip4_input                0x800'1a15   0x168  Code  Gb  ip4.o [1]
ip4_input_accept         0x800'19ef    0x26  Code  Lc  ip4.o [1]
ip4_output_if            0x800'1b7d    0x28  Code  Gb  ip4.o [1]
ip4_output_if_src        0x800'1ba5    0xd0  Code  Gb  ip4.o [1]
ip4_reass                0x800'4ce1   0x350  Code  Gb  ip4_frag.o [1]
ip4_route                0x800'198d    0x62  Code  Gb  ip4.o [1]
ip4addr_aton             0x800'49f5   0x128  Code  Gb  ip4_addr.o [1]
ip_addr_any              0x801'260c     0x4  Data  Gb  ip4_addr.o [1]
ip_addr_broadcast        0x801'2610     0x4  Data  Gb  ip4_addr.o [1]
ip_data                 0x2001'0e40    0x18  Data  Gb  ip.o [1]
ip_frag_free_pbuf_custom_ref
                         0x800'503d    0x22  Code  Lc  ip4_frag.o [1]
ip_id                   0x2001'0ee4     0x2  Data  Lc  ip4.o [1]
ip_reass_dequeue_datagram
                         0x800'4ca3    0x3c  Code  Lc  ip4_frag.o [1]
ip_reass_free_complete_datagram
                         0x800'4b59    0xda  Code  Lc  ip4_frag.o [1]
ip_reass_pbufcount      0x2001'0e84     0x2  Data  Lc  ip4_frag.o [1]
ip_reass_remove_oldest_datagram
                         0x800'4c3b    0x68  Code  Lc  ip4_frag.o [1]
ip_reass_tmr             0x800'4b2d    0x2c  Code  Gb  ip4_frag.o [1]
ipaddr                  0x2001'0cb0     0x4  Data  Gb  lwip.o [1]
ipfrag_free_pbuf_custom
                         0x800'5061    0x26  Code  Lc  ip4_frag.o [1]
islower                  0x800'97c9    0x14  Code  Gb  islower.o [2]
isspace                  0x800'97dd    0x14  Code  Gb  isspace.o [2]
ldexp                    0x800'9a25          Code  Gb  ldexp.o [3]
ldexpl                   0x800'9a25          Code  Gb  ldexp.o [3]
lfree                   0x2000'f528     0x4  Data  Lc  mem.o [1]
localeconv               0x800'9883     0x4  Code  Gb  xlocale_c.o [2]
lock_tcpip_core         0x2001'0e74     0x4  Data  Gb  tcpip.o [1]
low_level_output         0x800'a63d    0x9c  Code  Lc  ethernetif.o [1]
lwip_cyclic_timer        0x800'84cd    0x2a  Code  Lc  timeouts.o [1]
lwip_cyclic_timers       0x801'2400    0x28  Data  Gb  timeouts.o [1]
lwip_htonl               0x800'3ad9    0x1a  Code  Gb  def.o [1]
lwip_htons               0x800'3acd     0xc  Code  Gb  def.o [1]
lwip_init                0x800'a50f    0x26  Code  Gb  init.o [1]
lwip_netconn_do_bind     0x800'e4bd    0x30  Code  Gb  api_msg.o [1]
lwip_netconn_do_close    0x800'eab5    0xa8  Code  Gb  api_msg.o [1]
lwip_netconn_do_close_internal
                         0x800'e1dd   0x1cc  Code  Lc  api_msg.o [1]
lwip_netconn_do_connect
                         0x800'e5b1    0xd6  Code  Gb  api_msg.o [1]
lwip_netconn_do_connected
                         0x800'e4ff    0xac  Code  Lc  api_msg.o [1]
lwip_netconn_do_delconn
                         0x800'e3af   0x10e  Code  Gb  api_msg.o [1]
lwip_netconn_do_listen   0x800'e695    0xc6  Code  Gb  api_msg.o [1]
lwip_netconn_do_newconn
                         0x800'dfdf    0x6a  Code  Gb  api_msg.o [1]
lwip_netconn_do_recv     0x800'e765    0x34  Code  Gb  api_msg.o [1]
lwip_netconn_do_write    0x800'e9d1    0xb4  Code  Gb  api_msg.o [1]
lwip_netconn_do_writemore
                         0x800'e799   0x222  Code  Lc  api_msg.o [1]
lwip_netconn_err_to_msg
                         0x800'da2d    0x38  Code  Lc  api_msg.o [1]
lwip_netconn_is_err_msg
                         0x800'da75    0x44  Code  Gb  api_msg.o [1]
lwip_sys_mutex          0x2001'0ed4     0x4  Data  Gb  sys_arch.o [1]
main                     0x800'ef2d    0x24  Code  Gb  main.o [1]
mainTask                 0x800'ca95    0xfa  Code  Gb  freertos.o [1]
makeFreeRtosPriority     0x800'a1e5     0xc  Code  Lc  cmsis_os.o [1]
mem_free                 0x800'7e8d   0x17a  Code  Gb  mem.o [1]
mem_init                 0x800'7e3d    0x50  Code  Gb  mem.o [1]
mem_malloc               0x800'8141   0x13e  Code  Gb  mem.o [1]
mem_mutex               0x2000'fb80     0x4  Data  Lc  mem.o [1]
mem_trim                 0x800'8009   0x132  Code  Gb  mem.o [1]
memchr                   0x800'98fd          Code  Gb  memchr.o [4]
memp_FRAG_PBUF           0x801'2588     0xc  Data  Gb  memp.o [1]
memp_NETBUF              0x801'2594     0xc  Data  Gb  memp.o [1]
memp_NETCONN             0x801'25a0     0xc  Data  Gb  memp.o [1]
memp_PBUF                0x801'25d0     0xc  Data  Gb  memp.o [1]
memp_PBUF_POOL           0x801'25dc     0xc  Data  Gb  memp.o [1]
memp_REASSDATA           0x801'257c     0xc  Data  Gb  memp.o [1]
memp_SYS_TIMEOUT         0x801'25c4     0xc  Data  Gb  memp.o [1]
memp_TCPIP_MSG_API       0x801'25ac     0xc  Data  Gb  memp.o [1]
memp_TCPIP_MSG_INPKT     0x801'25b8     0xc  Data  Gb  memp.o [1]
memp_TCP_PCB             0x801'2558     0xc  Data  Gb  memp.o [1]
memp_TCP_PCB_LISTEN      0x801'2564     0xc  Data  Gb  memp.o [1]
memp_TCP_SEG             0x801'2570     0xc  Data  Gb  memp.o [1]
memp_UDP_PCB             0x801'254c     0xc  Data  Gb  memp.o [1]
memp_free                0x800'1da1    0x2c  Code  Gb  memp.o [1]
memp_init                0x800'1ce9    0x1a  Code  Gb  memp.o [1]
memp_init_pool           0x800'1cc1    0x28  Code  Gb  memp.o [1]
memp_malloc              0x800'1d45    0x28  Code  Gb  memp.o [1]
memp_memory_FRAG_PBUF_base
                        0x2001'00e8   0x16c  Data  Gb  memp.o [1]
memp_memory_NETBUF_base
                        0x2001'0e1c    0x24  Data  Gb  memp.o [1]
memp_memory_NETCONN_base
                        0x2001'06d4    0xa4  Data  Gb  memp.o [1]
memp_memory_PBUF_POOL_base
                        0x2000'cf1c  0x2604  Data  Gb  memp.o [1]
memp_memory_PBUF_base   0x2001'0358   0x104  Data  Gb  memp.o [1]
memp_memory_REASSDATA_base
                        0x2001'0630    0xa4  Data  Gb  memp.o [1]
memp_memory_SYS_TIMEOUT_base
                        0x2001'0b88    0x54  Data  Gb  memp.o [1]
memp_memory_TCPIP_MSG_API_base
                        0x2001'0924    0x84  Data  Gb  memp.o [1]
memp_memory_TCPIP_MSG_INPKT_base
                        0x2001'09a8    0x84  Data  Gb  memp.o [1]
memp_memory_TCP_PCB_LISTEN_base
                        0x2001'054c    0xe4  Data  Gb  memp.o [1]
memp_memory_TCP_PCB_base
                        0x2000'fb84   0x310  Data  Gb  memp.o [1]
memp_memory_TCP_SEG_base
                        0x2001'0254   0x104  Data  Gb  memp.o [1]
memp_memory_UDP_PCB_base
                        0x2001'08a0    0x84  Data  Gb  memp.o [1]
memp_pools               0x801'1bfc    0x34  Data  Gb  memp.o [1]
memp_tab_FRAG_PBUF      0x2001'0eb4     0x4  Data  Lc  memp.o [1]
memp_tab_NETBUF         0x2001'0eb8     0x4  Data  Lc  memp.o [1]
memp_tab_NETCONN        0x2001'0ebc     0x4  Data  Lc  memp.o [1]
memp_tab_PBUF           0x2001'0ecc     0x4  Data  Lc  memp.o [1]
memp_tab_PBUF_POOL      0x2001'0ed0     0x4  Data  Lc  memp.o [1]
memp_tab_REASSDATA      0x2001'0eb0     0x4  Data  Lc  memp.o [1]
memp_tab_SYS_TIMEOUT    0x2001'0ec8     0x4  Data  Lc  memp.o [1]
memp_tab_TCPIP_MSG_API  0x2001'0ec0     0x4  Data  Lc  memp.o [1]
memp_tab_TCPIP_MSG_INPKT
                        0x2001'0ec4     0x4  Data  Lc  memp.o [1]
memp_tab_TCP_PCB        0x2001'0ea4     0x4  Data  Lc  memp.o [1]
memp_tab_TCP_PCB_LISTEN
                        0x2001'0ea8     0x4  Data  Lc  memp.o [1]
memp_tab_TCP_SEG        0x2001'0eac     0x4  Data  Lc  memp.o [1]
memp_tab_UDP_PCB        0x2001'0ea0     0x4  Data  Lc  memp.o [1]
memset                   0x800'f2fd    0x14  Code  Gb  memset.o [4]
modbus1Task              0x800'cba3     0x8  Code  Gb  freertos.o [1]
modbus2Task              0x800'cbb1     0x8  Code  Gb  freertos.o [1]
netbuf_data              0x800'd881    0x4c  Code  Gb  netbuf.o [1]
netbuf_delete            0x800'd85d    0x22  Code  Gb  netbuf.o [1]
netbuf_next              0x800'd8cd    0x30  Code  Gb  netbuf.o [1]
netconn_aborted          0x800'dac4     0x1  Data  Gb  api_msg.o [1]
netconn_accept           0x800'd24f    0xa6  Code  Gb  api_lib.o [1]
netconn_alloc            0x800'e049    0x82  Code  Gb  api_msg.o [1]
netconn_apimsg           0x800'd0a9    0x18  Code  Lc  api_lib.o [1]
netconn_bind             0x800'd1ad    0x30  Code  Gb  api_lib.o [1]
netconn_close            0x800'd69d     0x4  Code  Gb  api_lib.o [1]
netconn_close_shutdown   0x800'd641    0x34  Code  Lc  api_lib.o [1]
netconn_closed           0x800'dcac     0x1  Data  Gb  api_msg.o [1]
netconn_connect          0x800'd1dd    0x30  Code  Gb  api_lib.o [1]
netconn_delete           0x800'd191    0x1c  Code  Gb  api_lib.o [1]
netconn_drain            0x800'e13f    0x9e  Code  Lc  api_msg.o [1]
netconn_err              0x800'd6a1    0x1e  Code  Gb  api_lib.o [1]
netconn_free             0x800'e0cb    0x64  Code  Gb  api_msg.o [1]
netconn_listen_with_backlog
                         0x800'd21f    0x30  Code  Gb  api_lib.o [1]
netconn_new_with_proto_and_callback
                         0x800'd0c1    0xa4  Code  Gb  api_lib.o [1]
netconn_prepare_delete   0x800'd16b    0x26  Code  Gb  api_lib.o [1]
netconn_recv             0x800'd4b9    0x9e  Code  Gb  api_lib.o [1]
netconn_recv_data        0x800'd2f5    0xf4  Code  Lc  api_lib.o [1]
netconn_recv_data_tcp    0x800'd411    0x92  Code  Lc  api_lib.o [1]
netconn_reset            0x800'dac8     0x1  Data  Gb  api_msg.o [1]
netconn_tcp_recvd_msg    0x800'd3e9    0x28  Code  Lc  api_lib.o [1]
netconn_write_partly     0x800'd557    0x16  Code  Gb  api_lib.o [1]
netconn_write_vectors_partly
                         0x800'd56d    0xce  Code  Gb  api_lib.o [1]
netif_add                0x800'163f   0x102  Code  Gb  netif.o [1]
netif_default           0x2001'0e80     0x4  Data  Gb  netif.o [1]
netif_do_ip_addr_changed
                         0x800'1741    0x16  Code  Lc  netif.o [1]
netif_do_set_gw          0x800'17d5    0x16  Code  Lc  netif.o [1]
netif_do_set_ipaddr      0x800'1757    0x60  Code  Lc  netif.o [1]
netif_do_set_netmask     0x800'17bf    0x16  Code  Lc  netif.o [1]
netif_get_by_index       0x800'18e3    0x20  Code  Gb  netif.o [1]
netif_init               0x800'163d     0x2  Code  Gb  netif.o [1]
netif_issue_reports      0x800'1871    0x40  Code  Lc  netif.o [1]
netif_list              0x2001'0e7c     0x4  Data  Gb  netif.o [1]
netif_null_output_ip4    0x800'18dd     0x6  Code  Lc  netif.o [1]
netif_num               0x2001'0e78     0x1  Data  Lc  netif.o [1]
netif_set_addr           0x800'17ed    0x4c  Code  Gb  netif.o [1]
netif_set_default        0x800'1841     0x6  Code  Gb  netif.o [1]
netif_set_down           0x800'18b1    0x2c  Code  Gb  netif.o [1]
netif_set_up             0x800'1849    0x28  Code  Gb  netif.o [1]
netmask                 0x2001'0cb4     0x4  Data  Gb  lwip.o [1]
next_timeout            0x2001'0e8c     0x4  Data  Lc  timeouts.o [1]
obuf                    0x2001'0c2c    0x50  Data  Lc  xfiles.o [2]
osDelay                  0x800'a269     0xe  Code  Gb  cmsis_os.o [1]
osKernelStart            0x800'a1f1     0xa  Code  Gb  cmsis_os.o [1]
osKernelSysTick          0x800'a1fb    0x10  Code  Gb  cmsis_os.o [1]
osMessageCreate          0x800'a3eb    0x2a  Code  Gb  cmsis_os.o [1]
osMessageDelete          0x800'a501     0xe  Code  Gb  cmsis_os.o [1]
osMessageGet             0x800'a451    0x5c  Code  Gb  cmsis_os.o [1]
osMessagePut             0x800'a415    0x3c  Code  Gb  cmsis_os.o [1]
osMessageWaiting         0x800'a4f1    0x10  Code  Gb  cmsis_os.o [1]
osMutexCreate            0x800'a277    0x12  Code  Gb  cmsis_os.o [1]
osMutexRelease           0x800'a2cb    0x36  Code  Gb  cmsis_os.o [1]
osMutexWait              0x800'a289    0x42  Code  Gb  cmsis_os.o [1]
osSemaphoreCreate        0x800'a301    0x3e  Code  Gb  cmsis_os.o [1]
osSemaphoreDelete        0x800'a3d7     0xc  Code  Gb  cmsis_os.o [1]
osSemaphoreRelease       0x800'a38d    0x36  Code  Gb  cmsis_os.o [1]
osSemaphoreWait          0x800'a33f    0x42  Code  Gb  cmsis_os.o [1]
osThreadCreate           0x800'a20b    0x5e  Code  Gb  cmsis_os.o [1]
os_mutex_def_lwip_sys_mutex
                         0x800'7bd8     0x8  Data  Gb  sys_arch.o [1]
pbuf_add_header          0x800'2177     0x4  Code  Gb  pbuf.o [1]
pbuf_add_header_impl     0x800'2117    0x60  Code  Lc  pbuf.o [1]
pbuf_alloc               0x800'1e79   0x17c  Code  Gb  pbuf.o [1]
pbuf_alloc_reference     0x800'1ff5    0x48  Code  Gb  pbuf.o [1]
pbuf_alloced_custom      0x800'203d    0x38  Code  Gb  pbuf.o [1]
pbuf_cat                 0x800'22df    0x72  Code  Gb  pbuf.o [1]
pbuf_chain               0x800'2351    0x10  Code  Gb  pbuf.o [1]
pbuf_clen                0x800'229b    0x12  Code  Gb  pbuf.o [1]
pbuf_clone               0x800'24e1    0x32  Code  Gb  pbuf.o [1]
pbuf_copy                0x800'2361    0xf6  Code  Gb  pbuf.o [1]
pbuf_copy_partial        0x800'245d    0x82  Code  Gb  pbuf.o [1]
pbuf_free                0x800'21dd    0xb8  Code  Gb  pbuf.o [1]
pbuf_free_ooseq_callback
                         0x800'1e2d    0x2e  Code  Lc  pbuf.o [1]
pbuf_free_ooseq_pending
                        0x2001'0ee7     0x1  Data  Gb  pbuf.o [1]
pbuf_header_force        0x800'21d9     0x4  Code  Gb  pbuf.o [1]
pbuf_header_impl         0x800'21cb     0xe  Code  Lc  pbuf.o [1]
pbuf_init_alloced_pbuf   0x800'1e5b    0x1e  Code  Lc  pbuf.o [1]
pbuf_realloc             0x800'2075    0xa2  Code  Gb  pbuf.o [1]
pbuf_ref                 0x800'22ad    0x32  Code  Gb  pbuf.o [1]
pbuf_remove_header       0x800'217b    0x50  Code  Gb  pbuf.o [1]
poll_tcp                 0x800'dcb5    0x68  Code  Lc  api_msg.o [1]
printf                   0x800'1c99    0x28  Code  Gb  printf.o [2]
prvAddCurrentTaskToDelayedList
                         0x800'b319    0x5e  Code  Lc  tasks.o [1]
prvAddNewTaskToReadyList
                         0x800'ac5d    0xa8  Code  Lc  tasks.o [1]
prvCopyDataFromQueue     0x800'bae7    0x28  Code  Lc  queue.o [1]
prvCopyDataToQueue       0x800'ba7f    0x68  Code  Lc  queue.o [1]
prvDeleteTCB             0x800'b0d3    0x2e  Code  Lc  tasks.o [1]
prvIdleTask              0x800'b091    0x42  Code  Lc  tasks.o [1]
prvInitialiseMutex       0x800'b4bb    0x12  Code  Lc  queue.o [1]
prvInitialiseNewQueue    0x800'b4a5    0x16  Code  Lc  queue.o [1]
prvInitialiseNewTask     0x800'abe3    0x7a  Code  Lc  tasks.o [1]
prvInsertBlockIntoFreeList
                         0x800'c755    0x46  Code  Lc  heap_4.o [1]
prvIsQueueEmpty          0x800'bb77    0x16  Code  Lc  queue.o [1]
prvResetNextTaskUnblockTime
                         0x800'b101    0x1a  Code  Lc  tasks.o [1]
prvTaskExitError         0x800'c85d    0x1c  Code  Lc  port.o [1]
prvUnlockQueue           0x800'bb0f    0x68  Code  Lc  queue.o [1]
putchar                  0x801'2501     0xc  Code  Gb  putchar.o [2]
pvPortMalloc             0x800'c5f1   0x102  Code  Gb  heap_4.o [1]
pvTaskIncrementMutexHeldCount
                         0x800'b2e1    0x14  Code  Gb  tasks.o [1]
pxCurrentTCB            0x2001'07a0     0x4  Data  Gb  tasks.o [1]
pxDelayedTaskList       0x2001'07a4     0x4  Data  Lc  tasks.o [1]
pxEnd                   0x2000'01e0     0x4  Data  Lc  heap_4.o [1]
pxOverflowDelayedTaskList
                        0x2001'07a8     0x4  Data  Lc  tasks.o [1]
pxPortInitialiseStack    0x800'c835    0x26  Code  Gb  port.o [1]
pxReadyTasksLists       0x2001'0814    0x8c  Data  Lc  tasks.o [1]
ram                     0x2000'f520     0x4  Data  Lc  mem.o [1]
ram_end                 0x2000'f524     0x4  Data  Lc  mem.o [1]
ram_heap                0x2000'f52c   0x654  Data  Gb  mem.o [1]
rand                     0x800'8381    0x94  Code  Gb  rand.o [2]
reassdatagrams          0x2001'0e88     0x4  Data  Lc  ip4_frag.o [1]
recv_acked              0x2001'0dd6     0x2  Data  Lc  tcp_in.o [1]
recv_data               0x2001'0dec     0x4  Data  Lc  tcp_in.o [1]
recv_flags              0x2001'0dbd     0x1  Data  Lc  tcp_in.o [1]
recv_tcp                 0x800'dba9    0xaa  Code  Lc  api_msg.o [1]
recv_udp                 0x800'dacd    0x9a  Code  Lc  api_msg.o [1]
remove                   0x801'217f    0x14  Code  Gb  remove.o [5]
sFileInfo               0x2001'0ab0    0x80  Data  Lc  XShHandles.o [2]
s_xSemaphore            0x2000'9e78     0x4  Data  Gb  ethernetif.o [1]
scalbln                  0x800'9a25          Code  Gb  ldexp.o [3]
scalblnl                 0x800'9a25          Code  Gb  ldexp.o [3]
scalbn                   0x800'9a25          Code  Gb  ldexp.o [3]
scalbnl                  0x800'9a25          Code  Gb  ldexp.o [3]
scale                    0x800'792d    0x46  Code  Lc  xprintffull.o [2]
sec_hand                0x2001'0edc     0x4  Data  Lc  xfail_s.o [2]
sent_tcp                 0x800'dd25    0x5c  Code  Lc  api_msg.o [1]
seqno                   0x2001'0de4     0x4  Data  Lc  tcp_in.o [1]
setup_tcp                0x800'dec9    0x3a  Code  Lc  api_msg.o [1]
sprintf                  0x800'd81d    0x40  Code  Gb  sprintf.o [2]
strchr                   0x800'9891          Code  Gb  strchr.o [4]
sys_arch_mbox_fetch      0x800'7a49    0x3c  Code  Gb  sys_arch.o [1]
sys_arch_mbox_tryfetch   0x800'7a85    0x22  Code  Gb  sys_arch.o [1]
sys_arch_protect         0x800'7b9f    0x12  Code  Gb  sys_arch.o [1]
sys_arch_sem_wait        0x800'7adb    0x34  Code  Gb  sys_arch.o [1]
sys_arch_unprotect       0x800'7bb1     0x2  Code  Gb  sys_arch.o [1]
sys_check_timeouts       0x800'8545    0x34  Code  Gb  timeouts.o [1]
sys_init                 0x800'7b31    0x10  Code  Gb  sys_arch.o [1]
sys_mbox_free            0x800'7a23    0x14  Code  Gb  sys_arch.o [1]
sys_mbox_new             0x800'79f5    0x2e  Code  Gb  sys_arch.o [1]
sys_mbox_set_invalid     0x800'7aa9     0x2  Code  Gb  sys_arch.o [1]
sys_mbox_trypost         0x800'7a37    0x12  Code  Gb  sys_arch.o [1]
sys_mbox_valid           0x800'7aa7     0x2  Code  Gb  sys_arch.o [1]
sys_mutex_lock           0x800'7b63     0xa  Code  Gb  sys_arch.o [1]
sys_mutex_new            0x800'7b41    0x22  Code  Gb  sys_arch.o [1]
sys_mutex_unlock         0x800'7b6d     0x2  Code  Gb  sys_arch.o [1]
sys_now                  0x800'a913     0x4  Code  Gb  ethernetif.o [1]
sys_sem_free             0x800'7b15     0x6  Code  Gb  sys_arch.o [1]
sys_sem_new              0x800'7aad    0x2e  Code  Gb  sys_arch.o [1]
sys_sem_set_invalid      0x800'7b29     0x2  Code  Gb  sys_arch.o [1]
sys_sem_signal           0x800'7b0f     0x6  Code  Gb  sys_arch.o [1]
sys_sem_valid            0x800'7b1d     0x2  Code  Gb  sys_arch.o [1]
sys_thread_new           0x800'7b6f    0x30  Code  Gb  sys_arch.o [1]
sys_timeout              0x800'8515    0x30  Code  Gb  timeouts.o [1]
sys_timeout_abs          0x800'8471    0x5c  Code  Lc  timeouts.o [1]
sys_timeouts_init        0x800'84f7    0x1e  Code  Gb  timeouts.o [1]
sys_timeouts_sleeptime   0x800'8579    0x22  Code  Gb  timeouts.o [1]
tcp_abandon              0x800'2a3d    0xd8  Code  Gb  tcp.o [1]
tcp_abort                0x800'2b31     0x4  Code  Gb  tcp.o [1]
tcp_accept               0x800'36d9     0xc  Code  Gb  tcp.o [1]
tcp_accept_null          0x800'2bf5    0x26  Code  Lc  tcp.o [1]
tcp_active_pcbs         0x2000'0038     0x4  Data  Gb  tcp.o [1]
tcp_active_pcbs_changed
                        0x2000'0028     0x1  Data  Gb  tcp.o [1]
tcp_alloc                0x800'3541   0x112  Code  Gb  tcp.o [1]
tcp_arg                  0x800'365f     0x6  Code  Gb  tcp.o [1]
tcp_backoff              0x800'3ab4    0x10  Data  Lc  tcp.o [1]
tcp_bind                 0x800'2b35    0xa8  Code  Gb  tcp.o [1]
tcp_bound_pcbs          0x2000'0030     0x4  Data  Gb  tcp.o [1]
tcp_close                0x800'2979    0x32  Code  Gb  tcp.o [1]
tcp_close_shutdown       0x800'2709   0x178  Code  Lc  tcp.o [1]
tcp_close_shutdown_fin   0x800'2881    0x72  Code  Lc  tcp.o [1]
tcp_connect              0x800'2e5d   0x106  Code  Gb  tcp.o [1]
tcp_create_segment       0x800'01c1    0xd2  Code  Lc  tcp_out.o [1]
tcp_eff_send_mss_netif   0x800'3865    0x36  Code  Gb  tcp.o [1]
tcp_enqueue_flags        0x800'0b1b   0x11c  Code  Gb  tcp_out.o [1]
tcp_err                  0x800'36ad    0x24  Code  Gb  tcp.o [1]
tcp_fasttmr              0x800'334b    0x62  Code  Gb  tcp.o [1]
tcp_free                 0x800'26ad    0x28  Code  Gb  tcp.o [1]
tcp_free_acked_segments
                         0x800'5dab    0x9a  Code  Lc  tcp_in.o [1]
tcp_free_ooseq           0x800'3929    0x12  Code  Gb  tcp.o [1]
tcp_get_next_optbyte     0x800'658d    0x24  Code  Lc  tcp_in.o [1]
tcp_init                 0x800'2695    0x16  Code  Gb  tcp.o [1]
tcp_input                0x800'538d   0x888  Code  Gb  tcp_in.o [1]
tcp_input_delayed_close
                         0x800'5ce7    0x4a  Code  Lc  tcp_in.o [1]
tcp_input_pcb           0x2001'0df0     0x4  Data  Gb  tcp_in.o [1]
tcp_keepalive            0x800'1365    0x50  Code  Gb  tcp_out.o [1]
tcp_kill_state           0x800'34e7    0x54  Code  Lc  tcp.o [1]
tcp_listen_pcbs         0x2000'0034     0x4  Data  Gb  tcp.o [1]
tcp_listen_with_backlog_and_err
                         0x800'2c3d    0xb6  Code  Gb  tcp.o [1]
tcp_netif_ip_addr_changed
                         0x800'38cd    0x42  Code  Gb  tcp.o [1]
tcp_netif_ip_addr_changed_pcblist
                         0x800'389b    0x32  Code  Lc  tcp.o [1]
tcp_new_ip_type          0x800'3659     0x2  Code  Gb  tcp.o [1]
tcp_new_port             0x800'2e01    0x4c  Code  Lc  tcp.o [1]
tcp_next_iss             0x800'383d    0x22  Code  Gb  tcp.o [1]
tcp_next_iss::iss       0x2000'0040     0x4  Data  Lc  tcp.o [1]
tcp_oos_insert_segment   0x800'5d31    0x7a  Code  Lc  tcp_in.o [1]
tcp_optidx              0x2001'0dd4     0x2  Data  Lc  tcp_in.o [1]
tcp_output               0x800'0c4f   0x2de  Code  Gb  tcp_out.o [1]
tcp_output_alloc_header
                         0x800'118d    0x48  Code  Lc  tcp_out.o [1]
tcp_output_alloc_header_common
                         0x800'10fd    0x88  Code  Lc  tcp_out.o [1]
tcp_output_control_segment
                         0x800'121f    0x58  Code  Lc  tcp_out.o [1]
tcp_output_fill_options
                         0x800'11d5    0x4a  Code  Lc  tcp_out.o [1]
tcp_output_segment_busy
                         0x800'0f33    0x26  Code  Lc  tcp_out.o [1]
tcp_parseopt             0x800'65b1    0x7a  Code  Lc  tcp_in.o [1]
tcp_pbuf_prealloc        0x800'02cd    0xa2  Code  Lc  tcp_out.o [1]
tcp_pcb_lists            0x800'2e4c    0x10  Data  Gb  tcp.o [1]
tcp_pcb_purge            0x800'3729    0x60  Code  Gb  tcp.o [1]
tcp_pcb_remove           0x800'3789    0xae  Code  Gb  tcp.o [1]
tcp_persist_backoff      0x800'3ac4     0x8  Data  Lc  tcp.o [1]
tcp_poll                 0x800'36e5    0x3e  Code  Gb  tcp.o [1]
tcp_port                0x2000'01d4     0x2  Data  Lc  tcp.o [1]
tcp_process_refused_data
                         0x800'33bd    0x82  Code  Gb  tcp.o [1]
tcp_receive              0x800'5e73   0x6e2  Code  Lc  tcp_in.o [1]
tcp_recv                 0x800'3665    0x24  Code  Gb  tcp.o [1]
tcp_recv_null            0x800'34a7    0x36  Code  Gb  tcp.o [1]
tcp_recved               0x800'2d79    0x70  Code  Gb  tcp.o [1]
tcp_rexmit               0x800'1025    0x6c  Code  Gb  tcp_out.o [1]
tcp_rexmit_fast          0x800'1099    0x64  Code  Gb  tcp_out.o [1]
tcp_rexmit_rto           0x800'0ff9    0x2c  Code  Gb  tcp_out.o [1]
tcp_rexmit_rto_commit    0x800'0fcd    0x2c  Code  Gb  tcp_out.o [1]
tcp_rexmit_rto_prepare   0x800'0f59    0x6c  Code  Gb  tcp_out.o [1]
tcp_route                0x800'01ad    0x12  Code  Lc  tcp_out.o [1]
tcp_rst                  0x800'1277    0x86  Code  Gb  tcp_out.o [1]
tcp_seg_copy             0x800'346d    0x3a  Code  Gb  tcp.o [1]
tcp_seg_free             0x800'3451    0x1c  Code  Gb  tcp.o [1]
tcp_segs_free            0x800'343f    0x12  Code  Gb  tcp.o [1]
tcp_send_empty_ack       0x800'12fd    0x66  Code  Gb  tcp_out.o [1]
tcp_send_fin             0x800'0acd    0x4e  Code  Gb  tcp_out.o [1]
tcp_sent                 0x800'3689    0x24  Code  Gb  tcp.o [1]
tcp_server               0x800'cbb9    0xa0  Code  Gb  freertos.o [1]
tcp_shutdown             0x800'29c5    0x5a  Code  Gb  tcp.o [1]
tcp_slowtmr              0x800'2f89   0x3b4  Code  Gb  tcp.o [1]
tcp_split_unsent_seg     0x800'0957   0x16a  Code  Gb  tcp_out.o [1]
tcp_ticks               0x2000'002c     0x4  Data  Gb  tcp.o [1]
tcp_timer               0x2001'0ee8     0x1  Data  Lc  tcp.o [1]
tcp_timer_ctr           0x2000'0029     0x1  Data  Lc  tcp.o [1]
tcp_timer_needed         0x800'844d    0x24  Code  Gb  timeouts.o [1]
tcp_tmr                  0x800'26e9    0x1e  Code  Gb  tcp.o [1]
tcp_trigger_input_pcb_close
                         0x800'662b     0xc  Code  Gb  tcp_in.o [1]
tcp_tw_pcbs             0x2000'003c     0x4  Data  Gb  tcp.o [1]
tcp_update_rcv_ann_wnd   0x800'2cf5    0x66  Code  Gb  tcp.o [1]
tcp_write                0x800'03a5   0x512  Code  Gb  tcp_out.o [1]
tcp_zero_window_probe    0x800'13c1    0xbc  Code  Gb  tcp_out.o [1]
tcphdr                  0x2001'0ddc     0x4  Data  Lc  tcp_in.o [1]
tcphdr_opt1len          0x2001'0dd2     0x2  Data  Lc  tcp_in.o [1]
tcphdr_opt2             0x2001'0de0     0x4  Data  Lc  tcp_in.o [1]
tcphdr_optlen           0x2001'0dd0     0x2  Data  Lc  tcp_in.o [1]
tcpip_init               0x800'7d89    0x60  Code  Gb  tcpip.o [1]
tcpip_init_done         0x2001'0e68     0x4  Data  Lc  tcpip.o [1]
tcpip_init_done_arg     0x2001'0e6c     0x4  Data  Lc  tcpip.o [1]
tcpip_inpkt              0x800'7ca9    0x52  Code  Gb  tcpip.o [1]
tcpip_input              0x800'7cfb    0x10  Code  Gb  tcpip.o [1]
tcpip_mbox              0x2001'0e70     0x4  Data  Lc  tcpip.o [1]
tcpip_send_msg_wait_sem
                         0x800'7d65    0x16  Code  Gb  tcpip.o [1]
tcpip_tcp_timer          0x800'8425    0x28  Code  Lc  timeouts.o [1]
tcpip_tcp_timer_active  0x2001'0ed8     0x4  Data  Lc  timeouts.o [1]
tcpip_thread             0x800'7be9    0xae  Code  Lc  tcpip.o [1]
tcpip_try_callback       0x800'7d0b    0x4a  Code  Gb  tcpip.o [1]
tcplen                  0x2001'0dd8     0x2  Data  Lc  tcp_in.o [1]
ttio_guard              0x2001'0ee9     0x1  Data  Lc  XShttio.o [2]
ucHeap                  0x2000'01f0  0x9c40  Data  Lc  heap_4.o [1]
ucMaxSysCallPriority    0x2000'000c     0x1  Data  Lc  port.o [1]
udp_bind                 0x800'3e9d    0xbe  Code  Gb  udp.o [1]
udp_connect              0x800'3f5d    0x6a  Code  Gb  udp.o [1]
udp_init                 0x800'3b45    0x16  Code  Gb  udp.o [1]
udp_input                0x800'3b5b   0x196  Code  Gb  udp.o [1]
udp_netif_ip_addr_changed
                         0x800'4039    0x30  Code  Gb  udp.o [1]
udp_new                  0x800'401d    0x1a  Code  Gb  udp.o [1]
udp_new_ip_type          0x800'4037     0x2  Code  Gb  udp.o [1]
udp_pcbs                0x2000'0048     0x4  Data  Gb  udp.o [1]
udp_port                0x2000'0044     0x2  Data  Lc  udp.o [1]
udp_recv                 0x800'3fc9    0x18  Code  Gb  udp.o [1]
udp_remove               0x800'3fe1    0x3c  Code  Gb  udp.o [1]
udp_sendto_if            0x800'3cf1    0x7c  Code  Gb  udp.o [1]
udp_sendto_if_src        0x800'3d6d   0x130  Code  Gb  udp.o [1]
ulMaxPRIGROUPValue      0x2000'0014     0x4  Data  Lc  port.o [1]
uwTick                  0x2000'001c     0x4  Data  Gb  stm32f4xx_hal.o [1]
uwTickFreq              0x2000'0018     0x1  Data  Gb  stm32f4xx_hal.o [1]
uwTickPrio              0x2000'0020     0x4  Data  Gb  stm32f4xx_hal.o [1]
uxCriticalNesting       0x2000'0010     0x4  Data  Lc  port.o [1]
uxCurrentNumberOfTasks  0x2001'07c4     0x4  Data  Lc  tasks.o [1]
uxDeletedTasksWaitingCleanUp
                        0x2001'07ac     0x4  Data  Lc  tasks.o [1]
uxListRemove             0x800'c80d    0x26  Code  Gb  list.o [1]
uxPendedTicks           0x2001'07d4     0x4  Data  Lc  tasks.o [1]
uxQueueMessagesWaiting   0x800'ba1b    0x14  Code  Gb  queue.o [1]
uxQueueMessagesWaitingFromISR
                         0x800'ba47    0x16  Code  Gb  queue.o [1]
uxSchedulerSuspended    0x2001'07e8     0x4  Data  Lc  tasks.o [1]
uxTaskNumber            0x2001'07e0     0x4  Data  Lc  tasks.o [1]
uxTopReadyPriority      0x2001'07cc     0x4  Data  Lc  tasks.o [1]
vApplicationGetIdleTaskMemory
                         0x800'ca29    0x10  Code  Gb  freertos.o [1]
vListInitialise          0x800'c7a1    0x1a  Code  Gb  list.o [1]
vListInitialiseItem      0x800'c7bb     0x6  Code  Gb  list.o [1]
vListInsert              0x800'c7db    0x32  Code  Gb  list.o [1]
vListInsertEnd           0x800'c7c1    0x1a  Code  Gb  list.o [1]
vPortEnableVFP           0x800'd029          Code  Gb  portasm.o [1]
vPortEnterCritical       0x800'c91d    0x32  Code  Gb  port.o [1]
vPortExitCritical        0x800'c94f    0x22  Code  Gb  port.o [1]
vPortFree                0x800'c701    0x46  Code  Gb  heap_4.o [1]
vPortStartFirstTask      0x800'd009          Code  Gb  portasm.o [1]
vPortValidateInterruptPriority
                         0x800'c999    0x34  Code  Gb  port.o [1]
vQueueDelete             0x800'ba5d    0x22  Code  Gb  queue.o [1]
vQueueUnregisterQueue    0x800'bb8d    0x22  Code  Gb  queue.o [1]
vTaskDelay               0x800'ad05    0x2e  Code  Gb  tasks.o [1]
vTaskInternalSetTimeOutState
                         0x800'b011     0xe  Code  Gb  tasks.o [1]
vTaskMissedYield         0x800'b085     0xa  Code  Gb  tasks.o [1]
vTaskPlaceOnEventList    0x800'af77    0x26  Code  Gb  tasks.o [1]
vTaskPriorityDisinheritAfterTimeout
                         0x800'b24b    0x88  Code  Gb  tasks.o [1]
vTaskStartScheduler      0x800'ad43    0x54  Code  Gb  tasks.o [1]
vTaskSuspendAll          0x800'ad9f     0xc  Code  Gb  tasks.o [1]
vTaskSwitchContext       0x800'af25    0x52  Code  Gb  tasks.o [1]
xBlockAllocatedBit      0x2000'01ec     0x4  Data  Lc  heap_4.o [1]
xDelayedTaskList1       0x2001'07ec    0x14  Data  Lc  tasks.o [1]
xDelayedTaskList2       0x2001'0800    0x14  Data  Lc  tasks.o [1]
xFreeBytesRemaining     0x2000'01e4     0x4  Data  Lc  heap_4.o [1]
xIdleStack              0x2000'fee8   0x200  Data  Lc  freertos.o [1]
xIdleTaskTCBBuffer      0x2000'fe94    0x54  Data  Lc  freertos.o [1]
xMinimumEverFreeBytesRemaining
                        0x2000'01e8     0x4  Data  Lc  heap_4.o [1]
xNextTaskUnblockTime    0x2001'07e4     0x4  Data  Lc  tasks.o [1]
xNumOfOverflows         0x2001'07dc     0x4  Data  Lc  tasks.o [1]
xPendingReadyList       0x2001'0778    0x14  Data  Lc  tasks.o [1]
xPortStartScheduler      0x800'c879    0xa4  Code  Gb  port.o [1]
xQueueCreateMutex        0x800'b4cd    0x16  Code  Gb  queue.o [1]
xQueueCreateMutexStatic
                         0x800'b4e3    0x1a  Code  Gb  queue.o [1]
xQueueGenericCreate      0x800'b467    0x3e  Code  Gb  queue.o [1]
xQueueGenericCreateStatic
                         0x800'b407    0x60  Code  Gb  queue.o [1]
xQueueGenericReset       0x800'b395    0x72  Code  Gb  queue.o [1]
xQueueGenericSend        0x800'b4fd   0x122  Code  Gb  queue.o [1]
xQueueGenericSendFromISR
                         0x800'b627    0x8a  Code  Gb  queue.o [1]
xQueueGiveFromISR        0x800'b6b1    0x70  Code  Gb  queue.o [1]
xQueueReceive            0x800'b735    0xfc  Code  Gb  queue.o [1]
xQueueReceiveFromISR     0x800'b999    0x82  Code  Gb  queue.o [1]
xQueueRegistry          0x2001'0cbc    0x40  Data  Gb  queue.o [1]
xQueueSemaphoreTake      0x800'b83b   0x128  Code  Gb  queue.o [1]
xSchedulerRunning       0x2001'07d0     0x4  Data  Lc  tasks.o [1]
xStart                  0x2000'01d8     0x8  Data  Lc  heap_4.o [1]
xSuspendedTaskList      0x2001'07b0    0x14  Data  Lc  tasks.o [1]
xTaskCheckForTimeOut     0x800'b01f    0x66  Code  Gb  tasks.o [1]
xTaskCreate              0x800'ab87    0x5c  Code  Gb  tasks.o [1]
xTaskCreateStatic        0x800'ab29    0x5e  Code  Gb  tasks.o [1]
xTaskGetSchedulerState   0x800'b11b    0x18  Code  Gb  tasks.o [1]
xTaskGetTickCount        0x800'ae53     0x8  Code  Gb  tasks.o [1]
xTaskGetTickCountFromISR
                         0x800'ae5b     0xe  Code  Gb  tasks.o [1]
xTaskIncrementTick       0x800'ae69    0xbc  Code  Gb  tasks.o [1]
xTaskPriorityDisinherit
                         0x800'b1b5    0x78  Code  Gb  tasks.o [1]
xTaskPriorityInherit     0x800'b133    0x7c  Code  Gb  tasks.o [1]
xTaskRemoveFromEventList
                         0x800'afb5    0x52  Code  Gb  tasks.o [1]
xTaskResumeAll           0x800'adab    0x98  Code  Gb  tasks.o [1]
xTasksWaitingTermination
                        0x2001'078c    0x14  Data  Lc  tasks.o [1]
xTickCount              0x2001'07c8     0x4  Data  Lc  tasks.o [1]
xYieldPending           0x2001'07d8     0x4  Data  Lc  tasks.o [1]


[1] = D:\Radio\Jobe\Main mini\soft\EWARM\Main mini\Obj
[2] = dl7M_tlf.a
[3] = m7M_tls.a
[4] = rt7M_tl.a
[5] = shb_l.a

  66'255 bytes of readonly  code memory
   9'556 bytes of readonly  data memory
  93'928 bytes of readwrite data memory

Errors: none
Warnings: none
