###############################################################################
#
# IAR ELF Linker V8.40.2.214/W32 for ARM                  11/Nov/2021  13:38:52
# Copyright 2007-2019 IAR Systems AB.
#
#    Output file  =
#        D:\Kicads Schem\Main-mini\soft\EWARM\Main mini\Exe\Main mini.out
#    Map file     =
#        D:\Kicads Schem\Main-mini\soft\EWARM\Main mini\List\Main mini.map
#    Command line =
#        -f C:\Users\Sergey\AppData\Local\Temp\EWCDAE.tmp ("D:\Kicads
#        Schem\Main-mini\soft\EWARM\Main mini\Obj\altcp.o" "D:\Kicads
#        Schem\Main-mini\soft\EWARM\Main mini\Obj\altcp_alloc.o" "D:\Kicads
#        Schem\Main-mini\soft\EWARM\Main mini\Obj\altcp_tcp.o" "D:\Kicads
#        Schem\Main-mini\soft\EWARM\Main mini\Obj\api_lib.o" "D:\Kicads
#        Schem\Main-mini\soft\EWARM\Main mini\Obj\api_msg.o" "D:\Kicads
#        Schem\Main-mini\soft\EWARM\Main mini\Obj\auth.o" "D:\Kicads
#        Schem\Main-mini\soft\EWARM\Main mini\Obj\autoip.o" "D:\Kicads
#        Schem\Main-mini\soft\EWARM\Main mini\Obj\bridgeif.o" "D:\Kicads
#        Schem\Main-mini\soft\EWARM\Main mini\Obj\bridgeif_fdb.o" "D:\Kicads
#        Schem\Main-mini\soft\EWARM\Main mini\Obj\ccp.o" "D:\Kicads
#        Schem\Main-mini\soft\EWARM\Main mini\Obj\chap-md5.o" "D:\Kicads
#        Schem\Main-mini\soft\EWARM\Main mini\Obj\chap-new.o" "D:\Kicads
#        Schem\Main-mini\soft\EWARM\Main mini\Obj\chap_ms.o" "D:\Kicads
#        Schem\Main-mini\soft\EWARM\Main mini\Obj\cmsis_os.o" "D:\Kicads
#        Schem\Main-mini\soft\EWARM\Main mini\Obj\croutine.o" "D:\Kicads
#        Schem\Main-mini\soft\EWARM\Main mini\Obj\def.o" "D:\Kicads
#        Schem\Main-mini\soft\EWARM\Main mini\Obj\demand.o" "D:\Kicads
#        Schem\Main-mini\soft\EWARM\Main mini\Obj\dhcp.o" "D:\Kicads
#        Schem\Main-mini\soft\EWARM\Main mini\Obj\dhcp6.o" "D:\Kicads
#        Schem\Main-mini\soft\EWARM\Main mini\Obj\dns.o" "D:\Kicads
#        Schem\Main-mini\soft\EWARM\Main mini\Obj\eap.o" "D:\Kicads
#        Schem\Main-mini\soft\EWARM\Main mini\Obj\ecp.o" "D:\Kicads
#        Schem\Main-mini\soft\EWARM\Main mini\Obj\err.o" "D:\Kicads
#        Schem\Main-mini\soft\EWARM\Main mini\Obj\etharp.o" "D:\Kicads
#        Schem\Main-mini\soft\EWARM\Main mini\Obj\ethernet.o" "D:\Kicads
#        Schem\Main-mini\soft\EWARM\Main mini\Obj\ethernetif.o" "D:\Kicads
#        Schem\Main-mini\soft\EWARM\Main mini\Obj\ethip6.o" "D:\Kicads
#        Schem\Main-mini\soft\EWARM\Main mini\Obj\eui64.o" "D:\Kicads
#        Schem\Main-mini\soft\EWARM\Main mini\Obj\event_groups.o" "D:\Kicads
#        Schem\Main-mini\soft\EWARM\Main mini\Obj\freertos.o" "D:\Kicads
#        Schem\Main-mini\soft\EWARM\Main mini\Obj\fsm.o" "D:\Kicads
#        Schem\Main-mini\soft\EWARM\Main mini\Obj\gpio.o" "D:\Kicads
#        Schem\Main-mini\soft\EWARM\Main mini\Obj\heap_4.o" "D:\Kicads
#        Schem\Main-mini\soft\EWARM\Main mini\Obj\icmp.o" "D:\Kicads
#        Schem\Main-mini\soft\EWARM\Main mini\Obj\icmp6.o" "D:\Kicads
#        Schem\Main-mini\soft\EWARM\Main mini\Obj\if_api.o" "D:\Kicads
#        Schem\Main-mini\soft\EWARM\Main mini\Obj\igmp.o" "D:\Kicads
#        Schem\Main-mini\soft\EWARM\Main mini\Obj\inet6.o" "D:\Kicads
#        Schem\Main-mini\soft\EWARM\Main mini\Obj\inet_chksum.o" "D:\Kicads
#        Schem\Main-mini\soft\EWARM\Main mini\Obj\init.o" "D:\Kicads
#        Schem\Main-mini\soft\EWARM\Main mini\Obj\ip.o" "D:\Kicads
#        Schem\Main-mini\soft\EWARM\Main mini\Obj\ip4.o" "D:\Kicads
#        Schem\Main-mini\soft\EWARM\Main mini\Obj\ip4_addr.o" "D:\Kicads
#        Schem\Main-mini\soft\EWARM\Main mini\Obj\ip4_frag.o" "D:\Kicads
#        Schem\Main-mini\soft\EWARM\Main mini\Obj\ip6.o" "D:\Kicads
#        Schem\Main-mini\soft\EWARM\Main mini\Obj\ip6_addr.o" "D:\Kicads
#        Schem\Main-mini\soft\EWARM\Main mini\Obj\ip6_frag.o" "D:\Kicads
#        Schem\Main-mini\soft\EWARM\Main mini\Obj\ipcp.o" "D:\Kicads
#        Schem\Main-mini\soft\EWARM\Main mini\Obj\ipv6cp.o" "D:\Kicads
#        Schem\Main-mini\soft\EWARM\Main mini\Obj\lcp.o" "D:\Kicads
#        Schem\Main-mini\soft\EWARM\Main mini\Obj\list.o" "D:\Kicads
#        Schem\Main-mini\soft\EWARM\Main mini\Obj\lowpan6.o" "D:\Kicads
#        Schem\Main-mini\soft\EWARM\Main mini\Obj\lowpan6_ble.o" "D:\Kicads
#        Schem\Main-mini\soft\EWARM\Main mini\Obj\lowpan6_common.o" "D:\Kicads
#        Schem\Main-mini\soft\EWARM\Main mini\Obj\lwip.o" "D:\Kicads
#        Schem\Main-mini\soft\EWARM\Main mini\Obj\magic.o" "D:\Kicads
#        Schem\Main-mini\soft\EWARM\Main mini\Obj\main.o" "D:\Kicads
#        Schem\Main-mini\soft\EWARM\Main mini\Obj\mb_m.o" "D:\Kicads
#        Schem\Main-mini\soft\EWARM\Main mini\Obj\mbcrc.o" "D:\Kicads
#        Schem\Main-mini\soft\EWARM\Main mini\Obj\mbfunccoils_m.o" "D:\Kicads
#        Schem\Main-mini\soft\EWARM\Main mini\Obj\mbfuncdiag.o" "D:\Kicads
#        Schem\Main-mini\soft\EWARM\Main mini\Obj\mbfuncdisc_m.o" "D:\Kicads
#        Schem\Main-mini\soft\EWARM\Main mini\Obj\mbfuncholding_m.o" "D:\Kicads
#        Schem\Main-mini\soft\EWARM\Main mini\Obj\mbfuncinput_m.o" "D:\Kicads
#        Schem\Main-mini\soft\EWARM\Main mini\Obj\mbfuncother.o" "D:\Kicads
#        Schem\Main-mini\soft\EWARM\Main mini\Obj\mbrtu.o" "D:\Kicads
#        Schem\Main-mini\soft\EWARM\Main mini\Obj\mbrtu_m.o" "D:\Kicads
#        Schem\Main-mini\soft\EWARM\Main mini\Obj\mbutils.o" "D:\Kicads
#        Schem\Main-mini\soft\EWARM\Main mini\Obj\mem.o" "D:\Kicads
#        Schem\Main-mini\soft\EWARM\Main mini\Obj\memp.o" "D:\Kicads
#        Schem\Main-mini\soft\EWARM\Main mini\Obj\mld6.o" "D:\Kicads
#        Schem\Main-mini\soft\EWARM\Main mini\Obj\mppe.o" "D:\Kicads
#        Schem\Main-mini\soft\EWARM\Main mini\Obj\mqtt.o" "D:\Kicads
#        Schem\Main-mini\soft\EWARM\Main mini\Obj\multilink.o" "D:\Kicads
#        Schem\Main-mini\soft\EWARM\Main mini\Obj\nd6.o" "D:\Kicads
#        Schem\Main-mini\soft\EWARM\Main mini\Obj\netbuf.o" "D:\Kicads
#        Schem\Main-mini\soft\EWARM\Main mini\Obj\netdb.o" "D:\Kicads
#        Schem\Main-mini\soft\EWARM\Main mini\Obj\netif.o" "D:\Kicads
#        Schem\Main-mini\soft\EWARM\Main mini\Obj\netifapi.o" "D:\Kicads
#        Schem\Main-mini\soft\EWARM\Main mini\Obj\pbuf.o" "D:\Kicads
#        Schem\Main-mini\soft\EWARM\Main mini\Obj\port.o" "D:\Kicads
#        Schem\Main-mini\soft\EWARM\Main mini\Obj\portasm.o" "D:\Kicads
#        Schem\Main-mini\soft\EWARM\Main mini\Obj\portcritical.o" "D:\Kicads
#        Schem\Main-mini\soft\EWARM\Main mini\Obj\portevent_m.o" "D:\Kicads
#        Schem\Main-mini\soft\EWARM\Main mini\Obj\portserial_m.o" "D:\Kicads
#        Schem\Main-mini\soft\EWARM\Main mini\Obj\porttimer_m.o" "D:\Kicads
#        Schem\Main-mini\soft\EWARM\Main mini\Obj\ppp.o" "D:\Kicads
#        Schem\Main-mini\soft\EWARM\Main mini\Obj\pppapi.o" "D:\Kicads
#        Schem\Main-mini\soft\EWARM\Main mini\Obj\pppcrypt.o" "D:\Kicads
#        Schem\Main-mini\soft\EWARM\Main mini\Obj\pppoe.o" "D:\Kicads
#        Schem\Main-mini\soft\EWARM\Main mini\Obj\pppol2tp.o" "D:\Kicads
#        Schem\Main-mini\soft\EWARM\Main mini\Obj\pppos.o" "D:\Kicads
#        Schem\Main-mini\soft\EWARM\Main mini\Obj\queue.o" "D:\Kicads
#        Schem\Main-mini\soft\EWARM\Main mini\Obj\raw.o" "D:\Kicads
#        Schem\Main-mini\soft\EWARM\Main mini\Obj\slipif.o" "D:\Kicads
#        Schem\Main-mini\soft\EWARM\Main mini\Obj\sockets.o" "D:\Kicads
#        Schem\Main-mini\soft\EWARM\Main mini\Obj\spi.o" "D:\Kicads
#        Schem\Main-mini\soft\EWARM\Main mini\Obj\startup_stm32f437xx.o"
#        "D:\Kicads Schem\Main-mini\soft\EWARM\Main mini\Obj\stats.o"
#        "D:\Kicads Schem\Main-mini\soft\EWARM\Main mini\Obj\stm32f4xx_hal.o"
#        "D:\Kicads Schem\Main-mini\soft\EWARM\Main
#        mini\Obj\stm32f4xx_hal_cortex.o" "D:\Kicads
#        Schem\Main-mini\soft\EWARM\Main mini\Obj\stm32f4xx_hal_dma.o"
#        "D:\Kicads Schem\Main-mini\soft\EWARM\Main
#        mini\Obj\stm32f4xx_hal_dma_ex.o" "D:\Kicads
#        Schem\Main-mini\soft\EWARM\Main mini\Obj\stm32f4xx_hal_eth.o"
#        "D:\Kicads Schem\Main-mini\soft\EWARM\Main
#        mini\Obj\stm32f4xx_hal_exti.o" "D:\Kicads
#        Schem\Main-mini\soft\EWARM\Main mini\Obj\stm32f4xx_hal_flash.o"
#        "D:\Kicads Schem\Main-mini\soft\EWARM\Main
#        mini\Obj\stm32f4xx_hal_flash_ex.o" "D:\Kicads
#        Schem\Main-mini\soft\EWARM\Main
#        mini\Obj\stm32f4xx_hal_flash_ramfunc.o" "D:\Kicads
#        Schem\Main-mini\soft\EWARM\Main mini\Obj\stm32f4xx_hal_gpio.o"
#        "D:\Kicads Schem\Main-mini\soft\EWARM\Main
#        mini\Obj\stm32f4xx_hal_msp.o" "D:\Kicads
#        Schem\Main-mini\soft\EWARM\Main mini\Obj\stm32f4xx_hal_pwr.o"
#        "D:\Kicads Schem\Main-mini\soft\EWARM\Main
#        mini\Obj\stm32f4xx_hal_pwr_ex.o" "D:\Kicads
#        Schem\Main-mini\soft\EWARM\Main mini\Obj\stm32f4xx_hal_rcc.o"
#        "D:\Kicads Schem\Main-mini\soft\EWARM\Main
#        mini\Obj\stm32f4xx_hal_rcc_ex.o" "D:\Kicads
#        Schem\Main-mini\soft\EWARM\Main mini\Obj\stm32f4xx_hal_spi.o"
#        "D:\Kicads Schem\Main-mini\soft\EWARM\Main
#        mini\Obj\stm32f4xx_hal_tim.o" "D:\Kicads
#        Schem\Main-mini\soft\EWARM\Main mini\Obj\stm32f4xx_hal_tim_ex.o"
#        "D:\Kicads Schem\Main-mini\soft\EWARM\Main
#        mini\Obj\stm32f4xx_hal_timebase_tim.o" "D:\Kicads
#        Schem\Main-mini\soft\EWARM\Main mini\Obj\stm32f4xx_hal_uart.o"
#        "D:\Kicads Schem\Main-mini\soft\EWARM\Main mini\Obj\stm32f4xx_it.o"
#        "D:\Kicads Schem\Main-mini\soft\EWARM\Main mini\Obj\stream_buffer.o"
#        "D:\Kicads Schem\Main-mini\soft\EWARM\Main mini\Obj\sys.o" "D:\Kicads
#        Schem\Main-mini\soft\EWARM\Main mini\Obj\sys_arch.o" "D:\Kicads
#        Schem\Main-mini\soft\EWARM\Main mini\Obj\system_stm32f4xx.o"
#        "D:\Kicads Schem\Main-mini\soft\EWARM\Main mini\Obj\tasks.o"
#        "D:\Kicads Schem\Main-mini\soft\EWARM\Main mini\Obj\tcp.o" "D:\Kicads
#        Schem\Main-mini\soft\EWARM\Main mini\Obj\tcp_in.o" "D:\Kicads
#        Schem\Main-mini\soft\EWARM\Main mini\Obj\tcp_out.o" "D:\Kicads
#        Schem\Main-mini\soft\EWARM\Main mini\Obj\tcpip.o" "D:\Kicads
#        Schem\Main-mini\soft\EWARM\Main mini\Obj\tim.o" "D:\Kicads
#        Schem\Main-mini\soft\EWARM\Main mini\Obj\timeouts.o" "D:\Kicads
#        Schem\Main-mini\soft\EWARM\Main mini\Obj\timers.o" "D:\Kicads
#        Schem\Main-mini\soft\EWARM\Main mini\Obj\udp.o" "D:\Kicads
#        Schem\Main-mini\soft\EWARM\Main mini\Obj\upap.o" "D:\Kicads
#        Schem\Main-mini\soft\EWARM\Main mini\Obj\usart.o" "D:\Kicads
#        Schem\Main-mini\soft\EWARM\Main mini\Obj\user_mb_app_m.o" "D:\Kicads
#        Schem\Main-mini\soft\EWARM\Main mini\Obj\utils.o" "D:\Kicads
#        Schem\Main-mini\soft\EWARM\Main mini\Obj\vj.o" "D:\Kicads
#        Schem\Main-mini\soft\EWARM\Main mini\Obj\zepif.o" --redirect
#        _Printf=_PrintfFull --redirect _Scanf=_ScanfFull --no_out_extension -o
#        "D:\Kicads Schem\Main-mini\soft\EWARM\Main mini\Exe\Main mini.out"
#        --map "D:\Kicads Schem\Main-mini\soft\EWARM\Main mini\List\Main
#        mini.map" --config "D:\Kicads
#        Schem\Main-mini\soft\EWARM/stm32f437xx_flash.icf" --semihosting
#        --entry __iar_program_start --vfe --text_out locale)
#
###############################################################################

*******************************************************************************
*** RUNTIME MODEL ATTRIBUTES
***

CppFlavor       = *
__Heap_Handler  = Basic
__SystemLibrary = DLib
__dlib_version  = 6


*******************************************************************************
*** HEAP SELECTION
***

The basic heap was selected because no calls to memory allocation
functions were found in the application outside of system library
functions, and there are calls to deallocation functions in the
application.


*******************************************************************************
*** PLACEMENT SUMMARY
***

"A0":  place at address 0x800'0000 { ro section .intvec };
"P1":  place in [from 0x800'0000 to 0x81f'ffff] { ro };
define block CSTACK with size = 1K, alignment = 8 { };
define block HEAP with size = 512, alignment = 8 { };
"P2":  place in [from 0x2000'0000 to 0x2002'ffff] {
          rw, block CSTACK, block HEAP };
initialize by copy { rw };

  Section            Kind         Address      Size  Object
  -------            ----         -------      ----  ------
"A0":                                         0x1ac
  .intvec            ro code   0x800'0000     0x1ac  startup_stm32f437xx.o [1]
                             - 0x800'01ac     0x1ac

"P1":                                      0x1'8e64
  .text              ro code   0x800'01ac    0x1a90  tcp_in.o [1]
  .text              ro code   0x800'1c3c      0x28  printf.o [2]
  .text              ro code   0x800'1c64     0xb14  pbuf.o [1]
  .text              ro code   0x800'2778      0xf2  ip4_addr.o [1]
  .text              ro code   0x800'286a      0x2c  def.o [1]
  .text              ro code   0x800'2896      0x3a  zero_init3.o [4]
  .text              ro code   0x800'28d0    0x149e  tcp.o [1]
  .text              ro code   0x800'3d6e      0x1e  xencoding_8859_1.o [2]
  .text              ro code   0x800'3d8c    0x18b4  tcp_out.o [1]
  .text              ro code   0x800'5640     0x208  timeouts.o [1]
  .text              ro code   0x800'5848     0x3e4  ip4.o [1]
  .text              ro code   0x800'5c2c    0x10c6  xprintffull.o [2]
  .rodata            const     0x800'6cf2       0x2  xlocale_c.o [2]
  .text              ro code   0x800'6cf4     0x23c  sys_arch.o [1]
  .text              ro code   0x800'6f30     0x270  tcpip.o [1]
  .text              ro code   0x800'71a0     0x130  memp.o [1]
  .text              ro code   0x800'72d0     0x640  mem.o [1]
  .text              ro code   0x800'7910      0xa6  ABImemcpy.o [4]
  .rodata            const     0x800'79b6       0x2  xlocale_c.o [2]
  .text              ro code   0x800'79b8      0xa4  rand.o [2]
  .text              ro code   0x800'7a5c      0x66  ABImemset.o [4]
  .rodata            const     0x800'7ac2       0x1  api_msg.o [1]
  .rodata            const     0x800'7ac3       0x1  api_msg.o [1]
  .text              ro code   0x800'7ac4     0x42c  netif.o [1]
  .text              ro code   0x800'7ef0     0x5ea  ethernetif.o [1]
  .rodata            const     0x800'84da       0x1  api_msg.o [1]
  .rodata            const     0x800'84db       0x1  xlocale_c.o [2]
  .text              ro code   0x800'84dc     0x968  ip4_frag.o [1]
  .text              ro code   0x800'8e44     0x7e8  udp.o [1]
  .text              ro code   0x800'962c     0x26c  icmp.o [1]
  .text              ro code   0x800'9898      0x7c  xlocale_c.o [2]
  .text              ro code   0x800'9914      0x16  strchr.o [4]
  .text              ro code   0x800'992c      0x40  xfail_s.o [2]
  .text              ro code   0x800'996c      0x36  strlen.o [4]
  .text              ro code   0x800'99a4      0x58  memchr.o [4]
  .text              ro code   0x800'99fc      0x70  frexp.o [3]
  .text              ro code   0x800'9a6c      0x2e  DblCmpLe.o [3]
  .text              ro code   0x800'9a9c      0x2e  DblCmpGe.o [3]
  .text              ro code   0x800'9acc     0x13a  ldexp.o [3]
  .text              ro code   0x800'9c08      0x3a  DblToS32.o [3]
  .text              ro code   0x800'9c44      0x22  S32ToDbl.o [3]
  .text              ro code   0x800'9c68      0xe2  DblSub.o [3]
  .text              ro code   0x800'9d4c     0x246  DblDiv.o [3]
  .text              ro code   0x800'9f94      0x28  DblToU32.o [3]
  .text              ro code   0x800'9fbc      0x1a  U32ToDbl.o [3]
  .text              ro code   0x800'9fd8     0x1a2  DblMul.o [3]
  .text              ro code   0x800'a17a       0xa  xmbcurmax.o [2]
  .text              ro code   0x800'a184     0x230  I64DivMod.o [4]
  .text              ro code   0x800'a3b4     0x432  cmsis_os.o [1]
  .text              ro code   0x800'a7e8       0x6  ABImemclr4.o [4]
  .text              ro code   0x800'a7f0      0x4c  init.o [1]
  .text              ro code   0x800'a83c     0xa90  etharp.o [1]
  .text              ro code   0x800'b2cc    0x1652  dhcp.o [1]
  .text              ro code   0x800'c920     0x240  stm32f4xx_hal_gpio.o [1]
  .text              ro code   0x800'cb60      0xe8  stm32f4xx_hal_cortex.o [1]
  .text              ro code   0x800'cc48     0xc58  stm32f4xx_hal_eth.o [1]
  .text              ro code   0x800'd8a0       0xc  stm32f4xx_hal.o [1]
  .text              ro code   0x800'd8ac       0x6  abort.o [2]
  .text              ro code   0x800'd8b4     0x16a  DblAdd.o [3]
  .text              ro code   0x800'da20       0x2  I64DivZer.o [4]
  .text              ro code   0x800'da24     0xb10  tasks.o [1]
  .text              ro code   0x800'e534     0xad0  queue.o [1]
  .text              ro code   0x800'f004      0x32  ABImemset48.o [4]
  .text              ro code   0x800'f038     0x468  dns.o [1]
  .text              ro code   0x800'f4a0     0x12c  ethernet.o [1]
  .text              ro code   0x800'f5cc     0x23c  stm32f4xx_hal_rcc.o [1]
  .text              ro code   0x800'f808      0x28  stm32f4xx_hal.o [1]
  .text              ro code   0x800'f830       0x2  stm32f4xx_hal_eth.o [1]
  .text              ro code   0x800'f832       0x2  stm32f4xx_hal_eth.o [1]
  .text              ro code   0x800'f834      0x14  exit.o [5]
  .text              ro code   0x800'f848     0x278  heap_4.o [1]
  .text              ro code   0x800'fac0      0x98  list.o [1]
  .text              ro code   0x800'fb58     0x258  port.o [1]
  .text              ro code   0x800'fdb0     0x33c  freertos.o [1]
  .text              ro code   0x801'00ec      0x68  memcmp.o [4]
  .text              ro code   0x801'0154      0x84  stm32f4xx_hal_timebase_tim.o [1]
  .text              ro code   0x801'01d8      0x7c  iarttio.o [5]
  CODE               ro code   0x801'0254      0xb0  portasm.o [1]
  .text              ro code   0x801'0304      0xbc  lwip.o [1]
  .text              ro code   0x801'03c0     0x2d4  mb_m.o [1]
  .text              ro code   0x801'0694     0x290  mbfuncholding_m.o [1]
  .text              ro code   0x801'0924     0x744  api_lib.o [1]
  .text              ro code   0x801'1068      0xdc  netbuf.o [1]
  .text              ro code   0x801'1144     0x3bc  stm32f4xx_hal_tim.o [1]
  .text              ro code   0x801'1500      0x3c  XShttio.o [2]
  .text              ro code   0x801'153c     0x2fc  mbrtu_m.o [1]
  .text              ro code   0x801'1838      0xa4  portevent_m.o [1]
  .text              ro code   0x801'18dc     0x238  user_mb_app_m.o [1]
  .text              ro code   0x801'1b14      0x7c  mbutils.o [1]
  .text              ro code   0x801'1b90    0x133c  api_msg.o [1]
  .text              ro code   0x801'2ecc      0xd0  tim.o [1]
  .text              ro code   0x801'2f9c       0x2  stm32f4xx_hal_tim.o [1]
  .text              ro code   0x801'2f9e       0x2  stm32f4xx_hal_tim.o [1]
  .text              ro code   0x801'2fa0       0x2  stm32f4xx_hal_tim.o [1]
  .text              ro code   0x801'2fa4     0x126  main.o [1]
  .text              ro code   0x801'30ca       0x2  stm32f4xx_hal_tim_ex.o [1]
  .text              ro code   0x801'30cc       0x2  stm32f4xx_hal_tim.o [1]
  .text              ro code   0x801'30ce       0x2  stm32f4xx_hal_tim_ex.o [1]
  .text              ro code   0x801'30d0      0x24  portcritical.o [1]
  .text              ro code   0x801'30f4      0xc0  portserial_m.o [1]
  .text              ro code   0x801'31b4      0x7c  porttimer_m.o [1]
  .text              ro code   0x801'3230      0x40  mbcrc.o [1]
  .text              ro code   0x801'3270      0x34  stm32f4xx_hal.o [1]
  .text              ro code   0x801'32a4      0xd8  gpio.o [1]
  .text              ro code   0x801'337c      0xfc  spi.o [1]
  .text              ro code   0x801'3478     0x16c  usart.o [1]
  .text              ro code   0x801'35e4      0x14  memset.o [4]
  .text              ro code   0x801'35f8     0x3c4  stm32f4xx_hal_rcc.o [1]
  .text              ro code   0x801'39bc      0x7c  stm32f4xx_hal_pwr_ex.o [1]
  .text              ro code   0x801'3a38      0x18  stm32f4xx_hal.o [1]
  .text              ro code   0x801'3a50     0xa2c  stm32f4xx_hal_uart.o [1]
  .text              ro code   0x801'447c      0x48  stm32f4xx_hal_msp.o [1]
  .text              ro code   0x801'44c4      0xce  stm32f4xx_hal_spi.o [1]
  .text              ro code   0x801'4594      0xc2  stm32f4xx_hal_dma.o [1]
  .text              ro code   0x801'4656       0x2  stm32f4xx_hal_uart.o [1]
  .text              ro code   0x801'4658       0x2  stm32f4xx_hal_uart.o [1]
  .text              ro code   0x801'465a       0x2  stm32f4xx_hal_uart.o [1]
  .text              ro code   0x801'465c       0x2  stm32f4xx_hal_uart.o [1]
  .text              ro code   0x801'465e     0x18c  mbfunccoils_m.o [1]
  .text              ro code   0x801'47ec     0x138  heap0.o [2]
  .text              ro code   0x801'4924      0x2c  xgetmemchunk.o [2]
  .rodata            const     0x801'4950     0x100  mbcrc.o [1]
  .rodata            const     0x801'4a50     0x100  mbcrc.o [1]
  .text              ro code   0x801'4b50      0xd8  xfspos.o [2]
  .text              ro code   0x801'4c28      0xac  fflush.o [2]
  .text              ro code   0x801'4cd4       0xc  xfgpos.o [2]
  .text              ro code   0x801'4ce0      0x4a  lseek.o [5]
  .text              ro code   0x801'4d2a      0x10  write.o [5]
  .text              ro code   0x801'4d3c      0xcc  XShHandles.o [2]
  .text              ro code   0x801'4e08      0x1e  dwrite.o [5]
  .text              ro code   0x801'4e26      0x20  iarwstd.o [5]
  .text              ro code   0x801'4e46      0x22  iarwrite.o [5]
  .text              ro code   0x801'4e68      0xb4  xfwprep.o [2]
  .text              ro code   0x801'4f1c      0x24  fseek.o [2]
  .text              ro code   0x801'4f40      0x9c  xfofind.o [2]
  .text              ro code   0x801'4fdc       0x4  heaptramp0.o [2]
  .text              ro code   0x801'4fe0      0x92  mbfuncdisc_m.o [1]
  .text              ro code   0x801'5072      0x7e  fclose.o [2]
  .text              ro code   0x801'50f0      0x18  close.o [5]
  .text              ro code   0x801'5108      0x14  remove.o [5]
  .text              ro code   0x801'511c      0x78  lz77_init_single.o [4]
  .text              ro code   0x801'5194      0x76  mbfuncinput_m.o [1]
  .text              ro code   0x801'520c      0x60  stm32f4xx_it.o [1]
  .rodata            const     0x801'526c      0x58  ip4_frag.o [1]
  .rodata            const     0x801'52c4      0x58  tcp_out.o [1]
  .rodata            const     0x801'531c      0x54  dhcp.o [1]
  .rodata            const     0x801'5370      0x54  etharp.o [1]
  .rodata            const     0x801'53c4      0x54  ethernet.o [1]
  .rodata            const     0x801'5418      0x54  icmp.o [1]
  .text              ro code   0x801'546c      0x54  fputc.o [2]
  .rodata            const     0x801'54c0      0x50  api_lib.o [1]
  .rodata            const     0x801'5510      0x50  api_msg.o [1]
  .rodata            const     0x801'5560      0x50  ip4.o [1]
  .rodata            const     0x801'55b0      0x50  netbuf.o [1]
  .rodata            const     0x801'5600      0x50  netif.o [1]
  .rodata            const     0x801'5650      0x50  tcp_in.o [1]
  .rodata            const     0x801'56a0      0x50  tcp_out.o [1]
  .rodata            const     0x801'56f0      0x50  timeouts.o [1]
  .rodata            const     0x801'5740      0x4c  dns.o [1]
  .rodata            const     0x801'578c      0x4c  init.o [1]
  .rodata            const     0x801'57d8      0x4c  mem.o [1]
  .rodata            const     0x801'5824      0x4c  memp.o [1]
  .rodata            const     0x801'5870      0x4c  pbuf.o [1]
  .rodata            const     0x801'58bc      0x4c  tcp.o [1]
  .rodata            const     0x801'5908      0x4c  tcpip.o [1]
  .rodata            const     0x801'5954      0x4c  udp.o [1]
  .rodata            const     0x801'59a0      0x44  dhcp.o [1]
  .rodata            const     0x801'59e4      0x44  etharp.o [1]
  .rodata            const     0x801'5a28      0x44  init.o [1]
  .rodata            const     0x801'5a6c      0x40  api_msg.o [1]
  .rodata            const     0x801'5aac      0x40  dhcp.o [1]
  .rodata            const     0x801'5aec      0x40  etharp.o [1]
  .rodata            const     0x801'5b2c      0x40  tcp_out.o [1]
  .rodata            const     0x801'5b6c      0x40  timeouts.o [1]
  .rodata            const     0x801'5bac      0x3c  api_msg.o [1]
  .rodata            const     0x801'5be8      0x3c  api_msg.o [1]
  .rodata            const     0x801'5c24      0x3c  dhcp.o [1]
  .rodata            const     0x801'5c60      0x3c  dhcp.o [1]
  .rodata            const     0x801'5c9c      0x3c  tcp_in.o [1]
  .rodata            const     0x801'5cd8      0x3c  tcp_out.o [1]
  .rodata            const     0x801'5d14      0x3c  tcp_out.o [1]
  .text              ro code   0x801'5d50      0x3c  xcloseall.o [2]
  .rodata            const     0x801'5d8c      0x38  dhcp.o [1]
  .rodata            const     0x801'5dc4      0x38  icmp.o [1]
  .rodata            const     0x801'5dfc      0x38  ip4_frag.o [1]
  .rodata            const     0x801'5e34      0x38  memp.o [1]
  .rodata            const     0x801'5e6c      0x38  pbuf.o [1]
  .rodata            const     0x801'5ea4      0x38  tcp.o [1]
  .rodata            const     0x801'5edc      0x38  tcp.o [1]
  .rodata            const     0x801'5f14      0x38  tcp_in.o [1]
  .rodata            const     0x801'5f4c      0x38  tcp_out.o [1]
  .rodata            const     0x801'5f84      0x38  tcp_out.o [1]
  .rodata            const     0x801'5fbc      0x38  timeouts.o [1]
  .rodata            const     0x801'5ff4      0x34  etharp.o [1]
  .rodata            const     0x801'6028      0x34  ethernet.o [1]
  .rodata            const     0x801'605c      0x34  icmp.o [1]
  .rodata            const     0x801'6090      0x34  mem.o [1]
  .rodata            const     0x801'60c4      0x34  pbuf.o [1]
  .rodata            const     0x801'60f8      0x34  tcp.o [1]
  .rodata            const     0x801'612c      0x34  tcp.o [1]
  .rodata            const     0x801'6160      0x34  tcp.o [1]
  .rodata            const     0x801'6194      0x34  tcp_out.o [1]
  .rodata            const     0x801'61c8      0x34  tcp_out.o [1]
  .rodata            const     0x801'61fc      0x30  api_msg.o [1]
  .rodata            const     0x801'622c      0x30  etharp.o [1]
  .rodata            const     0x801'625c      0x30  ethernetif.o [1]
  .rodata            const     0x801'628c      0x30  ip4.o [1]
  .rodata            const     0x801'62bc      0x30  mem.o [1]
  .rodata            const     0x801'62ec      0x30  mem.o [1]
  .rodata            const     0x801'631c      0x30  netif.o [1]
  .rodata            const     0x801'634c      0x30  pbuf.o [1]
  .rodata            const     0x801'637c      0x30  pbuf.o [1]
  .rodata            const     0x801'63ac      0x30  pbuf.o [1]
  .rodata            const     0x801'63dc      0x30  tcp.o [1]
  .rodata            const     0x801'640c      0x30  tcp.o [1]
  .rodata            const     0x801'643c      0x30  tcp.o [1]
  .rodata            const     0x801'646c      0x30  tcp_in.o [1]
  .rodata            const     0x801'649c      0x30  tcp_out.o [1]
  .rodata            const     0x801'64cc      0x30  tcp_out.o [1]
  .rodata            const     0x801'64fc      0x30  timeouts.o [1]
  .rodata            const     0x801'652c      0x30  udp.o [1]
  .rodata            const     0x801'655c      0x2c  api_msg.o [1]
  .rodata            const     0x801'6588      0x2c  etharp.o [1]
  .rodata            const     0x801'65b4      0x2c  icmp.o [1]
  .rodata            const     0x801'65e0      0x2c  mem.o [1]
  .rodata            const     0x801'660c      0x2c  pbuf.o [1]
  .rodata            const     0x801'6638      0x2c  pbuf.o [1]
  .rodata            const     0x801'6664      0x2c  tcp.o [1]
  .rodata            const     0x801'6690      0x2c  tcp.o [1]
  .rodata            const     0x801'66bc      0x2c  tcp.o [1]
  .rodata            const     0x801'66e8      0x2c  tcp.o [1]
  .rodata            const     0x801'6714      0x2c  tcp_in.o [1]
  .rodata            const     0x801'6740      0x2c  tcp_in.o [1]
  .rodata            const     0x801'676c      0x2c  tcp_in.o [1]
  .rodata            const     0x801'6798      0x2c  tcp_out.o [1]
  .rodata            const     0x801'67c4      0x2c  tcp_out.o [1]
  .rodata            const     0x801'67f0      0x2c  tcp_out.o [1]
  .rodata            const     0x801'681c      0x28  api_lib.o [1]
  .rodata            const     0x801'6844      0x28  api_msg.o [1]
  .rodata            const     0x801'686c      0x28  api_msg.o [1]
  .rodata            const     0x801'6894      0x28  api_msg.o [1]
  .rodata            const     0x801'68bc      0x28  api_msg.o [1]
  .rodata            const     0x801'68e4      0x28  dhcp.o [1]
  .rodata            const     0x801'690c      0x28  dhcp.o [1]
  .rodata            const     0x801'6934      0x28  dns.o [1]
  .rodata            const     0x801'695c      0x28  etharp.o [1]
  .rodata            const     0x801'6984      0x28  etharp.o [1]
  .rodata            const     0x801'69ac      0x28  ethernet.o [1]
  .rodata            const     0x801'69d4      0x28  ethernetif.o [1]
  .rodata            const     0x801'69fc      0x28  icmp.o [1]
  .rodata            const     0x801'6a24      0x28  init.o [1]
  .rodata            const     0x801'6a4c      0x28  ip4.o [1]
  .rodata            const     0x801'6a74      0x28  ip4_frag.o [1]
  .rodata            const     0x801'6a9c      0x28  mem.o [1]
  .rodata            const     0x801'6ac4      0x28  mem.o [1]
  .rodata            const     0x801'6aec      0x28  memp.o [1]
  .rodata            const     0x801'6b14      0x28  netbuf.o [1]
  .rodata            const     0x801'6b3c      0x28  netif.o [1]
  .rodata            const     0x801'6b64      0x28  pbuf.o [1]
  .rodata            const     0x801'6b8c      0x28  tcp.o [1]
  .rodata            const     0x801'6bb4      0x28  tcp.o [1]
  .rodata            const     0x801'6bdc      0x28  tcp.o [1]
  .rodata            const     0x801'6c04      0x28  tcp.o [1]
  .rodata            const     0x801'6c2c      0x28  tcp.o [1]
  .rodata            const     0x801'6c54      0x28  tcp.o [1]
  .rodata            const     0x801'6c7c      0x28  tcp.o [1]
  .rodata            const     0x801'6ca4      0x28  tcp.o [1]
  .rodata            const     0x801'6ccc      0x28  tcp.o [1]
  .rodata            const     0x801'6cf4      0x28  tcp.o [1]
  .rodata            const     0x801'6d1c      0x28  tcp.o [1]
  .rodata            const     0x801'6d44      0x28  tcp_in.o [1]
  .rodata            const     0x801'6d6c      0x28  tcp_in.o [1]
  .rodata            const     0x801'6d94      0x28  tcp_in.o [1]
  .rodata            const     0x801'6dbc      0x28  tcp_in.o [1]
  .rodata            const     0x801'6de4      0x28  tcp_in.o [1]
  .rodata            const     0x801'6e0c      0x28  tcp_in.o [1]
  .rodata            const     0x801'6e34      0x28  tcp_in.o [1]
  .rodata            const     0x801'6e5c      0x28  tcp_out.o [1]
  .rodata            const     0x801'6e84      0x28  tcp_out.o [1]
  .rodata            const     0x801'6eac      0x28  tcp_out.o [1]
  .rodata            const     0x801'6ed4      0x28  tcp_out.o [1]
  .rodata            const     0x801'6efc      0x28  tcp_out.o [1]
  .rodata            const     0x801'6f24      0x28  tcp_out.o [1]
  .rodata            const     0x801'6f4c      0x28  tcpip.o [1]
  .rodata            const     0x801'6f74      0x28  timeouts.o [1]
  .rodata            const     0x801'6f9c      0x28  udp.o [1]
  .rodata            const     0x801'6fc4      0x28  udp.o [1]
  .text              ro code   0x801'6fec      0x28  data_init.o [4]
  .rodata            const     0x801'7014      0x24  api_lib.o [1]
  .rodata            const     0x801'7038      0x24  api_lib.o [1]
  .rodata            const     0x801'705c      0x24  api_lib.o [1]
  .rodata            const     0x801'7080      0x24  api_lib.o [1]
  .rodata            const     0x801'70a4      0x24  api_lib.o [1]
  .rodata            const     0x801'70c8      0x24  api_msg.o [1]
  .rodata            const     0x801'70ec      0x24  api_msg.o [1]
  .rodata            const     0x801'7110      0x24  api_msg.o [1]
  .rodata            const     0x801'7134      0x24  api_msg.o [1]
  .rodata            const     0x801'7158      0x24  dhcp.o [1]
  .rodata            const     0x801'717c      0x24  dhcp.o [1]
  .rodata            const     0x801'71a0      0x24  etharp.o [1]
  .rodata            const     0x801'71c4      0x24  ip4_frag.o [1]
  .rodata            const     0x801'71e8      0x24  ip4_frag.o [1]
  .rodata            const     0x801'720c      0x24  mem.o [1]
  .rodata            const     0x801'7230      0x24  mem.o [1]
  .rodata            const     0x801'7254      0x24  memp.o [1]
  .rodata            const     0x801'7278      0x24  netif.o [1]
  .rodata            const     0x801'729c      0x24  netif.o [1]
  .rodata            const     0x801'72c0      0x24  netif.o [1]
  .rodata            const     0x801'72e4      0x24  netif.o [1]
  .rodata            const     0x801'7308      0x24  pbuf.o [1]
  .rodata            const     0x801'732c      0x24  pbuf.o [1]
  .rodata            const     0x801'7350      0x24  tcp.o [1]
  .rodata            const     0x801'7374      0x24  tcp_out.o [1]
  .rodata            const     0x801'7398      0x24  tcp_out.o [1]
  .rodata            const     0x801'73bc      0x24  tcp_out.o [1]
  .rodata            const     0x801'73e0      0x24  tcp_out.o [1]
  .rodata            const     0x801'7404      0x24  tcp_out.o [1]
  .rodata            const     0x801'7428      0x24  tcp_out.o [1]
  .rodata            const     0x801'744c      0x24  tcp_out.o [1]
  .rodata            const     0x801'7470      0x24  tcp_out.o [1]
  .rodata            const     0x801'7494      0x24  tcpip.o [1]
  .rodata            const     0x801'74b8      0x24  tcpip.o [1]
  .rodata            const     0x801'74dc      0x24  udp.o [1]
  .rodata            const     0x801'7500      0x24  udp.o [1]
  .rodata            const     0x801'7524      0x24  udp.o [1]
  .rodata            const     0x801'7548      0x24  udp.o [1]
  .text              ro code   0x801'756c      0x24  mbfuncother.o [1]
  .text              ro code   0x801'7590      0x22  fpinit_M.o [3]
  .iar.init_table    const     0x801'75b4      0x20  - Linker created -
  .rodata            const     0x801'75d4      0x20  api_lib.o [1]
  .rodata            const     0x801'75f4      0x20  api_lib.o [1]
  .rodata            const     0x801'7614      0x20  api_lib.o [1]
  .rodata            const     0x801'7634      0x20  api_lib.o [1]
  .rodata            const     0x801'7654      0x20  api_msg.o [1]
  .rodata            const     0x801'7674      0x20  api_msg.o [1]
  .rodata            const     0x801'7694      0x20  api_msg.o [1]
  .rodata            const     0x801'76b4      0x20  api_msg.o [1]
  .rodata            const     0x801'76d4      0x20  api_msg.o [1]
  .rodata            const     0x801'76f4      0x20  api_msg.o [1]
  .rodata            const     0x801'7714      0x20  api_msg.o [1]
  .rodata            const     0x801'7734      0x20  api_msg.o [1]
  .rodata            const     0x801'7754      0x20  dhcp.o [1]
  .rodata            const     0x801'7774      0x20  dhcp.o [1]
  .rodata            const     0x801'7794      0x20  dns.o [1]
  .rodata            const     0x801'77b4      0x20  ip4_frag.o [1]
  .rodata            const     0x801'77d4      0x20  ip4_frag.o [1]
  .rodata            const     0x801'77f4      0x20  ip4_frag.o [1]
  .rodata            const     0x801'7814      0x20  ip4_frag.o [1]
  .rodata            const     0x801'7834      0x20  mem.o [1]
  .rodata            const     0x801'7854      0x20  memp.o [1]
  .rodata            const     0x801'7874      0x20  memp.o [1]
  .rodata            const     0x801'7894      0x20  netbuf.o [1]
  .rodata            const     0x801'78b4      0x20  netif.o [1]
  .rodata            const     0x801'78d4      0x20  pbuf.o [1]
  .rodata            const     0x801'78f4      0x20  pbuf.o [1]
  .rodata            const     0x801'7914      0x20  pbuf.o [1]
  .rodata            const     0x801'7934      0x20  tcp.o [1]
  .rodata            const     0x801'7954      0x20  tcp.o [1]
  .rodata            const     0x801'7974      0x20  tcp.o [1]
  .rodata            const     0x801'7994      0x20  tcp.o [1]
  .rodata            const     0x801'79b4      0x20  tcp_in.o [1]
  .rodata            const     0x801'79d4      0x20  tcp_in.o [1]
  .rodata            const     0x801'79f4      0x20  tcp_in.o [1]
  .rodata            const     0x801'7a14      0x20  tcp_in.o [1]
  .rodata            const     0x801'7a34      0x20  tcp_in.o [1]
  .rodata            const     0x801'7a54      0x20  tcp_in.o [1]
  .rodata            const     0x801'7a74      0x20  tcp_in.o [1]
  .rodata            const     0x801'7a94      0x20  tcp_out.o [1]
  .rodata            const     0x801'7ab4      0x20  tcp_out.o [1]
  .rodata            const     0x801'7ad4      0x20  tcp_out.o [1]
  .rodata            const     0x801'7af4      0x20  tcp_out.o [1]
  .rodata            const     0x801'7b14      0x20  tcp_out.o [1]
  .rodata            const     0x801'7b34      0x20  tcp_out.o [1]
  .rodata            const     0x801'7b54      0x20  tcp_out.o [1]
  .rodata            const     0x801'7b74      0x20  tcp_out.o [1]
  .rodata            const     0x801'7b94      0x20  tcp_out.o [1]
  .rodata            const     0x801'7bb4      0x20  tcp_out.o [1]
  .rodata            const     0x801'7bd4      0x20  tcp_out.o [1]
  .rodata            const     0x801'7bf4      0x20  tcpip.o [1]
  .rodata            const     0x801'7c14      0x20  udp.o [1]
  .rodata            const     0x801'7c34      0x20  udp.o [1]
  .rodata            const     0x801'7c54      0x20  udp.o [1]
  .rodata            const     0x801'7c74      0x20  udp.o [1]
  .text              ro code   0x801'7c94      0x1e  cmain.o [4]
  .text              ro code   0x801'7cb2       0x4  low_level_init.o [2]
  .text              ro code   0x801'7cb6       0x4  exit.o [2]
  .text              ro code   0x801'7cbc       0xe  cexit.o [4]
  .rodata            const     0x801'7ccc      0x1c  api_lib.o [1]
  .rodata            const     0x801'7ce8      0x1c  api_lib.o [1]
  .rodata            const     0x801'7d04      0x1c  api_lib.o [1]
  .rodata            const     0x801'7d20      0x1c  api_lib.o [1]
  .rodata            const     0x801'7d3c      0x1c  api_lib.o [1]
  .rodata            const     0x801'7d58      0x1c  api_msg.o [1]
  .rodata            const     0x801'7d74      0x1c  api_msg.o [1]
  .rodata            const     0x801'7d90      0x1c  api_msg.o [1]
  .rodata            const     0x801'7dac      0x1c  api_msg.o [1]
  .rodata            const     0x801'7dc8      0x1c  dhcp.o [1]
  .rodata            const     0x801'7de4      0x1c  dhcp.o [1]
  .rodata            const     0x801'7e00      0x1c  dhcp.o [1]
  .rodata            const     0x801'7e1c      0x1c  dns.o [1]
  .rodata            const     0x801'7e38      0x1c  etharp.o [1]
  .rodata            const     0x801'7e54      0x1c  ethernetif.o [1]
  .rodata            const     0x801'7e70      0x1c  freertos.o [1]
  .rodata            const     0x801'7e8c      0x1c  freertos.o [1]
  .rodata            const     0x801'7ea8      0x1c  freertos.o [1]
  .rodata            const     0x801'7ec4      0x1c  freertos.o [1]
  .rodata            const     0x801'7ee0      0x1c  ip4_frag.o [1]
  .rodata            const     0x801'7efc      0x1c  ip4_frag.o [1]
  .rodata            const     0x801'7f18      0x1c  ip4_frag.o [1]
  .rodata            const     0x801'7f34      0x1c  lwip.o [1]
  .rodata            const     0x801'7f50      0x1c  mem.o [1]
  .rodata            const     0x801'7f6c      0x1c  mem.o [1]
  .rodata            const     0x801'7f88      0x1c  mem.o [1]
  .rodata            const     0x801'7fa4      0x1c  mem.o [1]
  .rodata            const     0x801'7fc0      0x1c  mem.o [1]
  .rodata            const     0x801'7fdc      0x1c  memp.o [1]
  .rodata            const     0x801'7ff8      0x1c  netbuf.o [1]
  .rodata            const     0x801'8014      0x1c  netbuf.o [1]
  .rodata            const     0x801'8030      0x1c  netbuf.o [1]
  .rodata            const     0x801'804c      0x1c  netif.o [1]
  .rodata            const     0x801'8068      0x1c  netif.o [1]
  .rodata            const     0x801'8084      0x1c  pbuf.o [1]
  .rodata            const     0x801'80a0      0x1c  pbuf.o [1]
  .rodata            const     0x801'80bc      0x1c  pbuf.o [1]
  .rodata            const     0x801'80d8      0x1c  pbuf.o [1]
  .rodata            const     0x801'80f4      0x1c  tcp.o [1]
  .rodata            const     0x801'8110      0x1c  tcp.o [1]
  .rodata            const     0x801'812c      0x1c  tcp.o [1]
  .rodata            const     0x801'8148      0x1c  tcp.o [1]
  .rodata            const     0x801'8164      0x1c  tcp.o [1]
  .rodata            const     0x801'8180      0x1c  tcp.o [1]
  .rodata            const     0x801'819c      0x1c  tcp.o [1]
  .rodata            const     0x801'81b8      0x1c  tcp.o [1]
  .rodata            const     0x801'81d4      0x1c  tcp.o [1]
  .rodata            const     0x801'81f0      0x1c  tcp.o [1]
  .rodata            const     0x801'820c      0x1c  tcp.o [1]
  .rodata            const     0x801'8228      0x1c  tcp_in.o [1]
  .rodata            const     0x801'8244      0x1c  tcp_in.o [1]
  .rodata            const     0x801'8260      0x1c  tcp_in.o [1]
  .rodata            const     0x801'827c      0x1c  tcp_in.o [1]
  .rodata            const     0x801'8298      0x1c  tcp_in.o [1]
  .rodata            const     0x801'82b4      0x1c  tcp_out.o [1]
  .rodata            const     0x801'82d0      0x1c  tcp_out.o [1]
  .rodata            const     0x801'82ec      0x1c  tcp_out.o [1]
  .rodata            const     0x801'8308      0x1c  tcp_out.o [1]
  .rodata            const     0x801'8324      0x1c  tcp_out.o [1]
  .rodata            const     0x801'8340      0x1c  udp.o [1]
  .rodata            const     0x801'835c      0x1c  udp.o [1]
  .rodata            const     0x801'8378      0x1c  udp.o [1]
  .rodata            const     0x801'8394      0x1c  udp.o [1]
  .rodata            const     0x801'83b0      0x1c  udp.o [1]
  .rodata            const     0x801'83cc      0x1c  udp.o [1]
  .rodata            const     0x801'83e8      0x1c  udp.o [1]
  .rodata            const     0x801'8404      0x1c  udp.o [1]
  .text              ro code   0x801'8420      0x1c  system_stm32f4xx.o [1]
  .rodata            const     0x801'843c      0x18  api_lib.o [1]
  .rodata            const     0x801'8454      0x18  api_msg.o [1]
  .rodata            const     0x801'846c      0x18  api_msg.o [1]
  .rodata            const     0x801'8484      0x18  dhcp.o [1]
  .rodata            const     0x801'849c      0x18  dhcp.o [1]
  .rodata            const     0x801'84b4      0x18  dhcp.o [1]
  .rodata            const     0x801'84cc      0x18  dns.o [1]
  .rodata            const     0x801'84e4      0x18  etharp.o [1]
  .rodata            const     0x801'84fc      0x18  mem.o [1]
  .rodata            const     0x801'8514      0x18  mem.o [1]
  .rodata            const     0x801'852c      0x18  pbuf.o [1]
  .rodata            const     0x801'8544      0x18  pbuf.o [1]
  .rodata            const     0x801'855c      0x18  pbuf.o [1]
  .rodata            const     0x801'8574      0x18  pbuf.o [1]
  .rodata            const     0x801'858c      0x18  pbuf.o [1]
  .rodata            const     0x801'85a4      0x18  pbuf.o [1]
  .rodata            const     0x801'85bc      0x18  pbuf.o [1]
  .rodata            const     0x801'85d4      0x18  pbuf.o [1]
  .rodata            const     0x801'85ec      0x18  tcp.o [1]
  .rodata            const     0x801'8604      0x18  tcp.o [1]
  .rodata            const     0x801'861c      0x18  tcp.o [1]
  .rodata            const     0x801'8634      0x18  tcp.o [1]
  .rodata            const     0x801'864c      0x18  tcp.o [1]
  .rodata            const     0x801'8664      0x18  tcp.o [1]
  .rodata            const     0x801'867c      0x18  tcp.o [1]
  .rodata            const     0x801'8694      0x18  tcp_in.o [1]
  .rodata            const     0x801'86ac      0x18  tcp_in.o [1]
  .rodata            const     0x801'86c4      0x18  tcp_out.o [1]
  .rodata            const     0x801'86dc      0x18  tcp_out.o [1]
  .rodata            const     0x801'86f4      0x18  tcp_out.o [1]
  .rodata            const     0x801'870c      0x18  tcp_out.o [1]
  .rodata            const     0x801'8724      0x18  tcp_out.o [1]
  .rodata            const     0x801'873c      0x18  tcp_out.o [1]
  .rodata            const     0x801'8754      0x18  tcp_out.o [1]
  .rodata            const     0x801'876c      0x18  udp.o [1]
  .rodata            const     0x801'8784      0x18  udp.o [1]
  .rodata            const     0x801'879c      0x18  udp.o [1]
  .rodata            const     0x801'87b4      0x18  udp.o [1]
  .rodata            const     0x801'87cc      0x18  udp.o [1]
  .text              ro code   0x801'87e4      0x16  xprout.o [2]
  .text              ro code   0x801'87fc       0xc  putchar.o [2]
  .rodata            const     0x801'8808      0x14  api_msg.o [1]
  .rodata            const     0x801'881c      0x14  api_msg.o [1]
  .rodata            const     0x801'8830      0x14  api_msg.o [1]
  .rodata            const     0x801'8844      0x14  dhcp.o [1]
  .rodata            const     0x801'8858      0x14  dhcp.o [1]
  .rodata            const     0x801'886c      0x14  dhcp.o [1]
  .rodata            const     0x801'8880      0x14  dhcp.o [1]
  .rodata            const     0x801'8894      0x14  dhcp.o [1]
  .rodata            const     0x801'88a8      0x14  etharp.o [1]
  .rodata            const     0x801'88bc      0x14  ip4_frag.o [1]
  .rodata            const     0x801'88d0      0x14  mem.o [1]
  .rodata            const     0x801'88e4      0x14  netif.o [1]
  .rodata            const     0x801'88f8      0x14  pbuf.o [1]
  .rodata            const     0x801'890c      0x14  pbuf.o [1]
  .rodata            const     0x801'8920      0x14  pbuf.o [1]
  .rodata            const     0x801'8934      0x14  pbuf.o [1]
  .rodata            const     0x801'8948      0x14  tcp.o [1]
  .rodata            const     0x801'895c      0x14  tcp_in.o [1]
  .rodata            const     0x801'8970      0x14  tcp_out.o [1]
  .rodata            const     0x801'8984      0x14  tcp_out.o [1]
  .rodata            const     0x801'8998      0x14  tcp_out.o [1]
  .rodata            const     0x801'89ac      0x14  timeouts.o [1]
  .rodata            const     0x801'89c0      0x10  api_msg.o [1]
  .rodata            const     0x801'89d0      0x10  api_msg.o [1]
  .rodata            const     0x801'89e0      0x10  api_msg.o [1]
  .rodata            const     0x801'89f0      0x10  api_msg.o [1]
  .rodata            const     0x801'8a00      0x10  dhcp.o [1]
  .rodata            const     0x801'8a10      0x10  dhcp.o [1]
  .rodata            const     0x801'8a20      0x10  etharp.o [1]
  .rodata            const     0x801'8a30      0x10  etharp.o [1]
  .rodata            const     0x801'8a40      0x10  etharp.o [1]
  .rodata            const     0x801'8a50      0x10  ethernetif.o [1]
  .rodata            const     0x801'8a60      0x10  ip4_frag.o [1]
  .rodata            const     0x801'8a70      0x10  ip4_frag.o [1]
  .rodata            const     0x801'8a80      0x10  netif.o [1]
  .rodata            const     0x801'8a90      0x10  pbuf.o [1]
  .rodata            const     0x801'8aa0      0x10  pbuf.o [1]
  .rodata            const     0x801'8ab0      0x10  sys_arch.o [1]
  .rodata            const     0x801'8ac0      0x10  system_stm32f4xx.o [1]
  .rodata            const     0x801'8ad0      0x10  tcp.o [1]
  .rodata            const     0x801'8ae0      0x10  tcp.o [1]
  .rodata            const     0x801'8af0      0x10  tcp.o [1]
  .rodata            const     0x801'8b00      0x10  tcp_in.o [1]
  .rodata            const     0x801'8b10      0x10  tcp_in.o [1]
  .rodata            const     0x801'8b20      0x10  tcp_in.o [1]
  .rodata            const     0x801'8b30      0x10  tcp_in.o [1]
  .rodata            const     0x801'8b40      0x10  tcp_out.o [1]
  .rodata            const     0x801'8b50      0x10  tcp_out.o [1]
  .rodata            const     0x801'8b60      0x10  tcp_out.o [1]
  .rodata            const     0x801'8b70      0x10  tcpip.o [1]
  .rodata            const     0x801'8b80      0x10  tcpip.o [1]
  .text              ro code   0x801'8b90      0x10  startup_stm32f437xx.o [1]
  .rodata            const     0x801'8ba0       0xc  api_lib.o [1]
  .rodata            const     0x801'8bac       0xc  api_lib.o [1]
  .rodata            const     0x801'8bb8       0xc  api_msg.o [1]
  .rodata            const     0x801'8bc4       0xc  dhcp.o [1]
  .rodata            const     0x801'8bd0       0xc  dhcp.o [1]
  .rodata            const     0x801'8bdc       0xc  etharp.o [1]
  .rodata            const     0x801'8be8       0xc  freertos.o [1]
  .rodata            const     0x801'8bf4       0xc  freertos.o [1]
  .rodata            const     0x801'8c00       0xc  freertos.o [1]
  .rodata            const     0x801'8c0c       0xc  freertos.o [1]
  .rodata            const     0x801'8c18       0xc  ip4.o [1]
  .rodata            const     0x801'8c24       0xc  ip4_frag.o [1]
  .rodata            const     0x801'8c30       0xc  ip4_frag.o [1]
  .rodata            const     0x801'8c3c       0xc  ip4_frag.o [1]
  .rodata            const     0x801'8c48       0xc  ip4_frag.o [1]
  .rodata            const     0x801'8c54       0xc  ip4_frag.o [1]
  .rodata            const     0x801'8c60       0xc  memp.o [1]
  .rodata            const     0x801'8c6c       0xc  memp.o [1]
  .rodata            const     0x801'8c78       0xc  memp.o [1]
  .rodata            const     0x801'8c84       0xc  memp.o [1]
  .rodata            const     0x801'8c90       0xc  memp.o [1]
  .rodata            const     0x801'8c9c       0xc  memp.o [1]
  .rodata            const     0x801'8ca8       0xc  memp.o [1]
  .rodata            const     0x801'8cb4       0xc  memp.o [1]
  .rodata            const     0x801'8cc0       0xc  memp.o [1]
  .rodata            const     0x801'8ccc       0xc  memp.o [1]
  .rodata            const     0x801'8cd8       0xc  memp.o [1]
  .rodata            const     0x801'8ce4       0xc  memp.o [1]
  .rodata            const     0x801'8cf0       0xc  memp.o [1]
  .rodata            const     0x801'8cfc       0xc  memp.o [1]
  .rodata            const     0x801'8d08       0xc  pbuf.o [1]
  .rodata            const     0x801'8d14       0xc  tcp.o [1]
  .rodata            const     0x801'8d20       0xc  tcp_in.o [1]
  .rodata            const     0x801'8d2c       0xc  tcp_out.o [1]
  .text              ro code   0x801'8d38       0xc  cstartup_M.o [4]
  .rodata            const     0x801'8d44       0x8  api_msg.o [1]
  .rodata            const     0x801'8d4c       0x8  ethernet.o [1]
  .rodata            const     0x801'8d54       0x8  ethernet.o [1]
  .rodata            const     0x801'8d5c       0x8  ethernetif.o [1]
  .rodata            const     0x801'8d64       0x8  ethernetif.o [1]
  .rodata            const     0x801'8d6c       0x8  freertos.o [1]
  .rodata            const     0x801'8d74       0x8  freertos.o [1]
  .rodata            const     0x801'8d7c       0x8  lwip.o [1]
  .rodata            const     0x801'8d84       0x8  lwip.o [1]
  .rodata            const     0x801'8d8c       0x8  sys_arch.o [1]
  .rodata            const     0x801'8d94       0x8  sys_arch.o [1]
  .rodata            const     0x801'8d9c       0x8  sys_arch.o [1]
  .rodata            const     0x801'8da4       0x8  system_stm32f4xx.o [1]
  .rodata            const     0x801'8dac       0x8  tasks.o [1]
  .rodata            const     0x801'8db4       0x8  tcp.o [1]
  .rodata            const     0x801'8dbc       0x8  tcp_in.o [1]
  .rodata            const     0x801'8dc4       0x8  tcp_in.o [1]
  .rodata            const     0x801'8dcc       0x4  heap_4.o [1]
  .rodata            const     0x801'8dd0       0x4  ip4_addr.o [1]
  .rodata            const     0x801'8dd4       0x4  ip4_addr.o [1]
  .rodata            const     0x801'8dd8       0x4  port.o [1]
  .text              ro code   0x801'8ddc       0x4  startup_stm32f437xx.o [1]
  .text              ro code   0x801'8de0       0x4  startup_stm32f437xx.o [1]
  .text              ro code   0x801'8de4       0x4  startup_stm32f437xx.o [1]
  .text              ro code   0x801'8de8       0x4  startup_stm32f437xx.o [1]
  .text              ro code   0x801'8dec       0x4  startup_stm32f437xx.o [1]
  .text              ro code   0x801'8df0       0x4  startup_stm32f437xx.o [1]
  .text              ro code   0x801'8df4       0x4  startup_stm32f437xx.o [1]
  .text              ro code   0x801'8df8       0x4  startup_stm32f437xx.o [1]
  .text              ro code   0x801'8dfc       0x4  startup_stm32f437xx.o [1]
  .text              ro code   0x801'8e00       0x4  startup_stm32f437xx.o [1]
  .text              ro code   0x801'8e04       0x4  startup_stm32f437xx.o [1]
  .text              ro code   0x801'8e08       0x4  startup_stm32f437xx.o [1]
  .text              ro code   0x801'8e0c       0x4  startup_stm32f437xx.o [1]
  .text              ro code   0x801'8e10       0x4  startup_stm32f437xx.o [1]
  .text              ro code   0x801'8e14       0x4  startup_stm32f437xx.o [1]
  .text              ro code   0x801'8e18       0x4  startup_stm32f437xx.o [1]
  .text              ro code   0x801'8e1c       0x4  startup_stm32f437xx.o [1]
  .text              ro code   0x801'8e20       0x4  startup_stm32f437xx.o [1]
  .text              ro code   0x801'8e24       0x4  startup_stm32f437xx.o [1]
  .text              ro code   0x801'8e28       0x4  startup_stm32f437xx.o [1]
  .text              ro code   0x801'8e2c       0x4  startup_stm32f437xx.o [1]
  .text              ro code   0x801'8e30       0x4  startup_stm32f437xx.o [1]
  .text              ro code   0x801'8e34       0x4  startup_stm32f437xx.o [1]
  .text              ro code   0x801'8e38       0x4  startup_stm32f437xx.o [1]
  .text              ro code   0x801'8e3c       0x4  startup_stm32f437xx.o [1]
  .text              ro code   0x801'8e40       0x4  startup_stm32f437xx.o [1]
  .text              ro code   0x801'8e44       0x4  startup_stm32f437xx.o [1]
  .text              ro code   0x801'8e48       0x4  startup_stm32f437xx.o [1]
  .text              ro code   0x801'8e4c       0x4  startup_stm32f437xx.o [1]
  .text              ro code   0x801'8e50       0x4  startup_stm32f437xx.o [1]
  .text              ro code   0x801'8e54       0x4  startup_stm32f437xx.o [1]
  .text              ro code   0x801'8e58       0x4  startup_stm32f437xx.o [1]
  .text              ro code   0x801'8e5c       0x4  startup_stm32f437xx.o [1]
  .text              ro code   0x801'8e60       0x4  startup_stm32f437xx.o [1]
  .text              ro code   0x801'8e64       0x4  startup_stm32f437xx.o [1]
  .text              ro code   0x801'8e68       0x4  startup_stm32f437xx.o [1]
  .text              ro code   0x801'8e6c       0x4  startup_stm32f437xx.o [1]
  .text              ro code   0x801'8e70       0x4  startup_stm32f437xx.o [1]
  .text              ro code   0x801'8e74       0x4  startup_stm32f437xx.o [1]
  .text              ro code   0x801'8e78       0x4  startup_stm32f437xx.o [1]
  .text              ro code   0x801'8e7c       0x4  startup_stm32f437xx.o [1]
  .text              ro code   0x801'8e80       0x4  startup_stm32f437xx.o [1]
  .text              ro code   0x801'8e84       0x4  startup_stm32f437xx.o [1]
  .text              ro code   0x801'8e88       0x4  startup_stm32f437xx.o [1]
  .text              ro code   0x801'8e8c       0x4  startup_stm32f437xx.o [1]
  .text              ro code   0x801'8e90       0x4  startup_stm32f437xx.o [1]
  .text              ro code   0x801'8e94       0x4  startup_stm32f437xx.o [1]
  .text              ro code   0x801'8e98       0x4  startup_stm32f437xx.o [1]
  .text              ro code   0x801'8e9c       0x4  startup_stm32f437xx.o [1]
  .text              ro code   0x801'8ea0       0x4  startup_stm32f437xx.o [1]
  .text              ro code   0x801'8ea4       0x4  startup_stm32f437xx.o [1]
  .text              ro code   0x801'8ea8       0x4  startup_stm32f437xx.o [1]
  .text              ro code   0x801'8eac       0x4  startup_stm32f437xx.o [1]
  .text              ro code   0x801'8eb0       0x4  startup_stm32f437xx.o [1]
  .text              ro code   0x801'8eb4       0x4  startup_stm32f437xx.o [1]
  .text              ro code   0x801'8eb8       0x4  startup_stm32f437xx.o [1]
  .text              ro code   0x801'8ebc       0x4  startup_stm32f437xx.o [1]
  .text              ro code   0x801'8ec0       0x4  startup_stm32f437xx.o [1]
  .text              ro code   0x801'8ec4       0x4  startup_stm32f437xx.o [1]
  .text              ro code   0x801'8ec8       0x4  startup_stm32f437xx.o [1]
  .text              ro code   0x801'8ecc       0x4  startup_stm32f437xx.o [1]
  .text              ro code   0x801'8ed0       0x4  startup_stm32f437xx.o [1]
  .text              ro code   0x801'8ed4       0x4  startup_stm32f437xx.o [1]
  .text              ro code   0x801'8ed8       0x4  startup_stm32f437xx.o [1]
  .text              ro code   0x801'8edc       0x4  startup_stm32f437xx.o [1]
  .text              ro code   0x801'8ee0       0x4  startup_stm32f437xx.o [1]
  .text              ro code   0x801'8ee4       0x4  startup_stm32f437xx.o [1]
  .text              ro code   0x801'8ee8       0x4  startup_stm32f437xx.o [1]
  .text              ro code   0x801'8eec       0x4  startup_stm32f437xx.o [1]
  .text              ro code   0x801'8ef0       0x4  startup_stm32f437xx.o [1]
  .text              ro code   0x801'8ef4       0x4  startup_stm32f437xx.o [1]
  .text              ro code   0x801'8ef8       0x4  startup_stm32f437xx.o [1]
  .text              ro code   0x801'8efc       0x4  startup_stm32f437xx.o [1]
  .text              ro code   0x801'8f00       0x4  startup_stm32f437xx.o [1]
  .text              ro code   0x801'8f04       0x4  startup_stm32f437xx.o [1]
  .text              ro code   0x801'8f08       0x4  startup_stm32f437xx.o [1]
  .text              ro code   0x801'8f0c       0x4  startup_stm32f437xx.o [1]
  .text              ro code   0x801'8f10       0x4  startup_stm32f437xx.o [1]
  .text              ro code   0x801'8f14       0x4  startup_stm32f437xx.o [1]
  .text              ro code   0x801'8f18       0x4  startup_stm32f437xx.o [1]
  .text              ro code   0x801'8f1c       0x4  startup_stm32f437xx.o [1]
  .text              ro code   0x801'8f20       0x4  startup_stm32f437xx.o [1]
  .text              ro code   0x801'8f24       0x4  startup_stm32f437xx.o [1]
  .text              ro code   0x801'8f28       0x0  cstart_closeall.o [4]
  .rodata            const     0x801'8f28       0x0  zero_init3.o [4]
  .rodata            const     0x801'8f28       0x0  lz77_init_single.o [4]
  Initializer bytes  const     0x801'8f28      0xe8  <for P2-1>
                             - 0x801'9010  0x1'8e64

"P2", part 1 of 3:                            0x222
  P2-1                        0x2000'0000     0x222  <Init block>
    .data            inited   0x2000'0000       0x4  dhcp.o [1]
    .data            inited   0x2000'0004      0x80  mb_m.o [1]
    .data            inited   0x2000'0084       0x4  port.o [1]
    .data            inited   0x2000'0088       0x4  stm32f4xx_hal.o [1]
    .data            inited   0x2000'008c       0x4  system_stm32f4xx.o [1]
    .data            inited   0x2000'0090       0x4  tcp.o [1]
    .data            inited   0x2000'0094       0x8  rand.o [2]
    .data            inited   0x2000'009c      0x38  xlocale_c.o [2]
    .data            inited   0x2000'00d4      0x48  xlocale_c.o [2]
    .data            inited   0x2000'011c      0x48  xfiles.o [2]
    .data            inited   0x2000'0164      0x48  xfiles.o [2]
    .data            inited   0x2000'01ac      0x48  xfiles.o [2]
    .data            inited   0x2000'01f4      0x20  xfiles.o [2]
    .data            inited   0x2000'0214       0x8  XShttio.o [2]
    .data            inited   0x2000'021c       0x2  tcp.o [1]
    .data            inited   0x2000'021e       0x2  udp.o [1]
    .data            inited   0x2000'0220       0x1  mb_m.o [1]
    .data            inited   0x2000'0221       0x1  stm32f4xx_hal.o [1]
                            - 0x2000'0222     0x222

"P2", part 2 of 3:                         0x2'0620
  .bss               zero     0x2000'0224  0x1'86a0  heap_4.o [1]
  .bss               zero     0x2001'88c4    0x2604  memp.o [1]
  .bss               zero     0x2001'aec8    0x17d0  ethernetif.o [1]
  .bss               zero     0x2001'c698    0x17d0  ethernetif.o [1]
  .bss               zero     0x2001'de68     0x814  mem.o [1]
  .bss               zero     0x2001'e67c     0x440  dns.o [1]
  .bss               zero     0x2001'eabc     0x310  memp.o [1]
  .bss               zero     0x2001'edcc     0x280  user_mb_app_m.o [1]
  .bss               zero     0x2001'f04c     0x200  freertos.o [1]
  .bss               zero     0x2001'f24c     0x16c  memp.o [1]
  .bss               zero     0x2001'f3b8     0x138  memp.o [1]
  .bss               zero     0x2001'f4f0     0x104  memp.o [1]
  .bss               zero     0x2001'f5f4     0x104  memp.o [1]
  .bss               zero     0x2001'f6f8     0x100  mbrtu_m.o [1]
  .bss               zero     0x2001'f7f8     0x100  mbrtu_m.o [1]
  .bss               zero     0x2001'f8f8      0xf0  etharp.o [1]
  .bss               zero     0x2001'f9e8      0xe4  memp.o [1]
  .bss               zero     0x2001'facc      0xa4  memp.o [1]
  .bss               zero     0x2001'fb70      0xa4  memp.o [1]
  .bss               zero     0x2001'fc14      0x8c  tasks.o [1]
  .bss               zero     0x2001'fca0      0x84  memp.o [1]
  .bss               zero     0x2001'fd24      0x84  memp.o [1]
  .bss               zero     0x2001'fda8      0x84  memp.o [1]
  .bss               zero     0x2001'fe2c      0x84  rand.o [2]
  .bss               zero     0x2001'feb0      0x80  ethernetif.o [1]
  .bss               zero     0x2001'ff30      0x80  ethernetif.o [1]
  .bss               zero     0x2001'ffb0      0x80  XShHandles.o [2]
  .bss               zero     0x2002'0030      0x64  freertos.o [1]
  .bss               zero     0x2002'0094      0x64  freertos.o [1]
  .bss               zero     0x2002'00f8      0x64  memp.o [1]
  .bss               zero     0x2002'015c      0x58  spi.o [1]
  .bss               zero     0x2002'01b4      0x54  freertos.o [1]
  .bss               zero     0x2002'0208      0x50  xfiles.o [2]
  .bss               zero     0x2002'0258      0x50  xfiles.o [2]
  .bss               zero     0x2002'02a8      0x48  ethernetif.o [1]
  .bss               zero     0x2002'02f0      0x48  stm32f4xx_hal_timebase_tim.o [1]
  .bss               zero     0x2002'0338      0x48  tim.o [1]
  .bss               zero     0x2002'0380      0x48  tim.o [1]
  .bss               zero     0x2002'03c8      0x44  usart.o [1]
  .bss               zero     0x2002'040c      0x44  usart.o [1]
  .bss               zero     0x2002'0450      0x40  queue.o [1]
  .bss               zero     0x2002'0490      0x40  user_mb_app_m.o [1]
  .bss               zero     0x2002'04d0      0x38  lwip.o [1]
  .bss               zero     0x2002'0508      0x30  dns.o [1]
  .bss               zero     0x2002'0538      0x28  dhcp.o [1]
  .bss               zero     0x2002'0560      0x24  memp.o [1]
  .bss               zero     0x2002'0584      0x20  mbfuncother.o [1]
  .bss               zero     0x2002'05a4      0x18  ip.o [1]
  .bss               zero     0x2002'05bc      0x14  tasks.o [1]
  .bss               zero     0x2002'05d0      0x14  tasks.o [1]
  .bss               zero     0x2002'05e4      0x14  tasks.o [1]
  .bss               zero     0x2002'05f8      0x14  tasks.o [1]
  .bss               zero     0x2002'060c      0x14  tasks.o [1]
  .bss               zero     0x2002'0620      0x10  dns.o [1]
  .bss               zero     0x2002'0630      0x10  ip4_addr.o [1]
  .bss               zero     0x2002'0640      0x10  tcp_in.o [1]
  .bss               zero     0x2002'0650      0x10  user_mb_app_m.o [1]
  .bss               zero     0x2002'0660       0xc  dhcp.o [1]
  .bss               zero     0x2002'066c       0x8  dns.o [1]
  .bss               zero     0x2002'0674       0x8  heap_4.o [1]
  .bss               zero     0x2002'067c       0x8  lwip.o [1]
  .bss               zero     0x2002'0684       0x8  heap0.o [2]
  .bss               zero     0x2002'068c       0x4  dhcp.o [1]
  .bss               zero     0x2002'0690       0x4  dhcp.o [1]
  .bss               zero     0x2002'0694       0x4  ethernetif.o [1]
  .bss               zero     0x2002'0698       0x4  freertos.o [1]
  .bss               zero     0x2002'069c       0x4  freertos.o [1]
  .bss               zero     0x2002'06a0       0x4  freertos.o [1]
  .bss               zero     0x2002'06a4       0x4  freertos.o [1]
  .bss               zero     0x2002'06a8       0x4  freertos.o [1]
  .bss               zero     0x2002'06ac       0x4  freertos.o [1]
  .bss               zero     0x2002'06b0       0x4  freertos.o [1]
  .bss               zero     0x2002'06b4       0x4  freertos.o [1]
  .bss               zero     0x2002'06b8       0x4  heap_4.o [1]
  .bss               zero     0x2002'06bc       0x4  heap_4.o [1]
  .bss               zero     0x2002'06c0       0x4  heap_4.o [1]
  .bss               zero     0x2002'06c4       0x4  heap_4.o [1]
  .bss               zero     0x2002'06c8       0x4  heap_4.o [1]
  .bss               zero     0x2002'06cc       0x4  heap_4.o [1]
  .bss               zero     0x2002'06d0       0x4  ip4_frag.o [1]
  .bss               zero     0x2002'06d4       0x4  lwip.o [1]
  .bss               zero     0x2002'06d8       0x4  lwip.o [1]
  .bss               zero     0x2002'06dc       0x4  lwip.o [1]
  .bss               zero     0x2002'06e0       0x4  lwip.o [1]
  .bss               zero     0x2002'06e4       0x4  mb_m.o [1]
  .bss               zero     0x2002'06e8       0x4  mb_m.o [1]
  .bss               zero     0x2002'06ec       0x4  mb_m.o [1]
  .bss               zero     0x2002'06f0       0x4  mb_m.o [1]
  .bss               zero     0x2002'06f4       0x4  mb_m.o [1]
  .bss               zero     0x2002'06f8       0x4  mb_m.o [1]
  .bss               zero     0x2002'06fc       0x4  mb_m.o [1]
  .bss               zero     0x2002'0700       0x4  mb_m.o [1]
  .bss               zero     0x2002'0704       0x4  mb_m.o [1]
  .bss               zero     0x2002'0708       0x4  mbrtu_m.o [1]
  .bss               zero     0x2002'070c       0x4  mem.o [1]
  .bss               zero     0x2002'0710       0x4  mem.o [1]
  .bss               zero     0x2002'0714       0x4  mem.o [1]
  .bss               zero     0x2002'0718       0x4  mem.o [1]
  .bss               zero     0x2002'071c       0x4  memp.o [1]
  .bss               zero     0x2002'0720       0x4  memp.o [1]
  .bss               zero     0x2002'0724       0x4  memp.o [1]
  .bss               zero     0x2002'0728       0x4  memp.o [1]
  .bss               zero     0x2002'072c       0x4  memp.o [1]
  .bss               zero     0x2002'0730       0x4  memp.o [1]
  .bss               zero     0x2002'0734       0x4  memp.o [1]
  .bss               zero     0x2002'0738       0x4  memp.o [1]
  .bss               zero     0x2002'073c       0x4  memp.o [1]
  .bss               zero     0x2002'0740       0x4  memp.o [1]
  .bss               zero     0x2002'0744       0x4  memp.o [1]
  .bss               zero     0x2002'0748       0x4  memp.o [1]
  .bss               zero     0x2002'074c       0x4  memp.o [1]
  .bss               zero     0x2002'0750       0x4  memp.o [1]
  .bss               zero     0x2002'0754       0x4  netif.o [1]
  .bss               zero     0x2002'0758       0x4  netif.o [1]
  .bss               zero     0x2002'075c       0x4  port.o [1]
  .bss               zero     0x2002'0760       0x4  portcritical.o [1]
  .bss               zero     0x2002'0764       0x4  portserial_m.o [1]
  .bss               zero     0x2002'0768       0x4  porttimer_m.o [1]
  .bss               zero     0x2002'076c       0x4  stm32f4xx_hal.o [1]
  .bss               zero     0x2002'0770       0x4  sys_arch.o [1]
  .bss               zero     0x2002'0774       0x4  tasks.o [1]
  .bss               zero     0x2002'0778       0x4  tasks.o [1]
  .bss               zero     0x2002'077c       0x4  tasks.o [1]
  .bss               zero     0x2002'0780       0x4  tasks.o [1]
  .bss               zero     0x2002'0784       0x4  tasks.o [1]
  .bss               zero     0x2002'0788       0x4  tasks.o [1]
  .bss               zero     0x2002'078c       0x4  tasks.o [1]
  .bss               zero     0x2002'0790       0x4  tasks.o [1]
  .bss               zero     0x2002'0794       0x4  tasks.o [1]
  .bss               zero     0x2002'0798       0x4  tasks.o [1]
  .bss               zero     0x2002'079c       0x4  tasks.o [1]
  .bss               zero     0x2002'07a0       0x4  tasks.o [1]
  .bss               zero     0x2002'07a4       0x4  tasks.o [1]
  .bss               zero     0x2002'07a8       0x4  tasks.o [1]
  .bss               zero     0x2002'07ac       0x4  tasks.o [1]
  .bss               zero     0x2002'07b0       0x4  tcp.o [1]
  .bss               zero     0x2002'07b4       0x4  tcp.o [1]
  .bss               zero     0x2002'07b8       0x4  tcp.o [1]
  .bss               zero     0x2002'07bc       0x4  tcp.o [1]
  .bss               zero     0x2002'07c0       0x4  tcp.o [1]
  .bss               zero     0x2002'07c4       0x4  tcp_in.o [1]
  .bss               zero     0x2002'07c8       0x4  tcp_in.o [1]
  .bss               zero     0x2002'07cc       0x4  tcp_in.o [1]
  .bss               zero     0x2002'07d0       0x4  tcp_in.o [1]
  .bss               zero     0x2002'07d4       0x4  tcp_in.o [1]
  .bss               zero     0x2002'07d8       0x4  tcp_in.o [1]
  .bss               zero     0x2002'07dc       0x4  tcpip.o [1]
  .bss               zero     0x2002'07e0       0x4  tcpip.o [1]
  .bss               zero     0x2002'07e4       0x4  tcpip.o [1]
  .bss               zero     0x2002'07e8       0x4  tcpip.o [1]
  .bss               zero     0x2002'07ec       0x4  timeouts.o [1]
  .bss               zero     0x2002'07f0       0x4  timeouts.o [1]
  .bss               zero     0x2002'07f4       0x4  timeouts.o [1]
  .bss               zero     0x2002'07f8       0x4  udp.o [1]
  .bss               zero     0x2002'07fc       0x4  xfail_s.o [2]
  .bss               zero     0x2002'0800       0x4  xgetmemchunk.o [2]
  .bss               zero     0x2002'0804       0x2  ip4.o [1]
  .bss               zero     0x2002'0806       0x2  ip4_frag.o [1]
  .bss               zero     0x2002'0808       0x2  mb_m.o [1]
  .bss               zero     0x2002'080a       0x2  mbfuncother.o [1]
  .bss               zero     0x2002'080c       0x2  mbrtu_m.o [1]
  .bss               zero     0x2002'080e       0x2  mbrtu_m.o [1]
  .bss               zero     0x2002'0810       0x2  mbrtu_m.o [1]
  .bss               zero     0x2002'0812       0x2  portevent_m.o [1]
  .bss               zero     0x2002'0814       0x2  porttimer_m.o [1]
  .bss               zero     0x2002'0816       0x2  porttimer_m.o [1]
  .bss               zero     0x2002'0818       0x2  tcp_in.o [1]
  .bss               zero     0x2002'081a       0x2  tcp_in.o [1]
  .bss               zero     0x2002'081c       0x2  tcp_in.o [1]
  .bss               zero     0x2002'081e       0x2  tcp_in.o [1]
  .bss               zero     0x2002'0820       0x2  tcp_in.o [1]
  .bss               zero     0x2002'0822       0x2  user_mb_app_m.o [1]
  .bss               zero     0x2002'0824       0x2  user_mb_app_m.o [1]
  .bss               zero     0x2002'0826       0x2  user_mb_app_m.o [1]
  .bss               zero     0x2002'0828       0x1  dhcp.o [1]
  .bss               zero     0x2002'0829       0x1  etharp.o [1]
  .bss               zero     0x2002'082a       0x1  freertos.o [1]
  .bss               zero     0x2002'082b       0x1  mb_m.o [1]
  .bss               zero     0x2002'082c       0x1  mb_m.o [1]
  .bss               zero     0x2002'082d       0x1  mb_m.o [1]
  .bss               zero     0x2002'082e       0x1  mb_m.o [1]
  .bss               zero     0x2002'082f       0x1  mb_m.o [1]
  .bss               zero     0x2002'0830       0x1  mb_m.o [1]
  .bss               zero     0x2002'0831       0x1  mbrtu_m.o [1]
  .bss               zero     0x2002'0832       0x1  mbrtu_m.o [1]
  .bss               zero     0x2002'0833       0x1  mbrtu_m.o [1]
  .bss               zero     0x2002'0834       0x1  mbrtu_m.o [1]
  .bss               zero     0x2002'0835       0x1  netif.o [1]
  .bss               zero     0x2002'0836       0x1  pbuf.o [1]
  .bss               zero     0x2002'0837       0x1  port.o [1]
  .bss               zero     0x2002'0838       0x1  portevent_m.o [1]
  .bss               zero     0x2002'0839       0x1  portevent_m.o [1]
  .bss               zero     0x2002'083a       0x1  portserial_m.o [1]
  .bss               zero     0x2002'083b       0x1  tcp.o [1]
  .bss               zero     0x2002'083c       0x1  tcp.o [1]
  .bss               zero     0x2002'083d       0x1  tcp.o [1]
  .bss               zero     0x2002'083e       0x1  tcp_in.o [1]
  .bss               zero     0x2002'083f       0x1  tcp_in.o [1]
  .bss               zero     0x2002'0840       0x1  XShttio.o [2]
                            - 0x2002'0841  0x2'061d

"P2", part 3 of 3:                            0x600
  CSTACK                      0x2002'0848     0x400  <Block>
    CSTACK           uninit   0x2002'0848     0x400  <Block tail>
  HEAP                        0x2002'0c48     0x200  <Block>
    HEAP             uninit   0x2002'0c48     0x200  <Block tail>
                            - 0x2002'0e48     0x600

Unused ranges:

         From           To       Size
         ----           --       ----
   0x801'9010   0x81f'ffff  0x1e'6ff0
  0x2000'0222  0x2000'0223        0x2
  0x2002'0844  0x2002'0847        0x4
  0x2002'0e48  0x2002'ffff     0xf1b8


*******************************************************************************
*** INIT TABLE
***

          Address      Size
          -------      ----
Zero (__iar_zero_init3)
    1 destination range, total size 0x2'061d:
          0x2000'0224  0x2'061d

Copy/lz77 (__iar_lz77_init_single3)
    1 source range, total size 0xe8 (42% of destination):
           0x801'8f28      0xe8
    1 destination range, total size 0x222:
          0x2000'0000     0x222



*******************************************************************************
*** MODULE SUMMARY
***

    Module                        ro code  ro data  rw data
    ------                        -------  -------  -------
command line/config:
    -------------------------------------------------------
    Total:

D:\Kicads Schem\Main-mini\soft\EWARM\Main mini\Obj: [1]
    api_lib.o                       1'860      616
    api_msg.o                       4'924    1'223
    cmsis_os.o                      1'074
    def.o                              44
    dhcp.o                          5'714      921       65
    dns.o                           1'128      200    1'160
    etharp.o                        2'704      608      241
    ethernet.o                        300      192
    ethernetif.o                    1'514      148   12'524
    freertos.o                        828      176      829
    gpio.o                            216
    heap_4.o                          632        4  100'032
    icmp.o                            620      276
    init.o                             76      184
    ip.o                                                 24
    ip4.o                             996      180        2
    ip4_addr.o                        242        8       16
    ip4_frag.o                      2'408      580        6
    list.o                            152
    lwip.o                            188       44       80
    main.o                            294
    mb_m.o                            724       55      173
    mbcrc.o                            64      512
    mbfunccoils_m.o                   396
    mbfuncdisc_m.o                    146
    mbfuncholding_m.o                 656
    mbfuncinput_m.o                   118
    mbfuncother.o                      36                34
    mbrtu_m.o                         764               526
    mbutils.o                         124
    mem.o                           1'600      660    2'084
    memp.o                            304      468   12'856
    netbuf.o                          220      236
    netif.o                         1'068      436        9
    pbuf.o                          2'836    1'052        1
    port.o                            600        5        9
    portasm.o                         176
    portcritical.o                     36                 4
    portevent_m.o                     164                 4
    portserial_m.o                    192                 5
    porttimer_m.o                     124                 8
    queue.o                         2'768                64
    spi.o                             252                88
    startup_stm32f437xx.o             776
    stm32f4xx_hal.o                   128        3        9
    stm32f4xx_hal_cortex.o            232
    stm32f4xx_hal_dma.o               194
    stm32f4xx_hal_eth.o             3'164
    stm32f4xx_hal_gpio.o              576
    stm32f4xx_hal_msp.o                72
    stm32f4xx_hal_pwr_ex.o            124
    stm32f4xx_hal_rcc.o             1'536
    stm32f4xx_hal_spi.o               206
    stm32f4xx_hal_tim.o               964
    stm32f4xx_hal_tim_ex.o              4
    stm32f4xx_hal_timebase_tim.o      132                72
    stm32f4xx_hal_uart.o            2'612
    stm32f4xx_it.o                     96
    sys_arch.o                        572       40        4
    system_stm32f4xx.o                 28       26        4
    tasks.o                         2'832        8      300
    tcp.o                           5'278    1'834       29
    tcp_in.o                        6'800    1'180       52
    tcp_out.o                       6'324    2'104
    tcpip.o                           624      252       16
    tim.o                             208               144
    timeouts.o                        520      308       12
    udp.o                           2'024      821        6
    usart.o                           364               136
    user_mb_app_m.o                   568               726
    -------------------------------------------------------
    Total:                         76'240   15'360  132'354

dl7M_tlf.a: [2]
    XShHandles.o                      204               128
    XShttio.o                          60        3        9
    abort.o                             6
    exit.o                              4
    fclose.o                          126
    fflush.o                          172
    fputc.o                            84
    fseek.o                            36
    heap0.o                           312                 8
    heaptramp0.o                        4
    low_level_init.o                    4
    printf.o                           40
[...]
tcp_alloc                0x800'38e1      0xc0  Code  Gb  tcp.o [1]
tcp_arg                  0x800'39af       0x8  Code  Gb  tcp.o [1]
tcp_backoff              0x801'8ae0      0x10  Data  Lc  tcp.o [1]
tcp_bind                 0x800'2d81      0xdc  Code  Gb  tcp.o [1]
tcp_bound_pcbs          0x2002'07b4       0x4  Data  Gb  tcp.o [1]
tcp_close                0x800'2bb1      0x36  Code  Gb  tcp.o [1]
tcp_close_shutdown       0x800'29d1     0x144  Code  Lc  tcp.o [1]
tcp_close_shutdown_fin   0x800'2b15      0x9c  Code  Lc  tcp.o [1]
tcp_create_segment       0x800'3da9     0x11e  Code  Lc  tcp_out.o [1]
tcp_eff_send_mss_netif   0x800'3be9      0x54  Code  Gb  tcp.o [1]
tcp_enqueue_flags        0x800'4925     0x186  Code  Gb  tcp_out.o [1]
tcp_err                  0x800'3a07      0x26  Code  Gb  tcp.o [1]
tcp_fasttmr              0x800'35b1      0x7e  Code  Gb  tcp.o [1]
tcp_free                 0x800'28e7      0x26  Code  Gb  tcp.o [1]
tcp_free_acked_segments
                         0x800'101d      0xae  Code  Lc  tcp_in.o [1]
tcp_free_listen          0x800'290d      0x26  Code  Lc  tcp.o [1]
tcp_free_ooseq           0x800'3d59      0x16  Code  Gb  tcp.o [1]
tcp_get_next_optbyte     0x800'1ae1      0x3a  Code  Lc  tcp_in.o [1]
tcp_handle_closepend     0x800'38ad      0x28  Code  Lc  tcp.o [1]
tcp_init                 0x800'28d1      0x16  Code  Gb  tcp.o [1]
tcp_input                0x800'01ad     0x5b4  Code  Gb  tcp_in.o [1]
tcp_input_delayed_close
                         0x800'0761      0x56  Code  Lc  tcp_in.o [1]
tcp_input_pcb           0x2002'07d8       0x4  Data  Gb  tcp_in.o [1]
tcp_keepalive            0x800'547d      0x5a  Code  Gb  tcp_out.o [1]
tcp_kill_prio            0x800'37ad      0x60  Code  Lc  tcp.o [1]
tcp_kill_state           0x800'3811      0x66  Code  Lc  tcp.o [1]
tcp_kill_timewait        0x800'3877      0x32  Code  Lc  tcp.o [1]
tcp_listen_closed        0x800'297f      0x52  Code  Lc  tcp.o [1]
tcp_listen_input         0x800'07b7     0x13c  Code  Lc  tcp_in.o [1]
tcp_listen_pcbs         0x2002'07b8       0x4  Data  Gb  tcp.o [1]
tcp_listen_with_backlog_and_err
                         0x800'2e85      0xde  Code  Gb  tcp.o [1]
tcp_netif_ip_addr_changed
                         0x800'3c85      0x48  Code  Gb  tcp.o [1]
tcp_netif_ip_addr_changed_pcblist
                         0x800'3c45      0x36  Code  Lc  tcp.o [1]
tcp_new_ip_type          0x800'39a5       0xa  Code  Gb  tcp.o [1]
tcp_new_port             0x800'3053      0x5e  Code  Lc  tcp.o [1]
tcp_next_iss             0x800'3bb5      0x24  Code  Gb  tcp.o [1]
tcp_next_iss::iss       0x2000'0090       0x4  Data  Lc  tcp.o [1]
tcp_oos_insert_segment   0x800'0f6d      0xa0  Code  Lc  tcp_in.o [1]
tcp_optidx              0x2002'081c       0x2  Data  Lc  tcp_in.o [1]
tcp_output               0x800'4ac9     0x2b8  Code  Gb  tcp_out.o [1]
tcp_output_alloc_header
                         0x800'51f7      0x50  Code  Lc  tcp_out.o [1]
tcp_output_alloc_header_common
                         0x800'5149      0xae  Code  Lc  tcp_out.o [1]
tcp_output_control_segment
                         0x800'52cd      0x62  Code  Lc  tcp_out.o [1]
tcp_output_fill_options
                         0x800'5259      0x6e  Code  Lc  tcp_out.o [1]
tcp_output_segment       0x800'4db9     0x15c  Code  Lc  tcp_out.o [1]
tcp_output_segment_busy
                         0x800'4d85      0x2c  Code  Lc  tcp_out.o [1]
tcp_parseopt             0x800'1b21      0x9c  Code  Lc  tcp_in.o [1]
tcp_pbuf_prealloc        0x800'3ec7      0xd8  Code  Lc  tcp_out.o [1]
tcp_pcb_lists            0x801'8af0      0x10  Data  Gb  tcp.o [1]
tcp_pcb_purge            0x800'3a75      0x68  Code  Gb  tcp.o [1]
tcp_pcb_remove           0x800'3aed      0xc2  Code  Gb  tcp.o [1]
tcp_persist_backoff      0x801'8db4       0x8  Data  Lc  tcp.o [1]
tcp_poll                 0x800'3a3d      0x38  Code  Gb  tcp.o [1]
tcp_port                0x2000'021c       0x2  Data  Lc  tcp.o [1]
tcp_process              0x800'09c5     0x58e  Code  Lc  tcp_in.o [1]
tcp_process_refused_data
                         0x800'3635      0xb0  Code  Gb  tcp.o [1]
tcp_receive              0x800'1115     0x9cc  Code  Lc  tcp_in.o [1]
tcp_recv                 0x800'39b7      0x28  Code  Gb  tcp.o [1]
tcp_recv_null            0x800'375f      0x44  Code  Gb  tcp.o [1]
tcp_recved               0x800'2fdd      0x76  Code  Gb  tcp.o [1]
tcp_remove_listener      0x800'294f      0x30  Code  Lc  tcp.o [1]
tcp_rexmit               0x800'5025      0x92  Code  Gb  tcp_out.o [1]
tcp_rexmit_fast          0x800'50bd      0x86  Code  Gb  tcp_out.o [1]
tcp_rexmit_rto           0x800'4fed      0x2e  Code  Gb  tcp_out.o [1]
tcp_rexmit_rto_commit    0x800'4fb7      0x36  Code  Gb  tcp_out.o [1]
tcp_rexmit_rto_prepare   0x800'4f21      0x96  Code  Gb  tcp_out.o [1]
tcp_route                0x800'3d8d      0x1c  Code  Lc  tcp_out.o [1]
tcp_rst                  0x800'532f      0x8c  Code  Gb  tcp_out.o [1]
tcp_seg_copy             0x800'371d      0x42  Code  Gb  tcp.o [1]
tcp_seg_free             0x800'36ff      0x1e  Code  Gb  tcp.o [1]
tcp_segs_free            0x800'36ed      0x12  Code  Gb  tcp.o [1]
tcp_send_empty_ack       0x800'53c1      0xae  Code  Gb  tcp_out.o [1]
tcp_send_fin             0x800'48ab      0x5e  Code  Gb  tcp_out.o [1]
tcp_sent                 0x800'39df      0x28  Code  Gb  tcp.o [1]
tcp_server               0x800'ff35     0x156  Code  Gb  freertos.o [1]
tcp_shutdown             0x800'2be7      0x82  Code  Gb  tcp.o [1]
tcp_slowtmr              0x800'30fd     0x4a2  Code  Gb  tcp.o [1]
tcp_split_unsent_seg     0x800'46a7     0x204  Code  Gb  tcp_out.o [1]
tcp_ticks               0x2002'07b0       0x4  Data  Gb  tcp.o [1]
tcp_timer               0x2002'083c       0x1  Data  Lc  tcp.o [1]
tcp_timer_ctr           0x2002'083d       0x1  Data  Lc  tcp.o [1]
tcp_timer_needed         0x800'566b      0x2a  Code  Gb  timeouts.o [1]
tcp_timewait_input       0x800'08f3      0xa0  Code  Lc  tcp_in.o [1]
tcp_tmr                  0x800'2933      0x1c  Code  Gb  tcp.o [1]
tcp_trigger_input_pcb_close
                         0x800'1bbd       0xc  Code  Gb  tcp_in.o [1]
tcp_tw_pcbs             0x2002'07c0       0x4  Data  Gb  tcp.o [1]
tcp_update_rcv_ann_wnd   0x800'2f63      0x7a  Code  Gb  tcp.o [1]
tcp_write                0x800'4063     0x644  Code  Gb  tcp_out.o [1]
tcp_write_checks         0x800'3f9f      0xc4  Code  Lc  tcp_out.o [1]
tcp_zero_window_probe    0x800'54e9      0xea  Code  Gb  tcp_out.o [1]
tcphdr                  0x2002'07c4       0x4  Data  Lc  tcp_in.o [1]
tcphdr_opt1len          0x2002'081a       0x2  Data  Lc  tcp_in.o [1]
tcphdr_opt2             0x2002'07c8       0x4  Data  Lc  tcp_in.o [1]
tcphdr_optlen           0x2002'0818       0x2  Data  Lc  tcp_in.o [1]
tcpip_init               0x800'7111      0x58  Code  Gb  tcpip.o [1]
tcpip_init_done         0x2002'07dc       0x4  Data  Lc  tcpip.o [1]
tcpip_init_done_arg     0x2002'07e0       0x4  Data  Lc  tcpip.o [1]
tcpip_inpkt              0x800'7021      0x60  Code  Gb  tcpip.o [1]
tcpip_input              0x800'7081      0x1c  Code  Gb  tcpip.o [1]
tcpip_mbox              0x2002'07e4       0x4  Data  Lc  tcpip.o [1]
tcpip_send_msg_wait_sem
                         0x800'70f5      0x1c  Code  Gb  tcpip.o [1]
tcpip_tcp_timer          0x800'5641      0x2a  Code  Lc  timeouts.o [1]
tcpip_tcp_timer_active  0x2002'07f4       0x4  Data  Lc  timeouts.o [1]
tcpip_thread             0x800'6f91      0x3c  Code  Lc  tcpip.o [1]
tcpip_thread_handle_msg
                         0x800'6fcd      0x54  Code  Lc  tcpip.o [1]
tcpip_timeouts_mbox_fetch
                         0x800'6f31      0x60  Code  Lc  tcpip.o [1]
tcpip_try_callback       0x800'709d      0x58  Code  Gb  tcpip.o [1]
tcplen                  0x2002'0820       0x2  Data  Lc  tcp_in.o [1]
tim                     0x2002'0768       0x4  Data  Gb  porttimer_m.o [1]
timeout                 0x2002'0814       0x2  Data  Lc  porttimer_m.o [1]
ttio_guard              0x2002'0840       0x1  Data  Lc  XShttio.o [2]
uart                    0x2002'0764       0x4  Data  Gb  portserial_m.o [1]
ucHeap                  0x2000'0224  0x1'86a0  Data  Lc  heap_4.o [1]
ucMBMasterDestAddress   0x2002'082b       0x1  Data  Lc  mb_m.o [1]
ucMBMasterGetDestAddress
                         0x801'0617       0x6  Code  Gb  mb_m.o [1]
ucMBSlaveID             0x2002'0584      0x20  Data  Lc  mbfuncother.o [1]
ucMDiscInBuf            0x2002'0650      0x10  Data  Gb  user_mb_app_m.o [1]
ucMasterRTURcvBuf       0x2001'f7f8     0x100  Data  Lc  mbrtu_m.o [1]
ucMasterRTUSndBuf       0x2001'f6f8     0x100  Data  Lc  mbrtu_m.o [1]
ucMaxSysCallPriority    0x2002'0837       0x1  Data  Lc  port.o [1]
udp_bind                 0x800'93c3      0xac  Code  Gb  udp.o [1]
udp_connect              0x800'946f      0x88  Code  Gb  udp.o [1]
udp_init                 0x800'8e45      0x16  Code  Gb  udp.o [1]
udp_input                0x800'8f47     0x1b4  Code  Gb  udp.o [1]
udp_input_local_match    0x800'8ea7      0xa0  Code  Lc  udp.o [1]
udp_netif_ip_addr_changed
                         0x800'9587      0x32  Code  Gb  udp.o [1]
udp_new                  0x800'955d      0x22  Code  Gb  udp.o [1]
udp_new_ip_type          0x800'957f       0x8  Code  Gb  udp.o [1]
udp_new_port             0x800'8e5b      0x4c  Code  Lc  udp.o [1]
udp_pcbs                0x2002'07f8       0x4  Data  Gb  udp.o [1]
udp_port                0x2000'021e       0x2  Data  Lc  udp.o [1]
udp_recv                 0x800'94f7      0x1c  Code  Gb  udp.o [1]
udp_remove               0x800'9513      0x4a  Code  Gb  udp.o [1]
udp_sendto               0x800'90fb      0x94  Code  Gb  udp.o [1]
udp_sendto_if            0x800'918f      0xb0  Code  Gb  udp.o [1]
udp_sendto_if_src        0x800'923f     0x184  Code  Gb  udp.o [1]
ulMaxPRIGROUPValue      0x2002'075c       0x4  Data  Lc  port.o [1]
usMBCRC16                0x801'3231      0x40  Code  Gb  mbcrc.o [1]
usMBMasterGetPDUSndLength
                         0x801'17f3       0x6  Code  Gb  mbrtu_m.o [1]
usMBSlaveIDLen          0x2002'080a       0x2  Data  Lc  mbfuncother.o [1]
usMDiscInStart          0x2002'0822       0x2  Data  Gb  user_mb_app_m.o [1]
usMRegHoldBuf           0x2001'edcc     0x280  Data  Gb  user_mb_app_m.o [1]
usMRegHoldStart         0x2002'0826       0x2  Data  Gb  user_mb_app_m.o [1]
usMRegInBuf             0x2002'0490      0x40  Data  Gb  user_mb_app_m.o [1]
usMRegInStart           0x2002'0824       0x2  Data  Gb  user_mb_app_m.o [1]
usMasterRcvBufferPos    0x2002'0810       0x2  Data  Lc  mbrtu_m.o [1]
usMasterSendPDULength   0x2002'080c       0x2  Data  Lc  mbrtu_m.o [1]
usMasterSndBufferCount  0x2002'080e       0x2  Data  Lc  mbrtu_m.o [1]
uwTick                  0x2002'076c       0x4  Data  Gb  stm32f4xx_hal.o [1]
uwTickFreq              0x2000'0221       0x1  Data  Gb  stm32f4xx_hal.o [1]
uwTickPrio              0x2000'0088       0x4  Data  Gb  stm32f4xx_hal.o [1]
uxCriticalNesting       0x2000'0084       0x4  Data  Lc  port.o [1]
uxCurrentNumberOfTasks  0x2002'0784       0x4  Data  Lc  tasks.o [1]
uxDeletedTasksWaitingCleanUp
                        0x2002'0780       0x4  Data  Lc  tasks.o [1]
uxListRemove             0x800'fb33      0x26  Code  Gb  list.o [1]
uxQueueMessagesWaiting   0x800'edff      0x26  Code  Gb  queue.o [1]
uxQueueMessagesWaitingFromISR
                         0x800'ee25      0x18  Code  Gb  queue.o [1]
uxSchedulerSuspended    0x2002'07ac       0x4  Data  Lc  tasks.o [1]
uxTaskNumber            0x2002'07a0       0x4  Data  Lc  tasks.o [1]
uxTopReadyPriority      0x2002'078c       0x4  Data  Lc  tasks.o [1]
vApplicationGetIdleTaskMemory
                         0x800'fdb1       0xe  Code  Gb  freertos.o [1]
vListInitialise          0x800'fac1      0x1e  Code  Gb  list.o [1]
vListInitialiseItem      0x800'fadf       0x6  Code  Gb  list.o [1]
vListInsert              0x800'fafd      0x36  Code  Gb  list.o [1]
vListInsertEnd           0x800'fae5      0x18  Code  Gb  list.o [1]
vMBMasterCBRequestScuuess
                         0x801'189b       0xa  Code  Gb  portevent_m.o [1]
vMBMasterErrorCBExecuteFunction
                         0x801'188f       0xc  Code  Gb  portevent_m.o [1]
vMBMasterErrorCBReceiveData
                         0x801'1885       0xa  Code  Gb  portevent_m.o [1]
vMBMasterErrorCBRespondTimeout
                         0x801'187b       0xa  Code  Gb  portevent_m.o [1]
vMBMasterGetPDUSndBuf    0x801'17e7       0x6  Code  Gb  mbrtu_m.o [1]
vMBMasterOsResInit       0x801'186d       0x2  Code  Gb  portevent_m.o [1]
vMBMasterPortSerialEnable
                         0x801'30fd      0x50  Code  Gb  portserial_m.o [1]
vMBMasterPortTimersConvertDelayEnable
                         0x801'31d9       0xa  Code  Gb  porttimer_m.o [1]
vMBMasterPortTimersDisable
                         0x801'31ed       0xc  Code  Gb  porttimer_m.o [1]
vMBMasterPortTimersRespondTimeoutEnable
                         0x801'31e3       0xa  Code  Gb  porttimer_m.o [1]
vMBMasterPortTimersT35Enable
                         0x801'31c1      0x18  Code  Gb  porttimer_m.o [1]
vMBMasterRunResRelease   0x801'1873       0x8  Code  Gb  portevent_m.o [1]
vMBMasterSetCBRunInMasterMode
                         0x801'0611       0x6  Code  Gb  mb_m.o [1]
vMBMasterSetCurTimerMode
                         0x801'17f9       0x6  Code  Gb  mbrtu_m.o [1]
vMBMasterSetDestAddress
                         0x801'061d       0x6  Code  Gb  mb_m.o [1]
vMBMasterSetErrorType    0x801'0629       0x6  Code  Gb  mb_m.o [1]
vMBMasterSetPDUSndLength
                         0x801'17ed       0x6  Code  Gb  mbrtu_m.o [1]
vPortEnableVFP           0x801'02e9            Code  Gb  portasm.o [1]
vPortEnterCritical       0x800'fc79      0x34  Code  Gb  port.o [1]
vPortExitCritical        0x800'fcad      0x2c  Code  Gb  port.o [1]
vPortFree                0x800'f965      0x7a  Code  Gb  heap_4.o [1]
vPortStartFirstTask      0x801'02c9            Code  Gb  portasm.o [1]
vPortValidateInterruptPriority
                         0x800'fd01      0x4a  Code  Gb  port.o [1]
vQueueDelete             0x800'ee3d      0x2e  Code  Gb  queue.o [1]
vQueueUnregisterQueue    0x800'efd7      0x26  Code  Gb  queue.o [1]
vTaskDelay               0x800'dc6b      0x4c  Code  Gb  tasks.o [1]
vTaskInternalSetTimeOutState
                         0x800'e055      0x12  Code  Gb  tasks.o [1]
vTaskMissedYield         0x800'e0f3       0xa  Code  Gb  tasks.o [1]
vTaskPlaceOnEventList    0x800'dfad      0x2e  Code  Gb  tasks.o [1]
vTaskPriorityDisinheritAfterTimeout
                         0x800'e3a1      0xaa  Code  Gb  tasks.o [1]
vTaskStartScheduler      0x800'dcb7      0x8e  Code  Gb  tasks.o [1]
vTaskSuspendAll          0x800'dd45       0xc  Code  Gb  tasks.o [1]
vTaskSwitchContext       0x800'df41      0x6c  Code  Gb  tasks.o [1]
xBlockAllocatedBit      0x2002'06cc       0x4  Data  Lc  heap_4.o [1]
xDelayedTaskList1       0x2002'05bc      0x14  Data  Lc  tasks.o [1]
xDelayedTaskList2       0x2002'05d0      0x14  Data  Lc  tasks.o [1]
xEventInQueue           0x2002'0838       0x1  Data  Lc  portevent_m.o [1]
xFrameIsBroadcast       0x2002'0833       0x1  Data  Lc  mbrtu_m.o [1]
xFreeBytesRemaining     0x2002'06bc       0x4  Data  Lc  heap_4.o [1]
xHeapStructSize          0x801'8dcc       0x4  Data  Lc  heap_4.o [1]
xIdleStack              0x2001'f04c     0x200  Data  Lc  freertos.o [1]
xIdleTaskHandle         0x2002'07a8       0x4  Data  Lc  tasks.o [1]
xIdleTaskTCBBuffer      0x2002'01b4      0x54  Data  Lc  freertos.o [1]
xMBMasterPortEventGet    0x801'1851      0x1c  Code  Gb  portevent_m.o [1]
xMBMasterPortEventInit   0x801'1839       0xa  Code  Gb  portevent_m.o [1]
xMBMasterPortEventPost   0x801'1843       0xe  Code  Gb  portevent_m.o [1]
xMBMasterPortSerialGetByte
                         0x801'3161       0xa  Code  Gb  portserial_m.o [1]
xMBMasterPortSerialInit
                         0x801'30f5       0x8  Code  Gb  portserial_m.o [1]
xMBMasterPortSerialPutBytes
                         0x801'314d      0x14  Code  Gb  portserial_m.o [1]
xMBMasterPortTimersInit
                         0x801'31b5       0xc  Code  Gb  porttimer_m.o [1]
xMBMasterRTUReceiveFSM   0x801'1683      0x7e  Code  Gb  mbrtu_m.o [1]
xMBMasterRTUTimerExpired
                         0x801'176b      0x7c  Code  Gb  mbrtu_m.o [1]
xMBMasterRTUTransmitFSM
                         0x801'1701      0x6a  Code  Gb  mbrtu_m.o [1]
xMBMasterRequestIsBroadcast
                         0x801'17ff       0x6  Code  Gb  mbrtu_m.o [1]
xMBMasterRunResTake      0x801'186f       0x4  Code  Gb  portevent_m.o [1]
xMBRunInMasterMode      0x2002'082c       0x1  Data  Lc  mb_m.o [1]
xMBUtilSetBits           0x801'1b15      0x5a  Code  Gb  mbutils.o [1]
xMasterFuncHandlers     0x2000'0004      0x80  Data  Lc  mb_m.o [1]
xMinimumEverFreeBytesRemaining
                        0x2002'06c0       0x4  Data  Lc  heap_4.o [1]
xNeedPoll               0x2002'0839       0x1  Data  Gb  portevent_m.o [1]
xNextTaskUnblockTime    0x2002'07a4       0x4  Data  Lc  tasks.o [1]
xNumOfOverflows         0x2002'079c       0x4  Data  Lc  tasks.o [1]
xNumberOfSuccessfulAllocations
                        0x2002'06c4       0x4  Data  Lc  heap_4.o [1]
xNumberOfSuccessfulFrees
                        0x2002'06c8       0x4  Data  Lc  heap_4.o [1]
xPendedTicks            0x2002'0794       0x4  Data  Lc  tasks.o [1]
xPendingReadyList       0x2002'05e4      0x14  Data  Lc  tasks.o [1]
xPortStartScheduler      0x800'fbab      0xce  Code  Gb  port.o [1]
xQueueCreateMutex        0x800'e6f3      0x1a  Code  Gb  queue.o [1]
xQueueCreateMutexStatic
                         0x800'e70d      0x20  Code  Gb  queue.o [1]
xQueueGenericCreate      0x800'e66f      0x4a  Code  Gb  queue.o [1]
xQueueGenericCreateStatic
                         0x800'e5c7      0xa8  Code  Gb  queue.o [1]
xQueueGenericReset       0x800'e535      0x92  Code  Gb  queue.o [1]
xQueueGenericSend        0x800'e72d     0x196  Code  Gb  queue.o [1]
xQueueGenericSendFromISR
                         0x800'e8c3      0xe0  Code  Gb  queue.o [1]
xQueueGiveFromISR        0x800'e9a3      0xb8  Code  Gb  queue.o [1]
xQueueReceive            0x800'ea5b     0x15a  Code  Gb  queue.o [1]
xQueueReceiveFromISR     0x800'ed51      0xae  Code  Gb  queue.o [1]
xQueueRegistry          0x2002'0450      0x40  Data  Gb  queue.o [1]
xQueueSemaphoreTake      0x800'ebb5     0x196  Code  Gb  queue.o [1]
xSchedulerRunning       0x2002'0790       0x4  Data  Lc  tasks.o [1]
xStart                  0x2002'0674       0x8  Data  Lc  heap_4.o [1]
xSuspendedTaskList      0x2002'060c      0x14  Data  Lc  tasks.o [1]
xTaskCheckForTimeOut     0x800'e071      0x82  Code  Gb  tasks.o [1]
xTaskCreate              0x800'daa9      0x72  Code  Gb  tasks.o [1]
xTaskCreateStatic        0x800'da25      0x84  Code  Gb  tasks.o [1]
xTaskGetSchedulerState   0x800'e233      0x20  Code  Gb  tasks.o [1]
xTaskGetTickCount        0x800'de35       0x8  Code  Gb  tasks.o [1]
xTaskGetTickCountFromISR
                         0x800'de3d      0x10  Code  Gb  tasks.o [1]
xTaskIncrementTick       0x800'de4d      0xf4  Code  Gb  tasks.o [1]
xTaskPriorityDisinherit
                         0x800'e2ed      0xae  Code  Gb  tasks.o [1]
xTaskPriorityInherit     0x800'e253      0x96  Code  Gb  tasks.o [1]
xTaskRemoveFromEventList
                         0x800'dfdb      0x7a  Code  Gb  tasks.o [1]
xTaskResumeAll           0x800'dd51      0xe4  Code  Gb  tasks.o [1]
xTasksWaitingTermination
                        0x2002'05f8      0x14  Data  Lc  tasks.o [1]
xTickCount              0x2002'0788       0x4  Data  Lc  tasks.o [1]
xYieldPending           0x2002'0798       0x4  Data  Lc  tasks.o [1]


[1] = D:\Kicads Schem\Main-mini\soft\EWARM\Main mini\Obj
[2] = dl7M_tlf.a
[3] = m7M_tls.a
[4] = rt7M_tl.a
[5] = shb_l.a

   86'848 bytes of readonly  code memory
   15'568 bytes of readonly  data memory
  134'719 bytes of readwrite data memory

Errors: none
Warnings: none
